<?xml version="1.0" encoding="ISO-8859-1" ?>
<link_info>
   <banner>TI ARM Linker PC v20.2.7.LTS</banner>
   <copyright>Copyright (c) 1996-2018 Texas Instruments Incorporated</copyright>
   <link_time>0x654a05be</link_time>
   <link_errors>0x0</link_errors>
   <output_file>FreeRTOS_project.out</output_file>
   <entry_point>
      <name>_c_int00_noargs</name>
      <address>0x61dd</address>
   </entry_point>
   <input_file_list>
      <input_file id="fl-2">
         <path>.\</path>
         <kind>object</kind>
         <file>tm4c129encpdt_startup_ccs.obj</file>
         <name>tm4c129encpdt_startup_ccs.obj</name>
      </input_file>
      <input_file id="fl-3">
         <path>.\Core\src\</path>
         <kind>object</kind>
         <file>main.obj</file>
         <name>main.obj</name>
      </input_file>
      <input_file id="fl-4">
         <path>.\Core\src\</path>
         <kind>object</kind>
         <file>queueExamples.obj</file>
         <name>queueExamples.obj</name>
      </input_file>
      <input_file id="fl-5">
         <path>.\Core\src\</path>
         <kind>object</kind>
         <file>semaphoreExamples.obj</file>
         <name>semaphoreExamples.obj</name>
      </input_file>
      <input_file id="fl-6">
         <path>.\Core\src\</path>
         <kind>object</kind>
         <file>taskExamples.obj</file>
         <name>taskExamples.obj</name>
      </input_file>
      <input_file id="fl-7">
         <path>.\Driverlib\</path>
         <kind>object</kind>
         <file>cpu.obj</file>
         <name>cpu.obj</name>
      </input_file>
      <input_file id="fl-8">
         <path>.\Driverlib\</path>
         <kind>object</kind>
         <file>eeprom.obj</file>
         <name>eeprom.obj</name>
      </input_file>
      <input_file id="fl-9">
         <path>.\Driverlib\</path>
         <kind>object</kind>
         <file>flash.obj</file>
         <name>flash.obj</name>
      </input_file>
      <input_file id="fl-a">
         <path>.\Driverlib\</path>
         <kind>object</kind>
         <file>gpio.obj</file>
         <name>gpio.obj</name>
      </input_file>
      <input_file id="fl-b">
         <path>.\Driverlib\</path>
         <kind>object</kind>
         <file>interrupt.obj</file>
         <name>interrupt.obj</name>
      </input_file>
      <input_file id="fl-c">
         <path>.\Driverlib\</path>
         <kind>object</kind>
         <file>sysctl.obj</file>
         <name>sysctl.obj</name>
      </input_file>
      <input_file id="fl-d">
         <path>.\Driverlib\</path>
         <kind>object</kind>
         <file>systick.obj</file>
         <name>systick.obj</name>
      </input_file>
      <input_file id="fl-e">
         <path>.\Driverlib\</path>
         <kind>object</kind>
         <file>timer.obj</file>
         <name>timer.obj</name>
      </input_file>
      <input_file id="fl-f">
         <path>.\ThirdParty\FreeRTOS\Source\</path>
         <kind>object</kind>
         <file>croutine.obj</file>
         <name>croutine.obj</name>
      </input_file>
      <input_file id="fl-10">
         <path>.\ThirdParty\FreeRTOS\Source\</path>
         <kind>object</kind>
         <file>event_groups.obj</file>
         <name>event_groups.obj</name>
      </input_file>
      <input_file id="fl-11">
         <path>.\ThirdParty\FreeRTOS\Source\</path>
         <kind>object</kind>
         <file>list.obj</file>
         <name>list.obj</name>
      </input_file>
      <input_file id="fl-12">
         <path>.\ThirdParty\FreeRTOS\Source\</path>
         <kind>object</kind>
         <file>queue.obj</file>
         <name>queue.obj</name>
      </input_file>
      <input_file id="fl-13">
         <path>.\ThirdParty\FreeRTOS\Source\</path>
         <kind>object</kind>
         <file>tasks.obj</file>
         <name>tasks.obj</name>
      </input_file>
      <input_file id="fl-14">
         <path>.\ThirdParty\FreeRTOS\Source\</path>
         <kind>object</kind>
         <file>timers.obj</file>
         <name>timers.obj</name>
      </input_file>
      <input_file id="fl-15">
         <path>.\ThirdParty\FreeRTOS\Source\portable\CCS\ARM_CM4F\</path>
         <kind>object</kind>
         <file>port.obj</file>
         <name>port.obj</name>
      </input_file>
      <input_file id="fl-16">
         <path>.\ThirdParty\FreeRTOS\Source\portable\CCS\ARM_CM4F\</path>
         <kind>object</kind>
         <file>portasm.obj</file>
         <name>portasm.obj</name>
      </input_file>
      <input_file id="fl-17">
         <path>.\ThirdParty\FreeRTOS\Source\portable\MemMang\</path>
         <kind>object</kind>
         <file>heap_4.obj</file>
         <name>heap_4.obj</name>
      </input_file>
      <input_file id="fl-1b">
         <kind>object</kind>
         <file>&lt;internal&gt;</file>
         <name>&lt;internal&gt;</name>
      </input_file>
      <input_file id="fl-d1">
         <path>C:\ti\ccs1240\ccs\tools\compiler\ti-cgt-arm_20.2.7.LTS\lib\</path>
         <kind>archive</kind>
         <file>rtsv7M4_T_le_v4SPD16_eabi.lib</file>
         <name>printf.c.obj</name>
      </input_file>
      <input_file id="fl-d2">
         <path>C:\ti\ccs1240\ccs\tools\compiler\ti-cgt-arm_20.2.7.LTS\lib\</path>
         <kind>archive</kind>
         <file>rtsv7M4_T_le_v4SPD16_eabi.lib</file>
         <name>_printfi.c.obj</name>
      </input_file>
      <input_file id="fl-d3">
         <path>C:\ti\ccs1240\ccs\tools\compiler\ti-cgt-arm_20.2.7.LTS\lib\</path>
         <kind>archive</kind>
         <file>rtsv7M4_T_le_v4SPD16_eabi.lib</file>
         <name>fflush.c.obj</name>
      </input_file>
      <input_file id="fl-d4">
         <path>C:\ti\ccs1240\ccs\tools\compiler\ti-cgt-arm_20.2.7.LTS\lib\</path>
         <kind>archive</kind>
         <file>rtsv7M4_T_le_v4SPD16_eabi.lib</file>
         <name>fputc.c.obj</name>
      </input_file>
      <input_file id="fl-d5">
         <path>C:\ti\ccs1240\ccs\tools\compiler\ti-cgt-arm_20.2.7.LTS\lib\</path>
         <kind>archive</kind>
         <file>rtsv7M4_T_le_v4SPD16_eabi.lib</file>
         <name>fputs.c.obj</name>
      </input_file>
      <input_file id="fl-d6">
         <path>C:\ti\ccs1240\ccs\tools\compiler\ti-cgt-arm_20.2.7.LTS\lib\</path>
         <kind>archive</kind>
         <file>rtsv7M4_T_le_v4SPD16_eabi.lib</file>
         <name>_io_perm.c.obj</name>
      </input_file>
      <input_file id="fl-d7">
         <path>C:\ti\ccs1240\ccs\tools\compiler\ti-cgt-arm_20.2.7.LTS\lib\</path>
         <kind>archive</kind>
         <file>rtsv7M4_T_le_v4SPD16_eabi.lib</file>
         <name>setvbuf.c.obj</name>
      </input_file>
      <input_file id="fl-d8">
         <path>C:\ti\ccs1240\ccs\tools\compiler\ti-cgt-arm_20.2.7.LTS\lib\</path>
         <kind>archive</kind>
         <file>rtsv7M4_T_le_v4SPD16_eabi.lib</file>
         <name>fd_add_t2.asm.obj</name>
      </input_file>
      <input_file id="fl-d9">
         <path>C:\ti\ccs1240\ccs\tools\compiler\ti-cgt-arm_20.2.7.LTS\lib\</path>
         <kind>archive</kind>
         <file>rtsv7M4_T_le_v4SPD16_eabi.lib</file>
         <name>fd_cmp_t2.asm.obj</name>
      </input_file>
      <input_file id="fl-da">
         <path>C:\ti\ccs1240\ccs\tools\compiler\ti-cgt-arm_20.2.7.LTS\lib\</path>
         <kind>archive</kind>
         <file>rtsv7M4_T_le_v4SPD16_eabi.lib</file>
         <name>fd_div_t2.asm.obj</name>
      </input_file>
      <input_file id="fl-db">
         <path>C:\ti\ccs1240\ccs\tools\compiler\ti-cgt-arm_20.2.7.LTS\lib\</path>
         <kind>archive</kind>
         <file>rtsv7M4_T_le_v4SPD16_eabi.lib</file>
         <name>fd_mul_t2.asm.obj</name>
      </input_file>
      <input_file id="fl-dc">
         <path>C:\ti\ccs1240\ccs\tools\compiler\ti-cgt-arm_20.2.7.LTS\lib\</path>
         <kind>archive</kind>
         <file>rtsv7M4_T_le_v4SPD16_eabi.lib</file>
         <name>fd_toi_t2.asm.obj</name>
      </input_file>
      <input_file id="fl-dd">
         <path>C:\ti\ccs1240\ccs\tools\compiler\ti-cgt-arm_20.2.7.LTS\lib\</path>
         <kind>archive</kind>
         <file>rtsv7M4_T_le_v4SPD16_eabi.lib</file>
         <name>i_tofd_t2.asm.obj</name>
      </input_file>
      <input_file id="fl-de">
         <path>C:\ti\ccs1240\ccs\tools\compiler\ti-cgt-arm_20.2.7.LTS\lib\</path>
         <kind>archive</kind>
         <file>rtsv7M4_T_le_v4SPD16_eabi.lib</file>
         <name>memcpy_t2.asm.obj</name>
      </input_file>
      <input_file id="fl-df">
         <path>C:\ti\ccs1240\ccs\tools\compiler\ti-cgt-arm_20.2.7.LTS\lib\</path>
         <kind>archive</kind>
         <file>rtsv7M4_T_le_v4SPD16_eabi.lib</file>
         <name>memset_t2.asm.obj</name>
      </input_file>
      <input_file id="fl-e0">
         <path>C:\ti\ccs1240\ccs\tools\compiler\ti-cgt-arm_20.2.7.LTS\lib\</path>
         <kind>archive</kind>
         <file>rtsv7M4_T_le_v4SPD16_eabi.lib</file>
         <name>ull_div_t2.asm.obj</name>
      </input_file>
      <input_file id="fl-e1">
         <path>C:\ti\ccs1240\ccs\tools\compiler\ti-cgt-arm_20.2.7.LTS\lib\</path>
         <kind>archive</kind>
         <file>rtsv7M4_T_le_v4SPD16_eabi.lib</file>
         <name>copy_zero_init.c.obj</name>
      </input_file>
      <input_file id="fl-e2">
         <path>C:\ti\ccs1240\ccs\tools\compiler\ti-cgt-arm_20.2.7.LTS\lib\</path>
         <kind>archive</kind>
         <file>rtsv7M4_T_le_v4SPD16_eabi.lib</file>
         <name>copy_decompress_none.c.obj</name>
      </input_file>
      <input_file id="fl-e3">
         <path>C:\ti\ccs1240\ccs\tools\compiler\ti-cgt-arm_20.2.7.LTS\lib\</path>
         <kind>archive</kind>
         <file>rtsv7M4_T_le_v4SPD16_eabi.lib</file>
         <name>copy_decompress_lzss.c.obj</name>
      </input_file>
      <input_file id="fl-e4">
         <path>C:\ti\ccs1240\ccs\tools\compiler\ti-cgt-arm_20.2.7.LTS\lib\</path>
         <kind>archive</kind>
         <file>rtsv7M4_T_le_v4SPD16_eabi.lib</file>
         <name>exit.c.obj</name>
      </input_file>
      <input_file id="fl-e5">
         <path>C:\ti\ccs1240\ccs\tools\compiler\ti-cgt-arm_20.2.7.LTS\lib\</path>
         <kind>archive</kind>
         <file>rtsv7M4_T_le_v4SPD16_eabi.lib</file>
         <name>_lock.c.obj</name>
      </input_file>
      <input_file id="fl-e6">
         <path>C:\ti\ccs1240\ccs\tools\compiler\ti-cgt-arm_20.2.7.LTS\lib\</path>
         <kind>archive</kind>
         <file>rtsv7M4_T_le_v4SPD16_eabi.lib</file>
         <name>_ltoa.c.obj</name>
      </input_file>
      <input_file id="fl-e7">
         <path>C:\ti\ccs1240\ccs\tools\compiler\ti-cgt-arm_20.2.7.LTS\lib\</path>
         <kind>archive</kind>
         <file>rtsv7M4_T_le_v4SPD16_eabi.lib</file>
         <name>atoi.c.obj</name>
      </input_file>
      <input_file id="fl-e8">
         <path>C:\ti\ccs1240\ccs\tools\compiler\ti-cgt-arm_20.2.7.LTS\lib\</path>
         <kind>archive</kind>
         <file>rtsv7M4_T_le_v4SPD16_eabi.lib</file>
         <name>ctype.c.obj</name>
      </input_file>
      <input_file id="fl-e9">
         <path>C:\ti\ccs1240\ccs\tools\compiler\ti-cgt-arm_20.2.7.LTS\lib\</path>
         <kind>archive</kind>
         <file>rtsv7M4_T_le_v4SPD16_eabi.lib</file>
         <name>defs.c.obj</name>
      </input_file>
      <input_file id="fl-ea">
         <path>C:\ti\ccs1240\ccs\tools\compiler\ti-cgt-arm_20.2.7.LTS\lib\</path>
         <kind>archive</kind>
         <file>rtsv7M4_T_le_v4SPD16_eabi.lib</file>
         <name>memccpy.c.obj</name>
      </input_file>
      <input_file id="fl-eb">
         <path>C:\ti\ccs1240\ccs\tools\compiler\ti-cgt-arm_20.2.7.LTS\lib\</path>
         <kind>archive</kind>
         <file>rtsv7M4_T_le_v4SPD16_eabi.lib</file>
         <name>memchr.c.obj</name>
      </input_file>
      <input_file id="fl-ec">
         <path>C:\ti\ccs1240\ccs\tools\compiler\ti-cgt-arm_20.2.7.LTS\lib\</path>
         <kind>archive</kind>
         <file>rtsv7M4_T_le_v4SPD16_eabi.lib</file>
         <name>memory.c.obj</name>
      </input_file>
      <input_file id="fl-ed">
         <path>C:\ti\ccs1240\ccs\tools\compiler\ti-cgt-arm_20.2.7.LTS\lib\</path>
         <kind>archive</kind>
         <file>rtsv7M4_T_le_v4SPD16_eabi.lib</file>
         <name>strchr.c.obj</name>
      </input_file>
      <input_file id="fl-ee">
         <path>C:\ti\ccs1240\ccs\tools\compiler\ti-cgt-arm_20.2.7.LTS\lib\</path>
         <kind>archive</kind>
         <file>rtsv7M4_T_le_v4SPD16_eabi.lib</file>
         <name>strlen.c.obj</name>
      </input_file>
      <input_file id="fl-ef">
         <path>C:\ti\ccs1240\ccs\tools\compiler\ti-cgt-arm_20.2.7.LTS\lib\</path>
         <kind>archive</kind>
         <file>rtsv7M4_T_le_v4SPD16_eabi.lib</file>
         <name>boot_cortex_m.c.obj</name>
      </input_file>
      <input_file id="fl-f0">
         <path>C:\ti\ccs1240\ccs\tools\compiler\ti-cgt-arm_20.2.7.LTS\lib\</path>
         <kind>archive</kind>
         <file>rtsv7M4_T_le_v4SPD16_eabi.lib</file>
         <name>write.c.obj</name>
      </input_file>
      <input_file id="fl-f1">
         <path>C:\ti\ccs1240\ccs\tools\compiler\ti-cgt-arm_20.2.7.LTS\lib\</path>
         <kind>archive</kind>
         <file>rtsv7M4_T_le_v4SPD16_eabi.lib</file>
         <name>host_device.c.obj</name>
      </input_file>
      <input_file id="fl-f2">
         <path>C:\ti\ccs1240\ccs\tools\compiler\ti-cgt-arm_20.2.7.LTS\lib\</path>
         <kind>archive</kind>
         <file>rtsv7M4_T_le_v4SPD16_eabi.lib</file>
         <name>errno.c.obj</name>
      </input_file>
      <input_file id="fl-f3">
         <path>C:\ti\ccs1240\ccs\tools\compiler\ti-cgt-arm_20.2.7.LTS\lib\</path>
         <kind>archive</kind>
         <file>rtsv7M4_T_le_v4SPD16_eabi.lib</file>
         <name>wcslen.c.obj</name>
      </input_file>
      <input_file id="fl-f4">
         <path>C:\ti\ccs1240\ccs\tools\compiler\ti-cgt-arm_20.2.7.LTS\lib\</path>
         <kind>archive</kind>
         <file>rtsv7M4_T_le_v4SPD16_eabi.lib</file>
         <name>s_frexp.c.obj</name>
      </input_file>
      <input_file id="fl-f5">
         <path>C:\ti\ccs1240\ccs\tools\compiler\ti-cgt-arm_20.2.7.LTS\lib\</path>
         <kind>archive</kind>
         <file>rtsv7M4_T_le_v4SPD16_eabi.lib</file>
         <name>s_scalbn.c.obj</name>
      </input_file>
      <input_file id="fl-f6">
         <path>C:\ti\ccs1240\ccs\tools\compiler\ti-cgt-arm_20.2.7.LTS\lib\</path>
         <kind>archive</kind>
         <file>rtsv7M4_T_le_v4SPD16_eabi.lib</file>
         <name>fopen.c.obj</name>
      </input_file>
      <input_file id="fl-f7">
         <path>C:\ti\ccs1240\ccs\tools\compiler\ti-cgt-arm_20.2.7.LTS\lib\</path>
         <kind>archive</kind>
         <file>rtsv7M4_T_le_v4SPD16_eabi.lib</file>
         <name>fseek.c.obj</name>
      </input_file>
      <input_file id="fl-f8">
         <path>C:\ti\ccs1240\ccs\tools\compiler\ti-cgt-arm_20.2.7.LTS\lib\</path>
         <kind>archive</kind>
         <file>rtsv7M4_T_le_v4SPD16_eabi.lib</file>
         <name>div0.asm.obj</name>
      </input_file>
      <input_file id="fl-f9">
         <path>C:\ti\ccs1240\ccs\tools\compiler\ti-cgt-arm_20.2.7.LTS\lib\</path>
         <kind>archive</kind>
         <file>rtsv7M4_T_le_v4SPD16_eabi.lib</file>
         <name>autoinit.c.obj</name>
      </input_file>
      <input_file id="fl-fa">
         <path>C:\ti\ccs1240\ccs\tools\compiler\ti-cgt-arm_20.2.7.LTS\lib\</path>
         <kind>archive</kind>
         <file>rtsv7M4_T_le_v4SPD16_eabi.lib</file>
         <name>pre_init.c.obj</name>
      </input_file>
      <input_file id="fl-fb">
         <path>C:\ti\ccs1240\ccs\tools\compiler\ti-cgt-arm_20.2.7.LTS\lib\</path>
         <kind>archive</kind>
         <file>rtsv7M4_T_le_v4SPD16_eabi.lib</file>
         <name>cpy_tbl.c.obj</name>
      </input_file>
      <input_file id="fl-fc">
         <path>C:\ti\ccs1240\ccs\tools\compiler\ti-cgt-arm_20.2.7.LTS\lib\</path>
         <kind>archive</kind>
         <file>rtsv7M4_T_le_v4SPD16_eabi.lib</file>
         <name>args_main.c.obj</name>
      </input_file>
      <input_file id="fl-fd">
         <path>C:\ti\ccs1240\ccs\tools\compiler\ti-cgt-arm_20.2.7.LTS\lib\</path>
         <kind>archive</kind>
         <file>rtsv7M4_T_le_v4SPD16_eabi.lib</file>
         <name>hostclose.c.obj</name>
      </input_file>
      <input_file id="fl-fe">
         <path>C:\ti\ccs1240\ccs\tools\compiler\ti-cgt-arm_20.2.7.LTS\lib\</path>
         <kind>archive</kind>
         <file>rtsv7M4_T_le_v4SPD16_eabi.lib</file>
         <name>hostlseek.c.obj</name>
      </input_file>
      <input_file id="fl-ff">
         <path>C:\ti\ccs1240\ccs\tools\compiler\ti-cgt-arm_20.2.7.LTS\lib\</path>
         <kind>archive</kind>
         <file>rtsv7M4_T_le_v4SPD16_eabi.lib</file>
         <name>hostopen.c.obj</name>
      </input_file>
      <input_file id="fl-100">
         <path>C:\ti\ccs1240\ccs\tools\compiler\ti-cgt-arm_20.2.7.LTS\lib\</path>
         <kind>archive</kind>
         <file>rtsv7M4_T_le_v4SPD16_eabi.lib</file>
         <name>hostread.c.obj</name>
      </input_file>
      <input_file id="fl-101">
         <path>C:\ti\ccs1240\ccs\tools\compiler\ti-cgt-arm_20.2.7.LTS\lib\</path>
         <kind>archive</kind>
         <file>rtsv7M4_T_le_v4SPD16_eabi.lib</file>
         <name>hostrename.c.obj</name>
      </input_file>
      <input_file id="fl-102">
         <path>C:\ti\ccs1240\ccs\tools\compiler\ti-cgt-arm_20.2.7.LTS\lib\</path>
         <kind>archive</kind>
         <file>rtsv7M4_T_le_v4SPD16_eabi.lib</file>
         <name>hostunlink.c.obj</name>
      </input_file>
      <input_file id="fl-103">
         <path>C:\ti\ccs1240\ccs\tools\compiler\ti-cgt-arm_20.2.7.LTS\lib\</path>
         <kind>archive</kind>
         <file>rtsv7M4_T_le_v4SPD16_eabi.lib</file>
         <name>hostwrite.c.obj</name>
      </input_file>
      <input_file id="fl-104">
         <path>C:\ti\ccs1240\ccs\tools\compiler\ti-cgt-arm_20.2.7.LTS\lib\</path>
         <kind>archive</kind>
         <file>rtsv7M4_T_le_v4SPD16_eabi.lib</file>
         <name>trgmsg.c.obj</name>
      </input_file>
      <input_file id="fl-105">
         <path>C:\ti\ccs1240\ccs\tools\compiler\ti-cgt-arm_20.2.7.LTS\lib\</path>
         <kind>archive</kind>
         <file>rtsv7M4_T_le_v4SPD16_eabi.lib</file>
         <name>open.c.obj</name>
      </input_file>
      <input_file id="fl-106">
         <path>C:\ti\ccs1240\ccs\tools\compiler\ti-cgt-arm_20.2.7.LTS\lib\</path>
         <kind>archive</kind>
         <file>rtsv7M4_T_le_v4SPD16_eabi.lib</file>
         <name>lseek.c.obj</name>
      </input_file>
      <input_file id="fl-107">
         <path>C:\ti\ccs1240\ccs\tools\compiler\ti-cgt-arm_20.2.7.LTS\lib\</path>
         <kind>archive</kind>
         <file>rtsv7M4_T_le_v4SPD16_eabi.lib</file>
         <name>s_copysign.c.obj</name>
      </input_file>
      <input_file id="fl-108">
         <path>C:\ti\ccs1240\ccs\tools\compiler\ti-cgt-arm_20.2.7.LTS\lib\</path>
         <kind>archive</kind>
         <file>rtsv7M4_T_le_v4SPD16_eabi.lib</file>
         <name>fclose.c.obj</name>
      </input_file>
      <input_file id="fl-109">
         <path>C:\ti\ccs1240\ccs\tools\compiler\ti-cgt-arm_20.2.7.LTS\lib\</path>
         <kind>archive</kind>
         <file>rtsv7M4_T_le_v4SPD16_eabi.lib</file>
         <name>getdevice.c.obj</name>
      </input_file>
      <input_file id="fl-10a">
         <path>C:\ti\ccs1240\ccs\tools\compiler\ti-cgt-arm_20.2.7.LTS\lib\</path>
         <kind>archive</kind>
         <file>rtsv7M4_T_le_v4SPD16_eabi.lib</file>
         <name>strcmp.c.obj</name>
      </input_file>
      <input_file id="fl-10b">
         <path>C:\ti\ccs1240\ccs\tools\compiler\ti-cgt-arm_20.2.7.LTS\lib\</path>
         <kind>archive</kind>
         <file>rtsv7M4_T_le_v4SPD16_eabi.lib</file>
         <name>strcpy.c.obj</name>
      </input_file>
      <input_file id="fl-10c">
         <path>C:\ti\ccs1240\ccs\tools\compiler\ti-cgt-arm_20.2.7.LTS\lib\</path>
         <kind>archive</kind>
         <file>rtsv7M4_T_le_v4SPD16_eabi.lib</file>
         <name>strncpy.c.obj</name>
      </input_file>
      <input_file id="fl-10d">
         <path>C:\ti\ccs1240\ccs\tools\compiler\ti-cgt-arm_20.2.7.LTS\lib\</path>
         <kind>archive</kind>
         <file>rtsv7M4_T_le_v4SPD16_eabi.lib</file>
         <name>remove.c.obj</name>
      </input_file>
      <input_file id="fl-10e">
         <path>C:\ti\ccs1240\ccs\tools\compiler\ti-cgt-arm_20.2.7.LTS\lib\</path>
         <kind>archive</kind>
         <file>rtsv7M4_T_le_v4SPD16_eabi.lib</file>
         <name>close.c.obj</name>
      </input_file>
      <input_file id="fl-10f">
         <path>C:\ti\ccs1240\ccs\tools\compiler\ti-cgt-arm_20.2.7.LTS\lib\</path>
         <kind>archive</kind>
         <file>rtsv7M4_T_le_v4SPD16_eabi.lib</file>
         <name>unlink.c.obj</name>
      </input_file>
   </input_file_list>
   <object_component_list>
      <object_component id="oc-12">
         <name>.intvecs</name>
         <load_address>0x0</load_address>
         <run_address>0x0</run_address>
         <size>0x208</size>
         <input_file_ref idref="fl-2"/>
      </object_component>
      <object_component id="oc-86">
         <name>.text</name>
         <load_address>0x208</load_address>
         <run_address>0x208</run_address>
         <size>0x1aac</size>
         <input_file_ref idref="fl-13"/>
      </object_component>
      <object_component id="oc-1a8">
         <name>.text</name>
         <load_address>0x1cb4</load_address>
         <run_address>0x1cb4</run_address>
         <size>0xce8</size>
         <input_file_ref idref="fl-12"/>
      </object_component>
      <object_component id="oc-250">
         <name>.text:__TI_printfi</name>
         <load_address>0x299c</load_address>
         <run_address>0x299c</run_address>
         <size>0xa4e</size>
         <input_file_ref idref="fl-d2"/>
      </object_component>
      <object_component id="oc-28c">
         <name>.text:_nop</name>
         <load_address>0x33ea</load_address>
         <run_address>0x33ea</run_address>
         <size>0x2</size>
         <input_file_ref idref="fl-e5"/>
      </object_component>
      <object_component id="oc-f8">
         <name>.text</name>
         <load_address>0x33ec</load_address>
         <run_address>0x33ec</run_address>
         <size>0x614</size>
         <input_file_ref idref="fl-14"/>
      </object_component>
      <object_component id="oc-107">
         <name>.text</name>
         <load_address>0x3a00</load_address>
         <run_address>0x3a00</run_address>
         <size>0x36c</size>
         <input_file_ref idref="fl-17"/>
      </object_component>
      <object_component id="oc-35">
         <name>.text</name>
         <load_address>0x3d6c</load_address>
         <run_address>0x3d6c</run_address>
         <size>0x298</size>
         <input_file_ref idref="fl-15"/>
      </object_component>
      <object_component id="oc-2eb">
         <name>.text:_pconv_a</name>
         <load_address>0x4004</load_address>
         <run_address>0x4004</run_address>
         <size>0x270</size>
         <input_file_ref idref="fl-d2"/>
      </object_component>
      <object_component id="oc-11e">
         <name>.text</name>
         <load_address>0x4274</load_address>
         <run_address>0x4274</run_address>
         <size>0x1dc</size>
         <input_file_ref idref="fl-5"/>
      </object_component>
      <object_component id="oc-2d9">
         <name>.text:_pconv_g</name>
         <load_address>0x4450</load_address>
         <run_address>0x4450</run_address>
         <size>0x1d0</size>
         <input_file_ref idref="fl-d2"/>
      </object_component>
      <object_component id="oc-36c">
         <name>.text</name>
         <load_address>0x4620</load_address>
         <run_address>0x4620</run_address>
         <size>0x1b6</size>
         <input_file_ref idref="fl-d8"/>
      </object_component>
      <object_component id="oc-3fe">
         <name>.text</name>
         <load_address>0x47d6</load_address>
         <run_address>0x47d6</run_address>
         <size>0x2</size>
         <input_file_ref idref="fl-f8"/>
      </object_component>
      <object_component id="oc-2e5">
         <name>.text:_pconv_e</name>
         <load_address>0x47d8</load_address>
         <run_address>0x47d8</run_address>
         <size>0x13c</size>
         <input_file_ref idref="fl-d2"/>
      </object_component>
      <object_component id="oc-352">
         <name>.text</name>
         <load_address>0x4914</load_address>
         <run_address>0x4914</run_address>
         <size>0x136</size>
         <input_file_ref idref="fl-da"/>
      </object_component>
      <object_component id="oc-ec">
         <name>.text</name>
         <load_address>0x4a4a</load_address>
         <run_address>0x4a4a</run_address>
         <size>0x12a</size>
         <input_file_ref idref="fl-11"/>
      </object_component>
      <object_component id="oc-37e">
         <name>.text:fcvt</name>
         <load_address>0x4b74</load_address>
         <run_address>0x4b74</run_address>
         <size>0x124</size>
         <input_file_ref idref="fl-d2"/>
      </object_component>
      <object_component id="oc-1e3">
         <name>.text:fputs</name>
         <load_address>0x4c98</load_address>
         <run_address>0x4c98</run_address>
         <size>0x114</size>
         <input_file_ref idref="fl-d5"/>
      </object_component>
      <object_component id="oc-392">
         <name>.text:scalbn</name>
         <load_address>0x4dac</load_address>
         <run_address>0x4dac</run_address>
         <size>0x110</size>
         <input_file_ref idref="fl-f5"/>
      </object_component>
      <object_component id="oc-446">
         <name>.text:aligned_alloc</name>
         <load_address>0x4ebc</load_address>
         <run_address>0x4ebc</run_address>
         <size>0x100</size>
         <input_file_ref idref="fl-ec"/>
      </object_component>
      <object_component id="oc-34d">
         <name>.text</name>
         <load_address>0x4fbc</load_address>
         <run_address>0x4fbc</run_address>
         <size>0xfc</size>
         <input_file_ref idref="fl-db"/>
      </object_component>
      <object_component id="oc-3c8">
         <name>.text:free</name>
         <load_address>0x50b8</load_address>
         <run_address>0x50b8</run_address>
         <size>0xe4</size>
         <input_file_ref idref="fl-ec"/>
      </object_component>
      <object_component id="oc-31f">
         <name>.text:setvbuf</name>
         <load_address>0x519c</load_address>
         <run_address>0x519c</run_address>
         <size>0xdc</size>
         <input_file_ref idref="fl-d7"/>
      </object_component>
      <object_component id="oc-30">
         <name>.text</name>
         <load_address>0x5278</load_address>
         <run_address>0x5278</run_address>
         <size>0xd2</size>
         <input_file_ref idref="fl-16"/>
      </object_component>
      <object_component id="oc-2ce">
         <name>.text:_ltostr</name>
         <load_address>0x534c</load_address>
         <run_address>0x534c</run_address>
         <size>0xb1</size>
         <input_file_ref idref="fl-d2"/>
      </object_component>
      <object_component id="oc-49">
         <name>.text</name>
         <load_address>0x53fe</load_address>
         <run_address>0x53fe</run_address>
         <size>0x9c</size>
         <input_file_ref idref="fl-de"/>
      </object_component>
      <object_component id="oc-346">
         <name>.text</name>
         <load_address>0x549a</load_address>
         <run_address>0x549a</run_address>
         <size>0x96</size>
         <input_file_ref idref="fl-e0"/>
      </object_component>
      <object_component id="oc-310">
         <name>.text:fputc</name>
         <load_address>0x5530</load_address>
         <run_address>0x5530</run_address>
         <size>0x8c</size>
         <input_file_ref idref="fl-d4"/>
      </object_component>
      <object_component id="oc-2d4">
         <name>.text:__aeabi_cdcmple</name>
         <load_address>0x55bc</load_address>
         <run_address>0x55bc</run_address>
         <size>0x86</size>
         <input_file_ref idref="fl-d9"/>
      </object_component>
      <object_component id="oc-357">
         <name>.text:__aeabi_cdrcmple</name>
         <load_address>0x5642</load_address>
         <run_address>0x5642</run_address>
         <size>0x86</size>
         <input_file_ref idref="fl-d9"/>
      </object_component>
      <object_component id="oc-12a">
         <name>.text:fflush</name>
         <load_address>0x56c8</load_address>
         <run_address>0x56c8</run_address>
         <size>0x7c</size>
         <input_file_ref idref="fl-d3"/>
      </object_component>
      <object_component id="oc-c3">
         <name>.text</name>
         <load_address>0x5744</load_address>
         <run_address>0x5744</run_address>
         <size>0x7a</size>
         <input_file_ref idref="fl-df"/>
      </object_component>
      <object_component id="oc-44d">
         <name>.text:__TI_closefile</name>
         <load_address>0x57c0</load_address>
         <run_address>0x57c0</run_address>
         <size>0x74</size>
         <input_file_ref idref="fl-108"/>
      </object_component>
      <object_component id="oc-49c">
         <name>.text:split</name>
         <load_address>0x5834</load_address>
         <run_address>0x5834</run_address>
         <size>0x70</size>
         <input_file_ref idref="fl-ec"/>
      </object_component>
      <object_component id="oc-377">
         <name>.text:_mcpy</name>
         <load_address>0x58a4</load_address>
         <run_address>0x58a4</run_address>
         <size>0x6e</size>
         <input_file_ref idref="fl-d2"/>
      </object_component>
      <object_component id="oc-47a">
         <name>.text:HOSTrename</name>
         <load_address>0x5914</load_address>
         <run_address>0x5914</run_address>
         <size>0x6c</size>
         <input_file_ref idref="fl-101"/>
      </object_component>
      <object_component id="oc-46e">
         <name>.text:HOSTlseek</name>
         <load_address>0x5980</load_address>
         <run_address>0x5980</run_address>
         <size>0x68</size>
         <input_file_ref idref="fl-fe"/>
      </object_component>
      <object_component id="oc-15">
         <name>.text:decompress:lzss:__TI_decompress_lzss</name>
         <load_address>0x59e8</load_address>
         <run_address>0x59e8</run_address>
         <size>0x68</size>
         <input_file_ref idref="fl-e3"/>
      </object_component>
      <object_component id="oc-1d8">
         <name>.text:printf</name>
         <load_address>0x5a50</load_address>
         <run_address>0x5a50</run_address>
         <size>0x68</size>
         <input_file_ref idref="fl-d1"/>
      </object_component>
      <object_component id="oc-38c">
         <name>.text:frexp</name>
         <load_address>0x5ab8</load_address>
         <run_address>0x5ab8</run_address>
         <size>0x64</size>
         <input_file_ref idref="fl-f4"/>
      </object_component>
      <object_component id="oc-319">
         <name>.text:fseek</name>
         <load_address>0x5b1c</load_address>
         <run_address>0x5b1c</run_address>
         <size>0x64</size>
         <input_file_ref idref="fl-f7"/>
      </object_component>
      <object_component id="oc-26b">
         <name>.text:__TI_wrt_ok</name>
         <load_address>0x5b80</load_address>
         <run_address>0x5b80</run_address>
         <size>0x62</size>
         <input_file_ref idref="fl-d6"/>
      </object_component>
      <object_component id="oc-456">
         <name>.text:HOSTopen</name>
         <load_address>0x5be4</load_address>
         <run_address>0x5be4</run_address>
         <size>0x60</size>
         <input_file_ref idref="fl-ff"/>
      </object_component>
      <object_component id="oc-4a3">
         <name>.text:close</name>
         <load_address>0x5c44</load_address>
         <run_address>0x5c44</run_address>
         <size>0x5c</size>
         <input_file_ref idref="fl-10e"/>
      </object_component>
      <object_component id="oc-462">
         <name>.text:HOSTread</name>
         <load_address>0x5ca0</load_address>
         <run_address>0x5ca0</run_address>
         <size>0x58</size>
         <input_file_ref idref="fl-100"/>
      </object_component>
      <object_component id="oc-468">
         <name>.text:HOSTwrite</name>
         <load_address>0x5cf8</load_address>
         <run_address>0x5cf8</run_address>
         <size>0x58</size>
         <input_file_ref idref="fl-103"/>
      </object_component>
      <object_component id="oc-2df">
         <name>.text:_pconv_f</name>
         <load_address>0x5d50</load_address>
         <run_address>0x5d50</run_address>
         <size>0x56</size>
         <input_file_ref idref="fl-d2"/>
      </object_component>
      <object_component id="oc-361">
         <name>.text:__TI_ltoa</name>
         <load_address>0x5da6</load_address>
         <run_address>0x5da6</run_address>
         <size>0x54</size>
         <input_file_ref idref="fl-e6"/>
      </object_component>
      <object_component id="oc-371">
         <name>.text:_ecpy</name>
         <load_address>0x5dfa</load_address>
         <run_address>0x5dfa</run_address>
         <size>0x52</size>
         <input_file_ref idref="fl-d2"/>
      </object_component>
      <object_component id="oc-1eb">
         <name>.text:__TI_doflush</name>
         <load_address>0x5e4c</load_address>
         <run_address>0x5e4c</run_address>
         <size>0x4c</size>
         <input_file_ref idref="fl-d3"/>
      </object_component>
      <object_component id="oc-2c8">
         <name>.text:atoi</name>
         <load_address>0x5e98</load_address>
         <run_address>0x5e98</run_address>
         <size>0x4c</size>
         <input_file_ref idref="fl-e7"/>
      </object_component>
      <object_component id="oc-159">
         <name>.text:exit</name>
         <load_address>0x5ee4</load_address>
         <run_address>0x5ee4</run_address>
         <size>0x48</size>
         <input_file_ref idref="fl-e4"/>
      </object_component>
      <object_component id="oc-35c">
         <name>.text</name>
         <load_address>0x5f2c</load_address>
         <run_address>0x5f2c</run_address>
         <size>0x48</size>
         <input_file_ref idref="fl-dc"/>
      </object_component>
      <object_component id="oc-45c">
         <name>.text:HOSTclose</name>
         <load_address>0x5f74</load_address>
         <run_address>0x5f74</run_address>
         <size>0x44</size>
         <input_file_ref idref="fl-fd"/>
      </object_component>
      <object_component id="oc-474">
         <name>.text:HOSTunlink</name>
         <load_address>0x5fb8</load_address>
         <run_address>0x5fb8</run_address>
         <size>0x44</size>
         <input_file_ref idref="fl-102"/>
      </object_component>
      <object_component id="oc-15f">
         <name>.text:__TI_auto_init_nobinit_nopinit:__TI_auto_init_nobinit_nopinit</name>
         <load_address>0x5ffc</load_address>
         <run_address>0x5ffc</run_address>
         <size>0x44</size>
         <input_file_ref idref="fl-f9"/>
      </object_component>
      <object_component id="oc-4d9">
         <name>.text:getdevice</name>
         <load_address>0x6040</load_address>
         <run_address>0x6040</run_address>
         <size>0x44</size>
         <input_file_ref idref="fl-109"/>
      </object_component>
      <object_component id="oc-8d">
         <name>.text</name>
         <load_address>0x6084</load_address>
         <run_address>0x6084</run_address>
         <size>0x40</size>
         <input_file_ref idref="fl-3"/>
      </object_component>
      <object_component id="oc-384">
         <name>.text:_fcpy</name>
         <load_address>0x60c4</load_address>
         <run_address>0x60c4</run_address>
         <size>0x3e</size>
         <input_file_ref idref="fl-d2"/>
      </object_component>
      <object_component id="oc-4b2">
         <name>.text:__TI_writemsg</name>
         <load_address>0x6104</load_address>
         <run_address>0x6104</run_address>
         <size>0x38</size>
         <input_file_ref idref="fl-104"/>
      </object_component>
      <object_component id="oc-4fb">
         <name>.text:strncpy</name>
         <load_address>0x613c</load_address>
         <run_address>0x613c</run_address>
         <size>0x36</size>
         <input_file_ref idref="fl-10c"/>
      </object_component>
      <object_component id="oc-3d4">
         <name>.text:__TI_cleanup</name>
         <load_address>0x6174</load_address>
         <run_address>0x6174</run_address>
         <size>0x34</size>
         <input_file_ref idref="fl-f6"/>
      </object_component>
      <object_component id="oc-4b8">
         <name>.text:__TI_readmsg</name>
         <load_address>0x61a8</load_address>
         <run_address>0x61a8</run_address>
         <size>0x34</size>
         <input_file_ref idref="fl-104"/>
      </object_component>
      <object_component id="oc-67">
         <name>.text:_c_int00_noargs:_c_int00_noargs</name>
         <load_address>0x61dc</load_address>
         <run_address>0x61dc</run_address>
         <size>0x34</size>
         <input_file_ref idref="fl-ef"/>
      </object_component>
      <object_component id="oc-501">
         <name>.text:finddevice</name>
         <load_address>0x6210</load_address>
         <run_address>0x6210</run_address>
         <size>0x30</size>
         <input_file_ref idref="fl-109"/>
      </object_component>
      <object_component id="oc-367">
         <name>.text</name>
         <load_address>0x6240</load_address>
         <run_address>0x6240</run_address>
         <size>0x2e</size>
         <input_file_ref idref="fl-dd"/>
      </object_component>
      <object_component id="oc-4a9">
         <name>.text:unlink</name>
         <load_address>0x6270</load_address>
         <run_address>0x6270</run_address>
         <size>0x2c</size>
         <input_file_ref idref="fl-10f"/>
      </object_component>
      <object_component id="oc-43f">
         <name>.text:free_list_insert</name>
         <load_address>0x629c</load_address>
         <run_address>0x629c</run_address>
         <size>0x28</size>
         <input_file_ref idref="fl-ec"/>
      </object_component>
      <object_component id="oc-3c0">
         <name>.text:lseek</name>
         <load_address>0x62c4</load_address>
         <run_address>0x62c4</run_address>
         <size>0x28</size>
         <input_file_ref idref="fl-106"/>
      </object_component>
      <object_component id="oc-27d">
         <name>.text:write</name>
         <load_address>0x62ec</load_address>
         <run_address>0x62ec</run_address>
         <size>0x28</size>
         <input_file_ref idref="fl-f0"/>
      </object_component>
      <object_component id="oc-277">
         <name>.text:memchr</name>
         <load_address>0x6314</load_address>
         <run_address>0x6314</run_address>
         <size>0x20</size>
         <input_file_ref idref="fl-eb"/>
      </object_component>
      <object_component id="oc-124">
         <name>.text:puts</name>
         <load_address>0x6334</load_address>
         <run_address>0x6334</run_address>
         <size>0x20</size>
         <input_file_ref idref="fl-d5"/>
      </object_component>
      <object_component id="oc-439">
         <name>.text:free_list_remove</name>
         <load_address>0x6354</load_address>
         <run_address>0x6354</run_address>
         <size>0x1c</size>
         <input_file_ref idref="fl-ec"/>
      </object_component>
      <object_component id="oc-2f1">
         <name>.text:memccpy</name>
         <load_address>0x6370</load_address>
         <run_address>0x6370</run_address>
         <size>0x1c</size>
         <input_file_ref idref="fl-ea"/>
      </object_component>
      <object_component id="oc-417">
         <name>.text:copysign</name>
         <load_address>0x638c</load_address>
         <run_address>0x638c</run_address>
         <size>0x1a</size>
         <input_file_ref idref="fl-107"/>
      </object_component>
      <object_component id="oc-518">
         <name>.text:strcmp</name>
         <load_address>0x63a6</load_address>
         <run_address>0x63a6</run_address>
         <size>0x18</size>
         <input_file_ref idref="fl-10a"/>
      </object_component>
      <object_component id="oc-398">
         <name>.text:strchr</name>
         <load_address>0x63be</load_address>
         <run_address>0x63be</run_address>
         <size>0x16</size>
         <input_file_ref idref="fl-ed"/>
      </object_component>
      <object_component id="oc-4cc">
         <name>.text:strcpy</name>
         <load_address>0x63d4</load_address>
         <run_address>0x63d4</run_address>
         <size>0x14</size>
         <input_file_ref idref="fl-10b"/>
      </object_component>
      <object_component id="oc-271">
         <name>.text:strlen</name>
         <load_address>0x63e8</load_address>
         <run_address>0x63e8</run_address>
         <size>0x14</size>
         <input_file_ref idref="fl-ee"/>
      </object_component>
      <object_component id="oc-2f7">
         <name>.text:wcslen</name>
         <load_address>0x63fc</load_address>
         <run_address>0x63fc</run_address>
         <size>0x12</size>
         <input_file_ref idref="fl-f3"/>
      </object_component>
      <object_component id="oc-1b">
         <name>.text:decompress:none:__TI_decompress_none</name>
         <load_address>0x640e</load_address>
         <run_address>0x640e</run_address>
         <size>0xe</size>
         <input_file_ref idref="fl-e2"/>
      </object_component>
      <object_component id="oc-5b">
         <name>.text:decompress:ZI:__TI_zero_init</name>
         <load_address>0x641c</load_address>
         <run_address>0x641c</run_address>
         <size>0xc</size>
         <input_file_ref idref="fl-e1"/>
      </object_component>
      <object_component id="oc-2a">
         <name>.text</name>
         <load_address>0x6428</load_address>
         <run_address>0x6428</run_address>
         <size>0xc</size>
         <input_file_ref idref="fl-2"/>
      </object_component>
      <object_component id="oc-2fd">
         <name>.text:__aeabi_errno_addr</name>
         <load_address>0x6434</load_address>
         <run_address>0x6434</run_address>
         <size>0x8</size>
         <input_file_ref idref="fl-f2"/>
      </object_component>
      <object_component id="oc-3ce">
         <name>.text:malloc</name>
         <load_address>0x643c</load_address>
         <run_address>0x643c</run_address>
         <size>0x8</size>
         <input_file_ref idref="fl-ec"/>
      </object_component>
      <object_component id="oc-25c">
         <name>.text:_outc</name>
         <load_address>0x6444</load_address>
         <run_address>0x6444</run_address>
         <size>0x4</size>
         <input_file_ref idref="fl-d1"/>
      </object_component>
      <object_component id="oc-256">
         <name>.text:_outs</name>
         <load_address>0x6448</load_address>
         <run_address>0x6448</run_address>
         <size>0x4</size>
         <input_file_ref idref="fl-d1"/>
      </object_component>
      <object_component id="oc-c9">
         <name>.text:_system_pre_init</name>
         <load_address>0x644c</load_address>
         <run_address>0x644c</run_address>
         <size>0x4</size>
         <input_file_ref idref="fl-fa"/>
      </object_component>
      <object_component id="oc-153">
         <name>.text:abort:abort</name>
         <load_address>0x6450</load_address>
         <run_address>0x6450</run_address>
         <size>0x4</size>
         <input_file_ref idref="fl-e4"/>
      </object_component>
      <object_component id="oc-341">
         <name>.const:.string:_ctypes_</name>
         <load_address>0x6454</load_address>
         <run_address>0x6454</run_address>
         <size>0x101</size>
         <input_file_ref idref="fl-e8"/>
      </object_component>
      <object_component id="oc-83">
         <name>.const</name>
         <load_address>0x6558</load_address>
         <run_address>0x6558</run_address>
         <size>0x8</size>
         <input_file_ref idref="fl-15"/>
      </object_component>
      <object_component id="oc-552">
         <name>.cinit..data.load</name>
         <load_address>0x6560</load_address>
         <run_address>0x6560</run_address>
         <size>0x75</size>
      </object_component>
      <object_component id="oc-550">
         <name>__TI_handler_table</name>
         <load_address>0x65d8</load_address>
         <run_address>0x65d8</run_address>
         <size>0xc</size>
      </object_component>
      <object_component id="oc-553">
         <name>.cinit..bss.load</name>
         <load_address>0x65e8</load_address>
         <run_address>0x65e8</run_address>
         <size>0x8</size>
      </object_component>
      <object_component id="oc-551">
         <name>__TI_cinit_table</name>
         <load_address>0x65f0</load_address>
         <run_address>0x65f0</run_address>
         <size>0x10</size>
      </object_component>
      <object_component id="oc-1de">
         <name>.data</name>
         <load_address>0x20010938</load_address>
         <run_address>0x20010938</run_address>
         <size>0xc</size>
         <input_file_ref idref="fl-5"/>
      </object_component>
      <object_component id="oc-80">
         <name>.data</name>
         <load_address>0x200108d0</load_address>
         <run_address>0x200108d0</run_address>
         <size>0x30</size>
         <input_file_ref idref="fl-13"/>
      </object_component>
      <object_component id="oc-1ae">
         <name>.data</name>
         <load_address>0x20010954</load_address>
         <run_address>0x20010954</run_address>
         <size>0x8</size>
         <input_file_ref idref="fl-14"/>
      </object_component>
      <object_component id="oc-93">
         <name>.data</name>
         <load_address>0x2001092c</load_address>
         <run_address>0x2001092c</run_address>
         <size>0xc</size>
         <input_file_ref idref="fl-15"/>
      </object_component>
      <object_component id="oc-1c7">
         <name>.data</name>
         <load_address>0x20010900</load_address>
         <run_address>0x20010900</run_address>
         <size>0x10</size>
         <input_file_ref idref="fl-17"/>
      </object_component>
      <object_component id="oc-205">
         <name>.data:$O1$$</name>
         <load_address>0x20010920</load_address>
         <run_address>0x20010920</run_address>
         <size>0xc</size>
         <input_file_ref idref="fl-e4"/>
      </object_component>
      <object_component id="oc-1f1">
         <name>.data:$O1$$</name>
         <load_address>0x20010944</load_address>
         <run_address>0x20010944</run_address>
         <size>0x8</size>
         <input_file_ref idref="fl-e5"/>
      </object_component>
      <object_component id="oc-130">
         <name>.data:_ftable</name>
         <load_address>0x20010718</load_address>
         <run_address>0x20010718</run_address>
         <size>0xf0</size>
         <input_file_ref idref="fl-e9"/>
      </object_component>
      <object_component id="oc-1f4">
         <name>.data</name>
         <load_address>0x20010910</load_address>
         <run_address>0x20010910</run_address>
         <size>0x10</size>
         <input_file_ref idref="fl-e9"/>
      </object_component>
      <object_component id="oc-497">
         <name>.data:$O1$$</name>
         <load_address>0x2001094c</load_address>
         <run_address>0x2001094c</run_address>
         <size>0x8</size>
         <input_file_ref idref="fl-ec"/>
      </object_component>
      <object_component id="oc-3e7">
         <name>.data:_device</name>
         <load_address>0x20010808</load_address>
         <run_address>0x20010808</run_address>
         <size>0x78</size>
         <input_file_ref idref="fl-f1"/>
      </object_component>
      <object_component id="oc-32b">
         <name>.data:_stream</name>
         <load_address>0x20010880</load_address>
         <run_address>0x20010880</run_address>
         <size>0x50</size>
         <input_file_ref idref="fl-f1"/>
      </object_component>
      <object_component id="oc-3a8">
         <name>.data</name>
         <load_address>0x2001095c</load_address>
         <run_address>0x2001095c</run_address>
         <size>0x4</size>
         <input_file_ref idref="fl-f2"/>
      </object_component>
      <object_component id="oc-f2">
         <name>.bss:pxReadyTasksLists</name>
         <uninitialized>true</uninitialized>
         <run_address>0x200101c0</run_address>
         <size>0x64</size>
         <input_file_ref idref="fl-13"/>
      </object_component>
      <object_component id="oc-10d">
         <name>.bss:xDelayedTaskList1</name>
         <uninitialized>true</uninitialized>
         <run_address>0x2001028c</run_address>
         <size>0x14</size>
         <input_file_ref idref="fl-13"/>
      </object_component>
      <object_component id="oc-110">
         <name>.bss:xDelayedTaskList2</name>
         <uninitialized>true</uninitialized>
         <run_address>0x200102a0</run_address>
         <size>0x14</size>
         <input_file_ref idref="fl-13"/>
      </object_component>
      <object_component id="oc-104">
         <name>.bss</name>
         <uninitialized>true</uninitialized>
         <run_address>0x200102f0</run_address>
         <size>0x8</size>
         <input_file_ref idref="fl-13"/>
      </object_component>
      <object_component id="oc-101">
         <name>.bss:xPendingReadyList</name>
         <uninitialized>true</uninitialized>
         <run_address>0x200102b4</run_address>
         <size>0x14</size>
         <input_file_ref idref="fl-13"/>
      </object_component>
      <object_component id="oc-f5">
         <name>.bss:xTasksWaitingTermination</name>
         <uninitialized>true</uninitialized>
         <run_address>0x200102dc</run_address>
         <size>0x14</size>
         <input_file_ref idref="fl-13"/>
      </object_component>
      <object_component id="oc-fe">
         <name>.bss:xSuspendedTaskList</name>
         <uninitialized>true</uninitialized>
         <run_address>0x200102c8</run_address>
         <size>0x14</size>
         <input_file_ref idref="fl-13"/>
      </object_component>
      <object_component id="oc-1b4">
         <name>.bss:xActiveTimerList1</name>
         <uninitialized>true</uninitialized>
         <run_address>0x20010264</run_address>
         <size>0x14</size>
         <input_file_ref idref="fl-14"/>
      </object_component>
      <object_component id="oc-1b7">
         <name>.bss:xActiveTimerList2</name>
         <uninitialized>true</uninitialized>
         <run_address>0x20010278</run_address>
         <size>0x14</size>
         <input_file_ref idref="fl-14"/>
      </object_component>
      <object_component id="oc-1b1">
         <name>.bss</name>
         <uninitialized>true</uninitialized>
         <run_address>0x200102f8</run_address>
         <size>0x8</size>
         <input_file_ref idref="fl-14"/>
      </object_component>
      <object_component id="oc-1cd">
         <name>.bss:ucHeap</name>
         <uninitialized>true</uninitialized>
         <run_address>0x20000000</run_address>
         <size>0x10000</size>
         <input_file_ref idref="fl-17"/>
      </object_component>
      <object_component id="oc-1ca">
         <name>.bss:xStart</name>
         <uninitialized>true</uninitialized>
         <run_address>0x20010300</run_address>
         <size>0x8</size>
         <input_file_ref idref="fl-17"/>
      </object_component>
      <object_component id="oc-4e3">
         <name>.bss:_CIOBUF_</name>
         <uninitialized>true</uninitialized>
         <run_address>0x20010000</run_address>
         <size>0x120</size>
         <input_file_ref idref="fl-104"/>
      </object_component>
      <object_component id="oc-1e1">
         <name>.common:semHandle</name>
         <uninitialized>true</uninitialized>
         <run_address>0x20010310</run_address>
         <size>0x4</size>
      </object_component>
      <object_component id="oc-226">
         <name>.common:xQueueRegistry</name>
         <uninitialized>true</uninitialized>
         <run_address>0x20010224</run_address>
         <size>0x40</size>
      </object_component>
      <object_component id="oc-4af">
         <name>.common:__TI_tmpnams</name>
         <uninitialized>true</uninitialized>
         <run_address>0x20010120</run_address>
         <size>0xa0</size>
      </object_component>
      <object_component id="oc-4be">
         <name>.common:parmbuf</name>
         <uninitialized>true</uninitialized>
         <run_address>0x20010308</run_address>
         <size>0x8</size>
      </object_component>
      <object_component id="oc-24">
         <name>.sysmem</name>
         <uninitialized>true</uninitialized>
         <run_address>0x20010318</run_address>
         <size>0x10</size>
         <input_file_ref idref="fl-ec"/>
      </object_component>
      <object_component id="oc-556">
         <name>.sysmem</name>
         <uninitialized>true</uninitialized>
         <run_address>0x20010318</run_address>
         <size>0x0</size>
      </object_component>
      <object_component id="oc-27">
         <name>.stack</name>
         <uninitialized>true</uninitialized>
         <run_address>0x20010960</run_address>
         <size>0x4</size>
         <input_file_ref idref="fl-ef"/>
      </object_component>
      <object_component id="oc-555">
         <name>.stack</name>
         <uninitialized>true</uninitialized>
         <run_address>0x20010960</run_address>
         <size>0x0</size>
      </object_component>
      <object_component id="oc-3d">
         <name>.debug_info</name>
         <load_address>0x0</load_address>
         <run_address>0x0</run_address>
         <size>0x348</size>
         <input_file_ref idref="fl-2"/>
      </object_component>
      <object_component id="oc-13">
         <name>.debug_info</name>
         <load_address>0x348</load_address>
         <run_address>0x348</run_address>
         <size>0xe9</size>
         <input_file_ref idref="fl-2"/>
      </object_component>
      <object_component id="oc-2d">
         <name>.debug_info</name>
         <load_address>0x431</load_address>
         <run_address>0x431</run_address>
         <size>0x268</size>
         <input_file_ref idref="fl-2"/>
      </object_component>
      <object_component id="oc-a9">
         <name>.debug_info</name>
         <load_address>0x699</load_address>
         <run_address>0x699</run_address>
         <size>0x26b</size>
         <input_file_ref idref="fl-2"/>
      </object_component>
      <object_component id="oc-44">
         <name>.debug_info</name>
         <load_address>0x904</load_address>
         <run_address>0x904</run_address>
         <size>0x84</size>
         <input_file_ref idref="fl-2"/>
      </object_component>
      <object_component id="oc-98">
         <name>.debug_info</name>
         <load_address>0x988</load_address>
         <run_address>0x988</run_address>
         <size>0x2c</size>
         <input_file_ref idref="fl-2"/>
      </object_component>
      <object_component id="oc-13e">
         <name>.debug_info</name>
         <load_address>0x9b4</load_address>
         <run_address>0x9b4</run_address>
         <size>0x2a4</size>
         <input_file_ref idref="fl-2"/>
      </object_component>
      <object_component id="oc-a2">
         <name>.debug_info</name>
         <load_address>0xc58</load_address>
         <run_address>0xc58</run_address>
         <size>0xbb</size>
         <input_file_ref idref="fl-2"/>
      </object_component>
      <object_component id="oc-9d">
         <name>.debug_info</name>
         <load_address>0xd13</load_address>
         <run_address>0xd13</run_address>
         <size>0x53</size>
         <input_file_ref idref="fl-2"/>
      </object_component>
      <object_component id="oc-246">
         <name>.debug_info</name>
         <load_address>0xd66</load_address>
         <run_address>0xd66</run_address>
         <size>0xbf</size>
         <input_file_ref idref="fl-2"/>
      </object_component>
      <object_component id="oc-264">
         <name>.debug_info</name>
         <load_address>0xe25</load_address>
         <run_address>0xe25</run_address>
         <size>0x2c</size>
         <input_file_ref idref="fl-2"/>
      </object_component>
      <object_component id="oc-134">
         <name>.debug_info</name>
         <load_address>0xe51</load_address>
         <run_address>0xe51</run_address>
         <size>0x310</size>
         <input_file_ref idref="fl-3"/>
      </object_component>
      <object_component id="oc-8e">
         <name>.debug_info</name>
         <load_address>0x1161</load_address>
         <run_address>0x1161</run_address>
         <size>0x210</size>
         <input_file_ref idref="fl-3"/>
      </object_component>
      <object_component id="oc-1ff">
         <name>.debug_info</name>
         <load_address>0x1371</load_address>
         <run_address>0x1371</run_address>
         <size>0xcc</size>
         <input_file_ref idref="fl-3"/>
      </object_component>
      <object_component id="oc-2c6">
         <name>.debug_info</name>
         <load_address>0x143d</load_address>
         <run_address>0x143d</run_address>
         <size>0x502</size>
         <input_file_ref idref="fl-4"/>
      </object_component>
      <object_component id="oc-228">
         <name>.debug_info</name>
         <load_address>0x193f</load_address>
         <run_address>0x193f</run_address>
         <size>0x46</size>
         <input_file_ref idref="fl-4"/>
      </object_component>
      <object_component id="oc-1d6">
         <name>.debug_info</name>
         <load_address>0x1985</load_address>
         <run_address>0x1985</run_address>
         <size>0x58e</size>
         <input_file_ref idref="fl-5"/>
      </object_component>
      <object_component id="oc-1df">
         <name>.debug_info</name>
         <load_address>0x1f13</load_address>
         <run_address>0x1f13</run_address>
         <size>0x124</size>
         <input_file_ref idref="fl-5"/>
      </object_component>
      <object_component id="oc-11f">
         <name>.debug_info</name>
         <load_address>0x2037</load_address>
         <run_address>0x2037</run_address>
         <size>0x3c2</size>
         <input_file_ref idref="fl-5"/>
      </object_component>
      <object_component id="oc-114">
         <name>.debug_info</name>
         <load_address>0x23f9</load_address>
         <run_address>0x23f9</run_address>
         <size>0x2ef</size>
         <input_file_ref idref="fl-5"/>
      </object_component>
      <object_component id="oc-24b">
         <name>.debug_info</name>
         <load_address>0x26e8</load_address>
         <run_address>0x26e8</run_address>
         <size>0x2c</size>
         <input_file_ref idref="fl-5"/>
      </object_component>
      <object_component id="oc-139">
         <name>.debug_info</name>
         <load_address>0x2714</load_address>
         <run_address>0x2714</run_address>
         <size>0x14c</size>
         <input_file_ref idref="fl-5"/>
      </object_component>
      <object_component id="oc-221">
         <name>.debug_info</name>
         <load_address>0x2860</load_address>
         <run_address>0x2860</run_address>
         <size>0x5ff</size>
         <input_file_ref idref="fl-10"/>
      </object_component>
      <object_component id="oc-19d">
         <name>.debug_info</name>
         <load_address>0x2e5f</load_address>
         <run_address>0x2e5f</run_address>
         <size>0x110</size>
         <input_file_ref idref="fl-10"/>
      </object_component>
      <object_component id="oc-2b5">
         <name>.debug_info</name>
         <load_address>0x2f6f</load_address>
         <run_address>0x2f6f</run_address>
         <size>0x39</size>
         <input_file_ref idref="fl-10"/>
      </object_component>
      <object_component id="oc-193">
         <name>.debug_info</name>
         <load_address>0x2fa8</load_address>
         <run_address>0x2fa8</run_address>
         <size>0x46</size>
         <input_file_ref idref="fl-10"/>
      </object_component>
      <object_component id="oc-2ba">
         <name>.debug_info</name>
         <load_address>0x2fee</load_address>
         <run_address>0x2fee</run_address>
         <size>0x76</size>
         <input_file_ref idref="fl-10"/>
      </object_component>
      <object_component id="oc-1a3">
         <name>.debug_info</name>
         <load_address>0x3064</load_address>
         <run_address>0x3064</run_address>
         <size>0x2df</size>
         <input_file_ref idref="fl-11"/>
      </object_component>
      <object_component id="oc-ed">
         <name>.debug_info</name>
         <load_address>0x3343</load_address>
         <run_address>0x3343</run_address>
         <size>0x56a</size>
         <input_file_ref idref="fl-11"/>
      </object_component>
      <object_component id="oc-222">
         <name>.debug_info</name>
         <load_address>0x38ad</load_address>
         <run_address>0x38ad</run_address>
         <size>0x83f</size>
         <input_file_ref idref="fl-12"/>
      </object_component>
      <object_component id="oc-1ac">
         <name>.debug_info</name>
         <load_address>0x40ec</load_address>
         <run_address>0x40ec</run_address>
         <size>0x2f7d</size>
         <input_file_ref idref="fl-12"/>
      </object_component>
      <object_component id="oc-2c1">
         <name>.debug_info</name>
         <load_address>0x7069</load_address>
         <run_address>0x7069</run_address>
         <size>0x1cd</size>
         <input_file_ref idref="fl-12"/>
      </object_component>
      <object_component id="oc-198">
         <name>.debug_info</name>
         <load_address>0x7236</load_address>
         <run_address>0x7236</run_address>
         <size>0x35</size>
         <input_file_ref idref="fl-12"/>
      </object_component>
      <object_component id="oc-e9">
         <name>.debug_info</name>
         <load_address>0x726b</load_address>
         <run_address>0x726b</run_address>
         <size>0x766</size>
         <input_file_ref idref="fl-13"/>
      </object_component>
      <object_component id="oc-81">
         <name>.debug_info</name>
         <load_address>0x79d1</load_address>
         <run_address>0x79d1</run_address>
         <size>0x2fd</size>
         <input_file_ref idref="fl-13"/>
      </object_component>
      <object_component id="oc-f3">
         <name>.debug_info</name>
         <load_address>0x7cce</load_address>
         <run_address>0x7cce</run_address>
         <size>0xf9</size>
         <input_file_ref idref="fl-13"/>
      </object_component>
      <object_component id="oc-10e">
         <name>.debug_info</name>
         <load_address>0x7dc7</load_address>
         <run_address>0x7dc7</run_address>
         <size>0xf9</size>
         <input_file_ref idref="fl-13"/>
      </object_component>
      <object_component id="oc-111">
         <name>.debug_info</name>
         <load_address>0x7ec0</load_address>
         <run_address>0x7ec0</run_address>
         <size>0xf9</size>
         <input_file_ref idref="fl-13"/>
      </object_component>
      <object_component id="oc-105">
         <name>.debug_info</name>
         <load_address>0x7fb9</load_address>
         <run_address>0x7fb9</run_address>
         <size>0x13b</size>
         <input_file_ref idref="fl-13"/>
      </object_component>
      <object_component id="oc-102">
         <name>.debug_info</name>
         <load_address>0x80f4</load_address>
         <run_address>0x80f4</run_address>
         <size>0xf9</size>
         <input_file_ref idref="fl-13"/>
      </object_component>
      <object_component id="oc-f6">
         <name>.debug_info</name>
         <load_address>0x81ed</load_address>
         <run_address>0x81ed</run_address>
         <size>0x107</size>
         <input_file_ref idref="fl-13"/>
      </object_component>
      <object_component id="oc-ff">
         <name>.debug_info</name>
         <load_address>0x82f4</load_address>
         <run_address>0x82f4</run_address>
         <size>0xfb</size>
         <input_file_ref idref="fl-13"/>
      </object_component>
      <object_component id="oc-87">
         <name>.debug_info</name>
         <load_address>0x83ef</load_address>
         <run_address>0x83ef</run_address>
         <size>0x4eb4</size>
         <input_file_ref idref="fl-13"/>
      </object_component>
      <object_component id="oc-119">
         <name>.debug_info</name>
         <load_address>0xd2a3</load_address>
         <run_address>0xd2a3</run_address>
         <size>0x169</size>
         <input_file_ref idref="fl-13"/>
      </object_component>
      <object_component id="oc-1bb">
         <name>.debug_info</name>
         <load_address>0xd40c</load_address>
         <run_address>0xd40c</run_address>
         <size>0x823</size>
         <input_file_ref idref="fl-14"/>
      </object_component>
      <object_component id="oc-1b5">
         <name>.debug_info</name>
         <load_address>0xdc2f</load_address>
         <run_address>0xdc2f</run_address>
         <size>0xfa</size>
         <input_file_ref idref="fl-14"/>
      </object_component>
      <object_component id="oc-1b8">
         <name>.debug_info</name>
         <load_address>0xdd29</load_address>
         <run_address>0xdd29</run_address>
         <size>0xfa</size>
         <input_file_ref idref="fl-14"/>
      </object_component>
      <object_component id="oc-1b2">
         <name>.debug_info</name>
         <load_address>0xde23</load_address>
         <run_address>0xde23</run_address>
         <size>0x132</size>
         <input_file_ref idref="fl-14"/>
      </object_component>
      <object_component id="oc-1af">
         <name>.debug_info</name>
         <load_address>0xdf55</load_address>
         <run_address>0xdf55</run_address>
         <size>0xee</size>
         <input_file_ref idref="fl-14"/>
      </object_component>
      <object_component id="oc-fb">
         <name>.debug_info</name>
         <load_address>0xe043</load_address>
         <run_address>0xe043</run_address>
         <size>0x1a35</size>
         <input_file_ref idref="fl-14"/>
      </object_component>
      <object_component id="oc-1bc">
         <name>.debug_info</name>
         <load_address>0xfa78</load_address>
         <run_address>0xfa78</run_address>
         <size>0x1ce</size>
         <input_file_ref idref="fl-14"/>
      </object_component>
      <object_component id="oc-97">
         <name>.debug_info</name>
         <load_address>0xfc46</load_address>
         <run_address>0xfc46</run_address>
         <size>0x3fc</size>
         <input_file_ref idref="fl-15"/>
      </object_component>
      <object_component id="oc-84">
         <name>.debug_info</name>
         <load_address>0x10042</load_address>
         <run_address>0x10042</run_address>
         <size>0x16f</size>
         <input_file_ref idref="fl-15"/>
      </object_component>
      <object_component id="oc-94">
         <name>.debug_info</name>
         <load_address>0x101b1</load_address>
         <run_address>0x101b1</run_address>
         <size>0x17a</size>
         <input_file_ref idref="fl-15"/>
      </object_component>
      <object_component id="oc-36">
         <name>.debug_info</name>
         <load_address>0x1032b</load_address>
         <run_address>0x1032b</run_address>
         <size>0xa4c</size>
         <input_file_ref idref="fl-15"/>
      </object_component>
      <object_component id="oc-33">
         <name>.debug_info</name>
         <load_address>0x10d77</load_address>
         <run_address>0x10d77</run_address>
         <size>0x25c</size>
         <input_file_ref idref="fl-16"/>
      </object_component>
      <object_component id="oc-1d1">
         <name>.debug_info</name>
         <load_address>0x10fd3</load_address>
         <run_address>0x10fd3</run_address>
         <size>0x3bb</size>
         <input_file_ref idref="fl-17"/>
      </object_component>
      <object_component id="oc-1ce">
         <name>.debug_info</name>
         <load_address>0x1138e</load_address>
         <run_address>0x1138e</run_address>
         <size>0xf5</size>
         <input_file_ref idref="fl-17"/>
      </object_component>
      <object_component id="oc-1cb">
         <name>.debug_info</name>
         <load_address>0x11483</load_address>
         <run_address>0x11483</run_address>
         <size>0xf5</size>
         <input_file_ref idref="fl-17"/>
      </object_component>
      <object_component id="oc-1c8">
         <name>.debug_info</name>
         <load_address>0x11578</load_address>
         <run_address>0x11578</run_address>
         <size>0x1a9</size>
         <input_file_ref idref="fl-17"/>
      </object_component>
      <object_component id="oc-108">
         <name>.debug_info</name>
         <load_address>0x11721</load_address>
         <run_address>0x11721</run_address>
         <size>0x908</size>
         <input_file_ref idref="fl-17"/>
      </object_component>
      <object_component id="oc-23b">
         <name>.debug_info</name>
         <load_address>0x12029</load_address>
         <run_address>0x12029</run_address>
         <size>0x62</size>
         <input_file_ref idref="fl-17"/>
      </object_component>
      <object_component id="oc-263">
         <name>.debug_info</name>
         <load_address>0x1208b</load_address>
         <run_address>0x1208b</run_address>
         <size>0x3e5</size>
         <input_file_ref idref="fl-d1"/>
      </object_component>
      <object_component id="oc-25d">
         <name>.debug_info</name>
         <load_address>0x12470</load_address>
         <run_address>0x12470</run_address>
         <size>0x157</size>
         <input_file_ref idref="fl-d1"/>
      </object_component>
      <object_component id="oc-25a">
         <name>.debug_info</name>
         <load_address>0x125c7</load_address>
         <run_address>0x125c7</run_address>
         <size>0x166</size>
         <input_file_ref idref="fl-d1"/>
      </object_component>
      <object_component id="oc-1d9">
         <name>.debug_info</name>
         <load_address>0x1272d</load_address>
         <run_address>0x1272d</run_address>
         <size>0x1ac</size>
         <input_file_ref idref="fl-d1"/>
      </object_component>
      <object_component id="oc-286">
         <name>.debug_info</name>
         <load_address>0x128d9</load_address>
         <run_address>0x128d9</run_address>
         <size>0xb2</size>
         <input_file_ref idref="fl-d1"/>
      </object_component>
      <object_component id="oc-304">
         <name>.debug_info</name>
         <load_address>0x1298b</load_address>
         <run_address>0x1298b</run_address>
         <size>0x590</size>
         <input_file_ref idref="fl-d2"/>
      </object_component>
      <object_component id="oc-2d2">
         <name>.debug_info</name>
         <load_address>0x12f1b</load_address>
         <run_address>0x12f1b</run_address>
         <size>0x21e</size>
         <input_file_ref idref="fl-d2"/>
      </object_component>
      <object_component id="oc-375">
         <name>.debug_info</name>
         <load_address>0x13139</load_address>
         <run_address>0x13139</run_address>
         <size>0x1b3</size>
         <input_file_ref idref="fl-d2"/>
      </object_component>
      <object_component id="oc-37b">
         <name>.debug_info</name>
         <load_address>0x132ec</load_address>
         <run_address>0x132ec</run_address>
         <size>0x21b</size>
         <input_file_ref idref="fl-d2"/>
      </object_component>
      <object_component id="oc-2dd">
         <name>.debug_info</name>
         <load_address>0x13507</load_address>
         <run_address>0x13507</run_address>
         <size>0x3c0</size>
         <input_file_ref idref="fl-d2"/>
      </object_component>
      <object_component id="oc-382">
         <name>.debug_info</name>
         <load_address>0x138c7</load_address>
         <run_address>0x138c7</run_address>
         <size>0x30a</size>
         <input_file_ref idref="fl-d2"/>
      </object_component>
      <object_component id="oc-388">
         <name>.debug_info</name>
         <load_address>0x13bd1</load_address>
         <run_address>0x13bd1</run_address>
         <size>0x215</size>
         <input_file_ref idref="fl-d2"/>
      </object_component>
      <object_component id="oc-2e3">
         <name>.debug_info</name>
         <load_address>0x13de6</load_address>
         <run_address>0x13de6</run_address>
         <size>0x215</size>
         <input_file_ref idref="fl-d2"/>
      </object_component>
      <object_component id="oc-2e9">
         <name>.debug_info</name>
         <load_address>0x13ffb</load_address>
         <run_address>0x13ffb</run_address>
         <size>0x304</size>
         <input_file_ref idref="fl-d2"/>
      </object_component>
      <object_component id="oc-2ef">
         <name>.debug_info</name>
         <load_address>0x142ff</load_address>
         <run_address>0x142ff</run_address>
         <size>0x4b5</size>
         <input_file_ref idref="fl-d2"/>
      </object_component>
      <object_component id="oc-254">
         <name>.debug_info</name>
         <load_address>0x147b4</load_address>
         <run_address>0x147b4</run_address>
         <size>0x5f4</size>
         <input_file_ref idref="fl-d2"/>
      </object_component>
      <object_component id="oc-305">
         <name>.debug_info</name>
         <load_address>0x14da8</load_address>
         <run_address>0x14da8</run_address>
         <size>0x86</size>
         <input_file_ref idref="fl-d2"/>
      </object_component>
      <object_component id="oc-3b4">
         <name>.debug_info</name>
         <load_address>0x14e2e</load_address>
         <run_address>0x14e2e</run_address>
         <size>0x39</size>
         <input_file_ref idref="fl-d2"/>
      </object_component>
      <object_component id="oc-42e">
         <name>.debug_info</name>
         <load_address>0x14e67</load_address>
         <run_address>0x14e67</run_address>
         <size>0xb6</size>
         <input_file_ref idref="fl-d2"/>
      </object_component>
      <object_component id="oc-3b9">
         <name>.debug_info</name>
         <load_address>0x14f1d</load_address>
         <run_address>0x14f1d</run_address>
         <size>0x46</size>
         <input_file_ref idref="fl-d2"/>
      </object_component>
      <object_component id="oc-30a">
         <name>.debug_info</name>
         <load_address>0x14f63</load_address>
         <run_address>0x14f63</run_address>
         <size>0x46</size>
         <input_file_ref idref="fl-d2"/>
      </object_component>
      <object_component id="oc-3af">
         <name>.debug_info</name>
         <load_address>0x14fa9</load_address>
         <run_address>0x14fa9</run_address>
         <size>0x2c</size>
         <input_file_ref idref="fl-d2"/>
      </object_component>
      <object_component id="oc-1f8">
         <name>.debug_info</name>
         <load_address>0x14fd5</load_address>
         <run_address>0x14fd5</run_address>
         <size>0x347</size>
         <input_file_ref idref="fl-d3"/>
      </object_component>
      <object_component id="oc-1ef">
         <name>.debug_info</name>
         <load_address>0x1531c</load_address>
         <run_address>0x1531c</run_address>
         <size>0x18a</size>
         <input_file_ref idref="fl-d3"/>
      </object_component>
      <object_component id="oc-12e">
         <name>.debug_info</name>
         <load_address>0x154a6</load_address>
         <run_address>0x154a6</run_address>
         <size>0x1c8</size>
         <input_file_ref idref="fl-d3"/>
      </object_component>
      <object_component id="oc-3bf">
         <name>.debug_info</name>
         <load_address>0x1566e</load_address>
         <run_address>0x1566e</run_address>
         <size>0x383</size>
         <input_file_ref idref="fl-d4"/>
      </object_component>
      <object_component id="oc-311">
         <name>.debug_info</name>
         <load_address>0x159f1</load_address>
         <run_address>0x159f1</run_address>
         <size>0x1ea</size>
         <input_file_ref idref="fl-d4"/>
      </object_component>
      <object_component id="oc-1ea">
         <name>.debug_info</name>
         <load_address>0x15bdb</load_address>
         <run_address>0x15bdb</run_address>
         <size>0x3fc</size>
         <input_file_ref idref="fl-d5"/>
      </object_component>
      <object_component id="oc-1e7">
         <name>.debug_info</name>
         <load_address>0x15fd7</load_address>
         <run_address>0x15fd7</run_address>
         <size>0x2e2</size>
         <input_file_ref idref="fl-d5"/>
      </object_component>
      <object_component id="oc-128">
         <name>.debug_info</name>
         <load_address>0x162b9</load_address>
         <run_address>0x162b9</run_address>
         <size>0x16e</size>
         <input_file_ref idref="fl-d5"/>
      </object_component>
      <object_component id="oc-14a">
         <name>.debug_info</name>
         <load_address>0x16427</load_address>
         <run_address>0x16427</run_address>
         <size>0x2c</size>
         <input_file_ref idref="fl-d5"/>
      </object_component>
      <object_component id="oc-326">
         <name>.debug_info</name>
         <load_address>0x16453</load_address>
         <run_address>0x16453</run_address>
         <size>0x300</size>
         <input_file_ref idref="fl-d6"/>
      </object_component>
      <object_component id="oc-26d">
         <name>.debug_info</name>
         <load_address>0x16753</load_address>
         <run_address>0x16753</run_address>
         <size>0x19c</size>
         <input_file_ref idref="fl-d6"/>
      </object_component>
      <object_component id="oc-3dc">
         <name>.debug_info</name>
         <load_address>0x168ef</load_address>
         <run_address>0x168ef</run_address>
         <size>0xbf</size>
         <input_file_ref idref="fl-d6"/>
      </object_component>
      <object_component id="oc-3db">
         <name>.debug_info</name>
         <load_address>0x169ae</load_address>
         <run_address>0x169ae</run_address>
         <size>0x374</size>
         <input_file_ref idref="fl-d7"/>
      </object_component>
      <object_component id="oc-320">
         <name>.debug_info</name>
         <load_address>0x16d22</load_address>
         <run_address>0x16d22</run_address>
         <size>0x20b</size>
         <input_file_ref idref="fl-d7"/>
      </object_component>
      <object_component id="oc-36f">
         <name>.debug_info</name>
         <load_address>0x16f2d</load_address>
         <run_address>0x16f2d</run_address>
         <size>0x14c</size>
         <input_file_ref idref="fl-d8"/>
      </object_component>
      <object_component id="oc-2d6">
         <name>.debug_info</name>
         <load_address>0x17079</load_address>
         <run_address>0x17079</run_address>
         <size>0x128</size>
         <input_file_ref idref="fl-d9"/>
      </object_component>
      <object_component id="oc-358">
         <name>.debug_info</name>
         <load_address>0x171a1</load_address>
         <run_address>0x171a1</run_address>
         <size>0x12a</size>
         <input_file_ref idref="fl-d9"/>
      </object_component>
      <object_component id="oc-353">
         <name>.debug_info</name>
         <load_address>0x172cb</load_address>
         <run_address>0x172cb</run_address>
         <size>0x13a</size>
         <input_file_ref idref="fl-da"/>
      </object_component>
      <object_component id="oc-34f">
         <name>.debug_info</name>
         <load_address>0x17405</load_address>
         <run_address>0x17405</run_address>
         <size>0x13a</size>
         <input_file_ref idref="fl-db"/>
      </object_component>
      <object_component id="oc-35e">
         <name>.debug_info</name>
         <load_address>0x1753f</load_address>
         <run_address>0x1753f</run_address>
         <size>0x12e</size>
         <input_file_ref idref="fl-dc"/>
      </object_component>
      <object_component id="oc-368">
         <name>.debug_info</name>
         <load_address>0x1766d</load_address>
         <run_address>0x1766d</run_address>
[...]
         <name>pvTimerGetTimerID</name>
         <value>0x398f</value>
         <object_component_ref idref="oc-f8"/>
      </symbol>
      <symbol id="sm-4ef">
         <name>vTimerSetTimerID</name>
         <value>0x39b7</value>
         <object_component_ref idref="oc-f8"/>
      </symbol>
      <symbol id="sm-538">
         <name>ulMaxSyscallInterruptPriority</name>
         <value>0x6558</value>
         <object_component_ref idref="oc-83"/>
      </symbol>
      <symbol id="sm-539">
         <name>vPortSetupTimerInterrupt</name>
         <value>0x3f2f</value>
         <object_component_ref idref="oc-35"/>
      </symbol>
      <symbol id="sm-53a">
         <name>vPortEndScheduler</name>
         <value>0x3e83</value>
         <object_component_ref idref="oc-35"/>
      </symbol>
      <symbol id="sm-53b">
         <name>xPortSysTickHandler</name>
         <value>0x3f09</value>
         <object_component_ref idref="oc-35"/>
      </symbol>
      <symbol id="sm-53c">
         <name>vPortValidateInterruptPriority</name>
         <value>0x3f3d</value>
         <object_component_ref idref="oc-35"/>
      </symbol>
      <symbol id="sm-53d">
         <name>pxPortInitialiseStack</name>
         <value>0x3d6d</value>
         <object_component_ref idref="oc-35"/>
      </symbol>
      <symbol id="sm-53e">
         <name>vPortExitCritical</name>
         <value>0x3ee1</value>
         <object_component_ref idref="oc-35"/>
      </symbol>
      <symbol id="sm-53f">
         <name>xPortStartScheduler</name>
         <value>0x3def</value>
         <object_component_ref idref="oc-35"/>
      </symbol>
      <symbol id="sm-540">
         <name>vPortEnterCritical</name>
         <value>0x3ea3</value>
         <object_component_ref idref="oc-35"/>
      </symbol>
      <symbol id="sm-54f">
         <name>vPortStartFirstTask</name>
         <value>0x5321</value>
         <object_component_ref idref="oc-30"/>
      </symbol>
      <symbol id="sm-550">
         <name>ulPortGetIPSR</name>
         <value>0x5289</value>
         <object_component_ref idref="oc-30"/>
      </symbol>
      <symbol id="sm-551">
         <name>vPortEnableVFP</name>
         <value>0x533d</value>
         <object_component_ref idref="oc-30"/>
      </symbol>
      <symbol id="sm-552">
         <name>xPortPendSVHandler</name>
         <value>0x52a1</value>
         <object_component_ref idref="oc-30"/>
      </symbol>
      <symbol id="sm-553">
         <name>vPortSVCHandler</name>
         <value>0x5301</value>
         <object_component_ref idref="oc-30"/>
      </symbol>
      <symbol id="sm-5ae">
         <name>vPortInitialiseBlocks</name>
         <value>0x3bd5</value>
         <object_component_ref idref="oc-107"/>
      </symbol>
      <symbol id="sm-5af">
         <name>xPortGetFreeHeapSize</name>
         <value>0x3bc9</value>
         <object_component_ref idref="oc-107"/>
      </symbol>
      <symbol id="sm-5b0">
         <name>pvPortMalloc</name>
         <value>0x3a01</value>
         <object_component_ref idref="oc-107"/>
      </symbol>
      <symbol id="sm-5b1">
         <name>vPortFree</name>
         <value>0x3b43</value>
         <object_component_ref idref="oc-107"/>
      </symbol>
      <symbol id="sm-5b2">
         <name>xPortGetMinimumEverFreeHeapSize</name>
         <value>0x3bcf</value>
         <object_component_ref idref="oc-107"/>
      </symbol>
      <symbol id="sm-5de">
         <name>printf</name>
         <value>0x5a51</value>
         <object_component_ref idref="oc-1d8"/>
      </symbol>
      <symbol id="sm-748">
         <name>__TI_printfi</name>
         <value>0x299d</value>
         <object_component_ref idref="oc-250"/>
      </symbol>
      <symbol id="sm-769">
         <name>__TI_doflush</name>
         <value>0x5e4d</value>
         <object_component_ref idref="oc-1eb"/>
      </symbol>
      <symbol id="sm-76a">
         <name>fflush</name>
         <value>0x56c9</value>
         <object_component_ref idref="oc-12a"/>
      </symbol>
      <symbol id="sm-77f">
         <name>putc</name>
         <value>0x5531</value>
         <object_component_ref idref="oc-310"/>
      </symbol>
      <symbol id="sm-780">
         <name>fputc</name>
         <value>0x5531</value>
         <object_component_ref idref="oc-310"/>
      </symbol>
      <symbol id="sm-7af">
         <name>puts</name>
         <value>0x6335</value>
         <object_component_ref idref="oc-124"/>
      </symbol>
      <symbol id="sm-7b0">
         <name>fputs</name>
         <value>0x4c99</value>
         <object_component_ref idref="oc-1e3"/>
      </symbol>
      <symbol id="sm-7c8">
         <name>__TI_wrt_ok</name>
         <value>0x5b81</value>
         <object_component_ref idref="oc-26b"/>
      </symbol>
      <symbol id="sm-7e4">
         <name>setvbuf</name>
         <value>0x519d</value>
         <object_component_ref idref="oc-31f"/>
      </symbol>
      <symbol id="sm-7fb">
         <name>__aeabi_dsub</name>
         <value>0x4621</value>
         <object_component_ref idref="oc-36c"/>
      </symbol>
      <symbol id="sm-7fc">
         <name>__aeabi_dadd</name>
         <value>0x462b</value>
         <object_component_ref idref="oc-36c"/>
      </symbol>
      <symbol id="sm-81e">
         <name>__aeabi_cdcmpeq</name>
         <value>0x55bd</value>
         <object_component_ref idref="oc-2d4"/>
      </symbol>
      <symbol id="sm-81f">
         <name>__aeabi_cdcmple</name>
         <value>0x55bd</value>
         <object_component_ref idref="oc-2d4"/>
      </symbol>
      <symbol id="sm-820">
         <name>__aeabi_cdrcmple</name>
         <value>0x5643</value>
         <object_component_ref idref="oc-357"/>
      </symbol>
      <symbol id="sm-834">
         <name>__aeabi_ddiv</name>
         <value>0x4915</value>
         <object_component_ref idref="oc-352"/>
      </symbol>
      <symbol id="sm-83f">
         <name>__aeabi_dmul</name>
         <value>0x4fbd</value>
         <object_component_ref idref="oc-34d"/>
      </symbol>
      <symbol id="sm-849">
         <name>__aeabi_d2iz</name>
         <value>0x5f2d</value>
         <object_component_ref idref="oc-35c"/>
      </symbol>
      <symbol id="sm-853">
         <name>__aeabi_i2d</name>
         <value>0x6241</value>
         <object_component_ref idref="oc-367"/>
      </symbol>
      <symbol id="sm-86e">
         <name>memcpy</name>
         <value>0x53ff</value>
         <object_component_ref idref="oc-49"/>
      </symbol>
      <symbol id="sm-86f">
         <name>__aeabi_memcpy</name>
         <value>0x53ff</value>
         <object_component_ref idref="oc-49"/>
      </symbol>
      <symbol id="sm-870">
         <name>__aeabi_memcpy8</name>
         <value>0x53ff</value>
         <object_component_ref idref="oc-49"/>
      </symbol>
      <symbol id="sm-871">
         <name>__aeabi_memcpy4</name>
         <value>0x53ff</value>
         <object_component_ref idref="oc-49"/>
      </symbol>
      <symbol id="sm-880">
         <name>__aeabi_memset</name>
         <value>0x5747</value>
         <object_component_ref idref="oc-c3"/>
      </symbol>
      <symbol id="sm-881">
         <name>memset</name>
         <value>0x574d</value>
         <object_component_ref idref="oc-c3"/>
      </symbol>
      <symbol id="sm-882">
         <name>__aeabi_memset8</name>
         <value>0x5747</value>
         <object_component_ref idref="oc-c3"/>
      </symbol>
      <symbol id="sm-883">
         <name>__aeabi_memset4</name>
         <value>0x5747</value>
         <object_component_ref idref="oc-c3"/>
      </symbol>
      <symbol id="sm-884">
         <name>__aeabi_memclr8</name>
         <value>0x5745</value>
         <object_component_ref idref="oc-c3"/>
      </symbol>
      <symbol id="sm-885">
         <name>__aeabi_memclr4</name>
         <value>0x5745</value>
         <object_component_ref idref="oc-c3"/>
      </symbol>
      <symbol id="sm-886">
         <name>__aeabi_memclr</name>
         <value>0x5745</value>
         <object_component_ref idref="oc-c3"/>
      </symbol>
      <symbol id="sm-893">
         <name>__aeabi_uldivmod</name>
         <value>0x549b</value>
         <object_component_ref idref="oc-346"/>
      </symbol>
      <symbol id="sm-8a5">
         <name>__TI_zero_init</name>
         <value>0x641d</value>
         <object_component_ref idref="oc-5b"/>
      </symbol>
      <symbol id="sm-8bc">
         <name>__TI_decompress_none</name>
         <value>0x640f</value>
         <object_component_ref idref="oc-1b"/>
      </symbol>
      <symbol id="sm-8df">
         <name>__TI_decompress_lzss</name>
         <value>0x59e9</value>
         <object_component_ref idref="oc-15"/>
      </symbol>
      <symbol id="sm-905">
         <name>C$$EXIT</name>
         <value>0x6451</value>
         <object_component_ref idref="oc-153"/>
      </symbol>
      <symbol id="sm-906">
         <name>abort</name>
         <value>0x6451</value>
         <object_component_ref idref="oc-153"/>
      </symbol>
      <symbol id="sm-907">
         <name>__TI_dtors_ptr</name>
         <value>0x20010924</value>
         <object_component_ref idref="oc-205"/>
      </symbol>
      <symbol id="sm-908">
         <name>__TI_cleanup_ptr</name>
         <value>0x20010920</value>
         <object_component_ref idref="oc-205"/>
      </symbol>
      <symbol id="sm-909">
         <name>__TI_enable_exit_profile_output</name>
         <value>0x20010928</value>
         <object_component_ref idref="oc-205"/>
      </symbol>
      <symbol id="sm-90a">
         <name>exit</name>
         <value>0x5ee5</value>
         <object_component_ref idref="oc-159"/>
      </symbol>
      <symbol id="sm-91f">
         <name>_nop</name>
         <value>0x33eb</value>
         <object_component_ref idref="oc-28c"/>
      </symbol>
      <symbol id="sm-920">
         <name>_lock</name>
         <value>0x20010944</value>
         <object_component_ref idref="oc-1f1"/>
      </symbol>
      <symbol id="sm-921">
         <name>_unlock</name>
         <value>0x20010948</value>
         <object_component_ref idref="oc-1f1"/>
      </symbol>
      <symbol id="sm-930">
         <name>__TI_ltoa</name>
         <value>0x5da7</value>
         <object_component_ref idref="oc-361"/>
      </symbol>
      <symbol id="sm-946">
         <name>atoi</name>
         <value>0x5e99</value>
         <object_component_ref idref="oc-2c8"/>
      </symbol>
      <symbol id="sm-951">
         <name>_ctypes_</name>
         <value>0x6454</value>
         <object_component_ref idref="oc-341"/>
      </symbol>
      <symbol id="sm-966">
         <name>__TI_tmpnams</name>
         <value>0x20010120</value>
      </symbol>
      <symbol id="sm-967">
         <name>__aeabi_stdout</name>
         <value>0x20010918</value>
         <object_component_ref idref="oc-1f4"/>
      </symbol>
      <symbol id="sm-968">
         <name>__aeabi_stderr</name>
         <value>0x2001091c</value>
         <object_component_ref idref="oc-1f4"/>
      </symbol>
      <symbol id="sm-969">
         <name>__aeabi_stdin</name>
         <value>0x20010914</value>
         <object_component_ref idref="oc-1f4"/>
      </symbol>
      <symbol id="sm-96a">
         <name>_ftable</name>
         <value>0x20010718</value>
         <object_component_ref idref="oc-130"/>
      </symbol>
      <symbol id="sm-96b">
         <name>__TI_ft_end</name>
         <value>0x20010910</value>
         <object_component_ref idref="oc-1f4"/>
      </symbol>
      <symbol id="sm-97b">
         <name>memccpy</name>
         <value>0x6371</value>
         <object_component_ref idref="oc-2f1"/>
      </symbol>
      <symbol id="sm-98b">
         <name>memchr</name>
         <value>0x6315</value>
         <object_component_ref idref="oc-277"/>
      </symbol>
      <symbol id="sm-a14">
         <name>_sys_memory</name>
         <value>0x20010318</value>
         <object_component_ref idref="oc-24"/>
      </symbol>
      <symbol id="sm-a15">
         <name>free</name>
         <value>0x50b9</value>
         <object_component_ref idref="oc-3c8"/>
      </symbol>
      <symbol id="sm-a16">
         <name>memalign</name>
         <value>0x4ebd</value>
         <object_component_ref idref="oc-446"/>
      </symbol>
      <symbol id="sm-a17">
         <name>malloc</name>
         <value>0x643d</value>
         <object_component_ref idref="oc-3ce"/>
      </symbol>
      <symbol id="sm-a18">
         <name>aligned_alloc</name>
         <value>0x4ebd</value>
         <object_component_ref idref="oc-446"/>
      </symbol>
      <symbol id="sm-a28">
         <name>strchr</name>
         <value>0x63bf</value>
         <object_component_ref idref="oc-398"/>
      </symbol>
      <symbol id="sm-a36">
         <name>strlen</name>
         <value>0x63e9</value>
         <object_component_ref idref="oc-271"/>
      </symbol>
      <symbol id="sm-a49">
         <name>__stack</name>
         <value>0x20010960</value>
         <object_component_ref idref="oc-27"/>
      </symbol>
      <symbol id="sm-a4a">
         <name>_c_int00_noargs</name>
         <value>0x61dd</value>
         <object_component_ref idref="oc-67"/>
      </symbol>
      <symbol id="sm-a64">
         <name>write</name>
         <value>0x62ed</value>
         <object_component_ref idref="oc-27d"/>
      </symbol>
      <symbol id="sm-a75">
         <name>_stream</name>
         <value>0x20010880</value>
         <object_component_ref idref="oc-32b"/>
      </symbol>
      <symbol id="sm-a76">
         <name>_device</name>
         <value>0x20010808</value>
         <object_component_ref idref="oc-3e7"/>
      </symbol>
      <symbol id="sm-a8c">
         <name>__aeabi_errno_addr</name>
         <value>0x6435</value>
         <object_component_ref idref="oc-2fd"/>
      </symbol>
      <symbol id="sm-a8d">
         <name>errno</name>
         <value>0x2001095c</value>
         <object_component_ref idref="oc-3a8"/>
      </symbol>
      <symbol id="sm-aa6">
         <name>wcslen</name>
         <value>0x63fd</value>
         <object_component_ref idref="oc-2f7"/>
      </symbol>
      <symbol id="sm-ac6">
         <name>frexpl</name>
         <value>0x5ab9</value>
         <object_component_ref idref="oc-38c"/>
      </symbol>
      <symbol id="sm-ac7">
         <name>frexp</name>
         <value>0x5ab9</value>
         <object_component_ref idref="oc-38c"/>
      </symbol>
      <symbol id="sm-ae4">
         <name>scalbn</name>
         <value>0x4dad</value>
         <object_component_ref idref="oc-392"/>
      </symbol>
      <symbol id="sm-ae5">
         <name>scalbnl</name>
         <value>0x4dad</value>
         <object_component_ref idref="oc-392"/>
      </symbol>
      <symbol id="sm-ae6">
         <name>ldexpl</name>
         <value>0x4dad</value>
         <object_component_ref idref="oc-392"/>
      </symbol>
      <symbol id="sm-ae7">
         <name>ldexp</name>
         <value>0x4dad</value>
         <object_component_ref idref="oc-392"/>
      </symbol>
      <symbol id="sm-af7">
         <name>__TI_cleanup</name>
         <value>0x6175</value>
         <object_component_ref idref="oc-3d4"/>
      </symbol>
      <symbol id="sm-b09">
         <name>fseek</name>
         <value>0x5b1d</value>
         <object_component_ref idref="oc-319"/>
      </symbol>
      <symbol id="sm-b13">
         <name>__aeabi_idiv0</name>
         <value>0x47d7</value>
         <object_component_ref idref="oc-3fe"/>
      </symbol>
      <symbol id="sm-b14">
         <name>__aeabi_ldiv0</name>
         <value>0x47d7</value>
         <object_component_ref idref="oc-3fe"/>
      </symbol>
      <symbol id="sm-b3c">
         <name>__TI_auto_init_nobinit_nopinit</name>
         <value>0x5ffd</value>
         <object_component_ref idref="oc-15f"/>
      </symbol>
      <symbol id="sm-b46">
         <name>_system_pre_init</name>
         <value>0x644d</value>
         <object_component_ref idref="oc-c9"/>
      </symbol>
      <symbol id="sm-b59">
         <name>HOSTclose</name>
         <value>0x5f75</value>
         <object_component_ref idref="oc-45c"/>
      </symbol>
      <symbol id="sm-b6a">
         <name>HOSTlseek</name>
         <value>0x5981</value>
         <object_component_ref idref="oc-46e"/>
      </symbol>
      <symbol id="sm-b7c">
         <name>parmbuf</name>
         <value>0x20010308</value>
      </symbol>
      <symbol id="sm-b7d">
         <name>HOSTopen</name>
         <value>0x5be5</value>
         <object_component_ref idref="oc-456"/>
      </symbol>
      <symbol id="sm-b8e">
         <name>HOSTread</name>
         <value>0x5ca1</value>
         <object_component_ref idref="oc-462"/>
      </symbol>
      <symbol id="sm-b9f">
         <name>HOSTrename</name>
         <value>0x5915</value>
         <object_component_ref idref="oc-47a"/>
      </symbol>
      <symbol id="sm-bb0">
         <name>HOSTunlink</name>
         <value>0x5fb9</value>
         <object_component_ref idref="oc-474"/>
      </symbol>
      <symbol id="sm-bc1">
         <name>HOSTwrite</name>
         <value>0x5cf9</value>
         <object_component_ref idref="oc-468"/>
      </symbol>
      <symbol id="sm-be5">
         <name>__TI_readmsg</name>
         <value>0x61a9</value>
         <object_component_ref idref="oc-4b8"/>
      </symbol>
      <symbol id="sm-be6">
         <name>C$$IO$$</name>
         <value>0x6133</value>
         <object_component_ref idref="oc-4b2"/>
      </symbol>
      <symbol id="sm-be7">
         <name>__CIOBUF_</name>
         <value>0x20010000</value>
         <object_component_ref idref="oc-4e3"/>
      </symbol>
      <symbol id="sm-be8">
         <name>__TI_writemsg</name>
         <value>0x6105</value>
         <object_component_ref idref="oc-4b2"/>
      </symbol>
      <symbol id="sm-bf9">
         <name>lseek</name>
         <value>0x62c5</value>
         <object_component_ref idref="oc-3c0"/>
      </symbol>
      <symbol id="sm-c03">
         <name>copysign</name>
         <value>0x638d</value>
         <object_component_ref idref="oc-417"/>
      </symbol>
      <symbol id="sm-c04">
         <name>copysignl</name>
         <value>0x638d</value>
         <object_component_ref idref="oc-417"/>
      </symbol>
      <symbol id="sm-c19">
         <name>__TI_closefile</name>
         <value>0x57c1</value>
         <object_component_ref idref="oc-44d"/>
      </symbol>
      <symbol id="sm-c3c">
         <name>finddevice</name>
         <value>0x6211</value>
         <object_component_ref idref="oc-501"/>
      </symbol>
      <symbol id="sm-c3d">
         <name>getdevice</name>
         <value>0x6041</value>
         <object_component_ref idref="oc-4d9"/>
      </symbol>
      <symbol id="sm-c4c">
         <name>strcmp</name>
         <value>0x63a7</value>
         <object_component_ref idref="oc-518"/>
      </symbol>
      <symbol id="sm-c5a">
         <name>strcpy</name>
         <value>0x63d5</value>
         <object_component_ref idref="oc-4cc"/>
      </symbol>
      <symbol id="sm-c6a">
         <name>strncpy</name>
         <value>0x613d</value>
         <object_component_ref idref="oc-4fb"/>
      </symbol>
      <symbol id="sm-c7f">
         <name>close</name>
         <value>0x5c45</value>
         <object_component_ref idref="oc-4a3"/>
      </symbol>
      <symbol id="sm-c8f">
         <name>unlink</name>
         <value>0x6271</value>
         <object_component_ref idref="oc-4a9"/>
      </symbol>
      <symbol id="sm-c90">
         <name>__TI_static_base__</name>
         <value>0x0</value>
      </symbol>
      <symbol id="sm-c93">
         <name>__mpu_init</name>
         <value>0x0</value>
      </symbol>
      <symbol id="sm-c94">
         <name>_system_post_cinit</name>
         <value>0x0</value>
      </symbol>
      <symbol id="sm-c95">
         <name>remove</name>
         <value>0x6271</value>
      </symbol>
   </symbol_table>
   <title>Link successful</title>
</link_info>
