******************************************************************************
                  TI ARM Linker PC v20.2.7                     
******************************************************************************
>> Linked Mon Nov  6 16:23:25 2023

OUTPUT FILE NAME:   <FreeRTOS_project.out>
ENTRY POINT SYMBOL: "_c_int00_noargs"  address: 0000461d


MEMORY CONFIGURATION

         name            origin    length      used     unused   attr    fill
----------------------  --------  ---------  --------  --------  ----  --------
  FLASH                 00000000   00100000  000048c4  000fb73c  R  X
  SRAM                  20000000   00040000  00010b78  0002f488  RW X


SEGMENT ALLOCATION MAP

run origin  load origin   length   init length attrs members
----------  ----------- ---------- ----------- ----- -------
00000000    00000000    000048c8   000048c8    r-x
  00000000    00000000    00000208   00000208    r-- .intvecs
  00000208    00000208    00004604   00004604    r-x .text
  0000480c    0000480c    00000008   00000008    r-- .const
  00004818    00004818    000000b0   000000b0    r-- .cinit
20000000    20000000    00010b78   00000000    rw-
  20000000    20000000    00010328   00000000    rw- .bss
  20010328    20010328    00000400   00000000    rw- .sysmem
  20010728    20010728    00000250   00000000    rw- .data
  20010978    20010978    00000200   00000000    rw- .stack


SECTION ALLOCATION MAP

 output                                  attributes/
section   page    origin      length       input sections
--------  ----  ----------  ----------   ----------------
.intvecs   0    00000000    00000208     
                  00000000    00000208     tm4c129encpdt_startup_ccs.obj (.intvecs)

.text      0    00000208    00004604     
                  00000208    00001aac     tasks.obj (.text)
                  00001cb4    00000ce8     queue.obj (.text)
                  0000299c    00000614     timers.obj (.text)
                  00002fb0    0000036c     heap_4.obj (.text)
                  0000331c    00000298     port.obj (.text)
                  000035b4    000001f0     queueExamples.obj (.text)
                  000037a4    0000012a     list.obj (.text)
                  000038ce    00000002     rtsv7M4_T_le_v4SPD16_eabi.lib : _lock.c.obj (.text:_nop)
                  000038d0    00000114                                   : fputs.c.obj (.text:fputs)
                  000039e4    00000100                                   : memory.c.obj (.text:aligned_alloc)
                  00003ae4    000000e4                                   : memory.c.obj (.text:free)
                  00003bc8    000000dc                                   : setvbuf.c.obj (.text:setvbuf)
                  00003ca4    000000d2     portasm.obj (.text)
                  00003d76    0000009c     rtsv7M4_T_le_v4SPD16_eabi.lib : memcpy_t2.asm.obj (.text)
                  00003e12    00000002     --HOLE-- [fill = 0]
                  00003e14    0000007c                                   : fflush.c.obj (.text:fflush)
                  00003e90    0000007a                                   : memset_t2.asm.obj (.text)
                  00003f0a    00000002     --HOLE-- [fill = 0]
                  00003f0c    00000074                                   : fclose.c.obj (.text:__TI_closefile)
                  00003f80    00000070                                   : memory.c.obj (.text:split)
                  00003ff0    0000006c                                   : hostrename.c.obj (.text:HOSTrename)
                  0000405c    00000068                                   : hostlseek.c.obj (.text:HOSTlseek)
                  000040c4    00000068                                   : copy_decompress_lzss.c.obj (.text:decompress:lzss:__TI_decompress_lzss)
                  0000412c    00000064                                   : fseek.c.obj (.text:fseek)
                  00004190    00000062                                   : _io_perm.c.obj (.text:__TI_wrt_ok)
                  000041f2    00000002     --HOLE-- [fill = 0]
                  000041f4    00000060                                   : hostopen.c.obj (.text:HOSTopen)
                  00004254    0000005c                                   : close.c.obj (.text:close)
                  000042b0    00000058                                   : hostread.c.obj (.text:HOSTread)
                  00004308    00000058                                   : hostwrite.c.obj (.text:HOSTwrite)
                  00004360    0000004c                                   : fflush.c.obj (.text:__TI_doflush)
                  000043ac    00000048                                   : exit.c.obj (.text:exit)
                  000043f4    00000044                                   : hostclose.c.obj (.text:HOSTclose)
                  00004438    00000044                                   : hostunlink.c.obj (.text:HOSTunlink)
                  0000447c    00000044                                   : autoinit.c.obj (.text:__TI_auto_init_nobinit_nopinit:__TI_auto_init_nobinit_nopinit)
                  000044c0    00000044                                   : getdevice.c.obj (.text:getdevice)
                  00004504    00000040     main.obj (.text)
                  00004544    00000038     rtsv7M4_T_le_v4SPD16_eabi.lib : trgmsg.c.obj (.text:__TI_writemsg)
                  0000457c    00000036                                   : strncpy.c.obj (.text:strncpy)
                  000045b2    00000002     --HOLE-- [fill = 0]
                  000045b4    00000034                                   : fopen.c.obj (.text:__TI_cleanup)
                  000045e8    00000034                                   : trgmsg.c.obj (.text:__TI_readmsg)
                  0000461c    00000034                                   : boot_cortex_m.c.obj (.text:_c_int00_noargs:_c_int00_noargs)
                  00004650    00000030                                   : getdevice.c.obj (.text:finddevice)
                  00004680    0000002c                                   : unlink.c.obj (.text:unlink)
                  000046ac    00000028                                   : memory.c.obj (.text:free_list_insert)
                  000046d4    00000028                                   : lseek.c.obj (.text:lseek)
                  000046fc    00000028                                   : write.c.obj (.text:write)
                  00004724    00000020                                   : memchr.c.obj (.text:memchr)
                  00004744    00000020                                   : fputs.c.obj (.text:puts)
                  00004764    0000001c                                   : memory.c.obj (.text:free_list_remove)
                  00004780    00000018                                   : strcmp.c.obj (.text:strcmp)
                  00004798    00000016                                   : strchr.c.obj (.text:strchr)
                  000047ae    00000014                                   : strcpy.c.obj (.text:strcpy)
                  000047c2    00000014                                   : strlen.c.obj (.text:strlen)
                  000047d6    0000000e                                   : copy_decompress_none.c.obj (.text:decompress:none:__TI_decompress_none)
                  000047e4    0000000c                                   : copy_zero_init.c.obj (.text:decompress:ZI:__TI_zero_init)
                  000047f0    0000000c     tm4c129encpdt_startup_ccs.obj (.text)
                  000047fc    00000008     rtsv7M4_T_le_v4SPD16_eabi.lib : memory.c.obj (.text:malloc)
                  00004804    00000004                                   : pre_init.c.obj (.text:_system_pre_init)
                  00004808    00000004                                   : exit.c.obj (.text:abort:abort)

.const     0    0000480c    00000008     
                  0000480c    00000008     port.obj (.const)

.cinit     0    00004818    000000b0     
                  00004818    00000087     (.cinit..data.load) [load image, compression = lzss]
                  0000489f    00000001     --HOLE-- [fill = 0]
                  000048a0    0000000c     (__TI_handler_table)
                  000048ac    00000004     --HOLE-- [fill = 0]
                  000048b0    00000008     (.cinit..bss.load) [load image, compression = zero_init]
                  000048b8    00000010     (__TI_cinit_table)

.init_array 
*          0    00000000    00000000     UNINITIALIZED

.bss       0    20000000    00010328     UNINITIALIZED
                  20000000    00010000     heap_4.obj (.bss:ucHeap)
                  20010000    00000120     rtsv7M4_T_le_v4SPD16_eabi.lib : trgmsg.c.obj (.bss:_CIOBUF_)
                  20010120    000000a0     (.common:__TI_tmpnams)
                  200101c0    00000064     tasks.obj (.bss:pxReadyTasksLists)
                  20010224    00000040     (.common:xQueueRegistry)
                  20010264    00000014     timers.obj (.bss:xActiveTimerList1)
                  20010278    00000014     timers.obj (.bss:xActiveTimerList2)
                  2001028c    00000014     tasks.obj (.bss:xDelayedTaskList1)
                  200102a0    00000014     tasks.obj (.bss:xDelayedTaskList2)
                  200102b4    00000014     tasks.obj (.bss:xPendingReadyList)
                  200102c8    00000014     tasks.obj (.bss:xSuspendedTaskList)
                  200102dc    00000014     tasks.obj (.bss:xTasksWaitingTermination)
                  200102f0    00000014     (.common:uxBuffer)
                  20010304    00000008     tasks.obj (.bss)
                  2001030c    00000008     timers.obj (.bss)
                  20010314    00000008     heap_4.obj (.bss:xStart)
                  2001031c    00000008     (.common:parmbuf)
                  20010324    00000004     (.common:peakElement)

.sysmem    0    20010328    00000400     UNINITIALIZED
                  20010328    00000010     rtsv7M4_T_le_v4SPD16_eabi.lib : memory.c.obj (.sysmem)
                  20010338    000003f0     --HOLE--

.data      0    20010728    00000250     UNINITIALIZED
                  20010728    000000f0     rtsv7M4_T_le_v4SPD16_eabi.lib : defs.c.obj (.data:_ftable)
                  20010818    00000078                                   : host_device.c.obj (.data:_device)
                  20010890    00000050                                   : host_device.c.obj (.data:_stream)
                  200108e0    00000030     tasks.obj (.data)
                  20010910    00000014     queueExamples.obj (.data:Data)
                  20010924    00000010     heap_4.obj (.data)
                  20010934    00000010     rtsv7M4_T_le_v4SPD16_eabi.lib : defs.c.obj (.data)
                  20010944    0000000c                                   : exit.c.obj (.data:$O1$$)
                  20010950    0000000c     port.obj (.data)
                  2001095c    00000008     rtsv7M4_T_le_v4SPD16_eabi.lib : _lock.c.obj (.data:$O1$$)
                  20010964    00000008                                   : memory.c.obj (.data:$O1$$)
                  2001096c    00000008     timers.obj (.data)
                  20010974    00000004     queueExamples.obj (.data)

.stack     0    20010978    00000200     UNINITIALIZED
                  20010978    00000004     rtsv7M4_T_le_v4SPD16_eabi.lib : boot_cortex_m.c.obj (.stack)
                  2001097c    000001fc     --HOLE--

__llvm_prf_cnts 
*          0    20000000    00000000     UNINITIALIZED

MODULE SUMMARY

       Module                          code    ro data   rw data
       ------                          ----    -------   -------
    .\
       tm4c129encpdt_startup_ccs.obj   12      520       0      
    +--+-------------------------------+-------+---------+---------+
       Total:                          12      520       0      
                                                                
    .\Core\src\
       queueExamples.obj               496     0         48     
       main.obj                        64      0         0      
    +--+-------------------------------+-------+---------+---------+
       Total:                          560     0         48     
                                                                
    .\ThirdParty\FreeRTOS\Source\
       tasks.obj                       6828    0         256    
       queue.obj                       3304    0         64     
       timers.obj                      1556    0         56     
       list.obj                        298     0         0      
    +--+-------------------------------+-------+---------+---------+
       Total:                          11986   0         376    
                                                                
    .\ThirdParty\FreeRTOS\Source\portable\CCS\ARM_CM4F\
       port.obj                        664     8         12     
       portasm.obj                     210     0         0      
    +--+-------------------------------+-------+---------+---------+
       Total:                          874     8         12     
                                                                
    .\ThirdParty\FreeRTOS\Source\portable\MemMang\
       heap_4.obj                      876     0         65560  
    +--+-------------------------------+-------+---------+---------+
       Total:                          876     0         65560  
                                                                
    C:\ti\ccs1240\ccs\tools\compiler\ti-cgt-arm_20.2.7.LTS\lib\rtsv7M4_T_le_v4SPD16_eabi.lib
       memory.c.obj                    672     0         8      
       defs.c.obj                      0       0         416    
       trgmsg.c.obj                    108     0         288    
       fputs.c.obj                     308     0         0      
       setvbuf.c.obj                   220     0         0      
       fflush.c.obj                    200     0         0      
       host_device.c.obj               0       0         200    
       memcpy_t2.asm.obj               156     0         0      
       memset_t2.asm.obj               122     0         0      
       fclose.c.obj                    116     0         0      
       getdevice.c.obj                 116     0         0      
       hostrename.c.obj                108     0         0      
       copy_decompress_lzss.c.obj      104     0         0      
       hostlseek.c.obj                 104     0         0      
       hostopen.c.obj                  96      0         8      
       fseek.c.obj                     100     0         0      
       _io_perm.c.obj                  98      0         0      
       close.c.obj                     92      0         0      
       exit.c.obj                      76      0         12     
       hostread.c.obj                  88      0         0      
       hostwrite.c.obj                 88      0         0      
       autoinit.c.obj                  68      0         0      
       hostclose.c.obj                 68      0         0      
       hostunlink.c.obj                68      0         0      
       strncpy.c.obj                   54      0         0      
       boot_cortex_m.c.obj             52      0         0      
       fopen.c.obj                     52      0         0      
       unlink.c.obj                    44      0         0      
       lseek.c.obj                     40      0         0      
       write.c.obj                     40      0         0      
       memchr.c.obj                    32      0         0      
       strcmp.c.obj                    24      0         0      
       strchr.c.obj                    22      0         0      
       strcpy.c.obj                    20      0         0      
       strlen.c.obj                    20      0         0      
       copy_decompress_none.c.obj      14      0         0      
       copy_zero_init.c.obj            12      0         0      
       _lock.c.obj                     2       0         8      
       pre_init.c.obj                  4       0         0      
    +--+-------------------------------+-------+---------+---------+
       Total:                          3608    0         940    
                                                                
       Heap:                           0       0         1024   
       Stack:                          0       0         512    
       Linker Generated:               0       171       0      
    +--+-------------------------------+-------+---------+---------+
       Grand Total:                    17916   699       68472  


LINKER GENERATED COPY TABLES

__TI_cinit_table @ 000048b8 records: 2, size/record: 8, table size: 16
	.data: load addr=00004818, load size=00000087 bytes, run addr=20010728, run size=00000250 bytes, compression=lzss
	.bss: load addr=000048b0, load size=00000008 bytes, run addr=20000000, run size=00010328 bytes, compression=zero_init


LINKER GENERATED HANDLER TABLE

__TI_handler_table @ 000048a0 records: 3, size/record: 4, table size: 12
	index: 0, handler: __TI_decompress_lzss
	index: 1, handler: __TI_decompress_none
	index: 2, handler: __TI_zero_init


GLOBAL SYMBOLS: SORTED ALPHABETICALLY BY Name 

address   name                             
-------   ----                             
00004809  C$$EXIT                          
00004573  C$$IO$$                          
20010910  Data                             
000043f5  HOSTclose                        
0000405d  HOSTlseek                        
000041f5  HOSTopen                         
000042b1  HOSTread                         
00003ff1  HOSTrename                       
00004439  HOSTunlink                       
00004309  HOSTwrite                        
000047f1  ResetISR                         
20010000  __CIOBUF_                        
20010b78  __STACK_END                      
00000200  __STACK_SIZE                     
20010b78  __STACK_TOP                      
00000400  __SYSMEM_SIZE                    
000048b8  __TI_CINIT_Base                  
000048c8  __TI_CINIT_Limit                 
000048a0  __TI_Handler_Table_Base          
000048ac  __TI_Handler_Table_Limit         
0000447d  __TI_auto_init_nobinit_nopinit   
000045b5  __TI_cleanup                     
20010944  __TI_cleanup_ptr                 
00003f0d  __TI_closefile                   
000040c5  __TI_decompress_lzss             
000047d7  __TI_decompress_none             
00004361  __TI_doflush                     
20010948  __TI_dtors_ptr                   
2001094c  __TI_enable_exit_profile_output  
20010934  __TI_ft_end                      
ffffffff  __TI_pprof_out_hndl              
ffffffff  __TI_prof_data_size              
ffffffff  __TI_prof_data_start             
000045e9  __TI_readmsg                     
00000000  __TI_static_base__               
20010120  __TI_tmpnams                     
00004545  __TI_writemsg                    
00004191  __TI_wrt_ok                      
000047e5  __TI_zero_init                   
00003e91  __aeabi_memclr                   
00003e91  __aeabi_memclr4                  
00003e91  __aeabi_memclr8                  
00003d77  __aeabi_memcpy                   
00003d77  __aeabi_memcpy4                  
00003d77  __aeabi_memcpy8                  
00003e93  __aeabi_memset                   
00003e93  __aeabi_memset4                  
00003e93  __aeabi_memset8                  
20010940  __aeabi_stderr                   
20010938  __aeabi_stdin                    
2001093c  __aeabi_stdout                   
ffffffff  __binit__                        
ffffffff  __c_args__                       
UNDEFED   __mpu_init                       
20010978  __stack                          
20000000  __start___llvm_prf_cnts          
20000000  __stop___llvm_prf_cnts           
0000461d  _c_int00_noargs                  
20010818  _device                          
20010728  _ftable                          
2001095c  _lock                            
000038cf  _nop                             
20010890  _stream                          
20010328  _sys_memory                      
UNDEFED   _system_post_cinit               
00004805  _system_pre_init                 
20010960  _unlock                          
00004809  abort                            
000039e5  aligned_alloc                    
ffffffff  binit                            
00004255  close                            
000043ad  exit                             
00003e15  fflush                           
00004651  finddevice                       
000038d1  fputs                            
00003ae5  free                             
0000412d  fseek                            
00000000  g_pfnVectors                     
000044c1  getdevice                        
000046d5  lseek                            
00004505  main                             
000047fd  malloc                           
000039e5  memalign                         
00004725  memchr                           
00003d77  memcpy                           
00003e99  memset                           
2001031c  parmbuf                          
00002ac7  pcTimerGetTimerName              
20010324  peakElement                      
00004745  puts                             
00002fb1  pvPortMalloc                     
00001773  pvTaskIncrementMutexHeldCount    
00002f3f  pvTimerGetTimerID                
200108e0  pxCurrentTCB                     
0000331d  pxPortInitialiseStack            
00003605  qCreate                          
000036eb  qDelete                          
20010974  qHandle                          
000035f7  qNumMsgInBuffer                  
000035d5  qPeakElement                     
000036ad  qReceive                         
00003631  qSendToBack                      
0000366f  qSendToFront                     
000035b5  queueExamples                    
00004681  remove                           
00003bc9  setvbuf                          
00004799  strchr                           
00004781  strcmp                           
000047af  strcpy                           
000047c3  strlen                           
0000457d  strncpy                          
0000269b  ucQueueGetQueueType              
0000480c  ulMaxSyscallInterruptPriority    
00003cb5  ulPortGetIPSR                    
00001791  ulTaskNotifyTake                 
00004681  unlink                           
200102f0  uxBuffer                         
00003887  uxListRemove                     
0000267b  uxQueueGetQueueNumber            
000025e3  uxQueueMessagesWaiting           
0000263b  uxQueueMessagesWaitingFromISR    
0000260d  uxQueueSpacesAvailable           
00000b51  uxTaskGetNumberOfTasks           
00000b57  uxTaskGetSystemState             
00001175  uxTaskGetTaskNumber              
000005a1  uxTaskPriorityGet                
000005c9  uxTaskPriorityGetFromISR         
00001751  uxTaskResetEventItemValue        
0000450f  vAssertCalled                    
000037a5  vListInitialise                  
000037d5  vListInitialiseItem              
00003821  vListInsert                      
000037e5  vListInsertEnd                   
00003d69  vPortEnableVFP                   
00003433  vPortEndScheduler                
00003453  vPortEnterCritical               
00003491  vPortExitCritical                
000030f3  vPortFree                        
00003185  vPortInitialiseBlocks            
00003d2d  vPortSVCHandler                  
000034df  vPortSetupTimerInterrupt         
00003d4d  vPortStartFirstTask              
000034ed  vPortValidateInterruptPriority   
000028c1  vQueueAddToRegistry              
00002657  vQueueDelete                     
00002689  vQueueSetQueueNumber             
00002903  vQueueUnregisterQueue            
0000293d  vQueueWaitForMessageRestricted   
00000525  vTaskDelay                       
0000040d  vTaskDelayUntil                  
0000035b  vTaskDelete                      
00000a01  vTaskEndScheduler                
00001167  vTaskMissedYield                 
00001b8f  vTaskNotifyGiveFromISR           
00000df9  vTaskPlaceOnEventList            
00000f09  vTaskPlaceOnEventListRestricted  
00000e6d  vTaskPlaceOnUnorderedEventList   
000015d1  vTaskPriorityInherit             
00000619  vTaskPrioritySet                 
0000085b  vTaskResume                      
00001195  vTaskSetTaskNumber               
000010a7  vTaskSetTimeOutState             
0000098d  vTaskStartScheduler              
00000745  vTaskSuspend                     
00000a1d  vTaskSuspendAll                  
00000d75  vTaskSwitchContext               
00002f67  vTimerSetTimerID                 
000046fd  write                            
00003179  xPortGetFreeHeapSize             
0000317f  xPortGetMinimumEverFreeHeapSize  
00003ccd  xPortPendSVHandler               
0000339f  xPortStartScheduler              
000034b9  xPortSysTickHandler              
00001f09  xQueueCreateCountingSemaphore    
00001df1  xQueueCreateMutex                
00001d5f  xQueueGenericCreate              
000022d9  xQueueGenericReceive             
00001cb5  xQueueGenericReset               
00001f91  xQueueGenericSend                
00002125  xQueueGenericSendFromISR         
0000220b  xQueueGiveFromISR                
00001e67  xQueueGiveMutexRecursive         
00002849  xQueueIsQueueEmptyFromISR        
00002895  xQueueIsQueueFullFromISR         
00002549  xQueuePeekFromISR                
00002491  xQueueReceiveFromISR             
20010224  xQueueRegistry                   
00001eb1  xQueueTakeMutexRecursive         
000010d1  xTaskCheckForTimeOut             
00000209  xTaskGenericCreate               
00001943  xTaskGenericNotify               
00001a65  xTaskGenericNotifyFromISR        
00001589  xTaskGetCurrentTaskHandle        
000015a1  xTaskGetSchedulerState           
00000b2d  xTaskGetTickCount                
00000b3d  xTaskGetTickCountFromISR         
00000c35  xTaskIncrementTick               
00001c5d  xTaskNotifyStateClear            
00001859  xTaskNotifyWait                  
0000168b  xTaskPriorityDisinherit          
00000f79  xTaskRemoveFromEventList         
00001009  xTaskRemoveFromUnorderedEventList
00000a35  xTaskResumeAll                   
000008e9  xTaskResumeFromISR               
000029e5  xTimerCreate                     
0000299d  xTimerCreateTimerTask            
00002a4d  xTimerGenericCommand             
00002f05  xTimerIsTimerActive              


GLOBAL SYMBOLS: SORTED BY Symbol Address 

address   name                             
-------   ----                             
00000000  __TI_static_base__               
00000000  g_pfnVectors                     
00000200  __STACK_SIZE                     
00000209  xTaskGenericCreate               
0000035b  vTaskDelete                      
00000400  __SYSMEM_SIZE                    
0000040d  vTaskDelayUntil                  
00000525  vTaskDelay                       
000005a1  uxTaskPriorityGet                
000005c9  uxTaskPriorityGetFromISR         
00000619  vTaskPrioritySet                 
00000745  vTaskSuspend                     
0000085b  vTaskResume                      
000008e9  xTaskResumeFromISR               
0000098d  vTaskStartScheduler              
00000a01  vTaskEndScheduler                
00000a1d  vTaskSuspendAll                  
00000a35  xTaskResumeAll                   
00000b2d  xTaskGetTickCount                
00000b3d  xTaskGetTickCountFromISR         
00000b51  uxTaskGetNumberOfTasks           
00000b57  uxTaskGetSystemState             
00000c35  xTaskIncrementTick               
00000d75  vTaskSwitchContext               
00000df9  vTaskPlaceOnEventList            
00000e6d  vTaskPlaceOnUnorderedEventList   
00000f09  vTaskPlaceOnEventListRestricted  
00000f79  xTaskRemoveFromEventList         
00001009  xTaskRemoveFromUnorderedEventList
000010a7  vTaskSetTimeOutState             
000010d1  xTaskCheckForTimeOut             
00001167  vTaskMissedYield                 
00001175  uxTaskGetTaskNumber              
00001195  vTaskSetTaskNumber               
00001589  xTaskGetCurrentTaskHandle        
000015a1  xTaskGetSchedulerState           
000015d1  vTaskPriorityInherit             
0000168b  xTaskPriorityDisinherit          
00001751  uxTaskResetEventItemValue        
00001773  pvTaskIncrementMutexHeldCount    
00001791  ulTaskNotifyTake                 
00001859  xTaskNotifyWait                  
00001943  xTaskGenericNotify               
00001a65  xTaskGenericNotifyFromISR        
00001b8f  vTaskNotifyGiveFromISR           
00001c5d  xTaskNotifyStateClear            
00001cb5  xQueueGenericReset               
00001d5f  xQueueGenericCreate              
00001df1  xQueueCreateMutex                
00001e67  xQueueGiveMutexRecursive         
00001eb1  xQueueTakeMutexRecursive         
00001f09  xQueueCreateCountingSemaphore    
00001f91  xQueueGenericSend                
00002125  xQueueGenericSendFromISR         
0000220b  xQueueGiveFromISR                
000022d9  xQueueGenericReceive             
00002491  xQueueReceiveFromISR             
00002549  xQueuePeekFromISR                
000025e3  uxQueueMessagesWaiting           
0000260d  uxQueueSpacesAvailable           
0000263b  uxQueueMessagesWaitingFromISR    
00002657  vQueueDelete                     
0000267b  uxQueueGetQueueNumber            
00002689  vQueueSetQueueNumber             
0000269b  ucQueueGetQueueType              
00002849  xQueueIsQueueEmptyFromISR        
00002895  xQueueIsQueueFullFromISR         
000028c1  vQueueAddToRegistry              
00002903  vQueueUnregisterQueue            
0000293d  vQueueWaitForMessageRestricted   
0000299d  xTimerCreateTimerTask            
000029e5  xTimerCreate                     
00002a4d  xTimerGenericCommand             
00002ac7  pcTimerGetTimerName              
00002f05  xTimerIsTimerActive              
00002f3f  pvTimerGetTimerID                
00002f67  vTimerSetTimerID                 
00002fb1  pvPortMalloc                     
000030f3  vPortFree                        
00003179  xPortGetFreeHeapSize             
0000317f  xPortGetMinimumEverFreeHeapSize  
00003185  vPortInitialiseBlocks            
0000331d  pxPortInitialiseStack            
0000339f  xPortStartScheduler              
00003433  vPortEndScheduler                
00003453  vPortEnterCritical               
00003491  vPortExitCritical                
000034b9  xPortSysTickHandler              
000034df  vPortSetupTimerInterrupt         
000034ed  vPortValidateInterruptPriority   
000035b5  queueExamples                    
000035d5  qPeakElement                     
000035f7  qNumMsgInBuffer                  
00003605  qCreate                          
00003631  qSendToBack                      
0000366f  qSendToFront                     
000036ad  qReceive                         
000036eb  qDelete                          
000037a5  vListInitialise                  
000037d5  vListInitialiseItem              
000037e5  vListInsertEnd                   
00003821  vListInsert                      
00003887  uxListRemove                     
000038cf  _nop                             
000038d1  fputs                            
000039e5  aligned_alloc                    
000039e5  memalign                         
00003ae5  free                             
00003bc9  setvbuf                          
00003cb5  ulPortGetIPSR                    
00003ccd  xPortPendSVHandler               
00003d2d  vPortSVCHandler                  
00003d4d  vPortStartFirstTask              
00003d69  vPortEnableVFP                   
00003d77  __aeabi_memcpy                   
00003d77  __aeabi_memcpy4                  
00003d77  __aeabi_memcpy8                  
00003d77  memcpy                           
00003e15  fflush                           
00003e91  __aeabi_memclr                   
00003e91  __aeabi_memclr4                  
00003e91  __aeabi_memclr8                  
00003e93  __aeabi_memset                   
00003e93  __aeabi_memset4                  
00003e93  __aeabi_memset8                  
00003e99  memset                           
00003f0d  __TI_closefile                   
00003ff1  HOSTrename                       
0000405d  HOSTlseek                        
000040c5  __TI_decompress_lzss             
0000412d  fseek                            
00004191  __TI_wrt_ok                      
000041f5  HOSTopen                         
00004255  close                            
000042b1  HOSTread                         
00004309  HOSTwrite                        
00004361  __TI_doflush                     
000043ad  exit                             
000043f5  HOSTclose                        
00004439  HOSTunlink                       
0000447d  __TI_auto_init_nobinit_nopinit   
000044c1  getdevice                        
00004505  main                             
0000450f  vAssertCalled                    
00004545  __TI_writemsg                    
00004573  C$$IO$$                          
0000457d  strncpy                          
000045b5  __TI_cleanup                     
000045e9  __TI_readmsg                     
0000461d  _c_int00_noargs                  
00004651  finddevice                       
00004681  remove                           
00004681  unlink                           
000046d5  lseek                            
000046fd  write                            
00004725  memchr                           
00004745  puts                             
00004781  strcmp                           
00004799  strchr                           
000047af  strcpy                           
000047c3  strlen                           
000047d7  __TI_decompress_none             
000047e5  __TI_zero_init                   
000047f1  ResetISR                         
000047fd  malloc                           
00004805  _system_pre_init                 
00004809  C$$EXIT                          
00004809  abort                            
0000480c  ulMaxSyscallInterruptPriority    
000048a0  __TI_Handler_Table_Base          
000048ac  __TI_Handler_Table_Limit         
000048b8  __TI_CINIT_Base                  
000048c8  __TI_CINIT_Limit                 
20000000  __start___llvm_prf_cnts          
20000000  __stop___llvm_prf_cnts           
20010000  __CIOBUF_                        
20010120  __TI_tmpnams                     
20010224  xQueueRegistry                   
200102f0  uxBuffer                         
2001031c  parmbuf                          
20010324  peakElement                      
20010328  _sys_memory                      
20010728  _ftable                          
20010818  _device                          
20010890  _stream                          
200108e0  pxCurrentTCB                     
20010910  Data                             
20010934  __TI_ft_end                      
20010938  __aeabi_stdin                    
2001093c  __aeabi_stdout                   
20010940  __aeabi_stderr                   
20010944  __TI_cleanup_ptr                 
20010948  __TI_dtors_ptr                   
2001094c  __TI_enable_exit_profile_output  
2001095c  _lock                            
20010960  _unlock                          
20010974  qHandle                          
20010978  __stack                          
20010b78  __STACK_END                      
20010b78  __STACK_TOP                      
ffffffff  __TI_pprof_out_hndl              
ffffffff  __TI_prof_data_size              
ffffffff  __TI_prof_data_start             
ffffffff  __binit__                        
ffffffff  __c_args__                       
ffffffff  binit                            
UNDEFED   __mpu_init                       
UNDEFED   _system_post_cinit               

[208 symbols]
