<?xml version="1.0" encoding="ISO-8859-1" ?>
<link_info>
   <banner>TI ARM Linker PC v20.2.7.LTS</banner>
   <copyright>Copyright (c) 1996-2018 Texas Instruments Incorporated</copyright>
   <link_time>0x6544eded</link_time>
   <link_errors>0x0</link_errors>
   <output_file>FreeRTOS_project.out</output_file>
   <entry_point>
      <name>_c_int00_noargs</name>
      <address>0x76d5</address>
   </entry_point>
   <input_file_list>
      <input_file id="fl-2">
         <path>.\</path>
         <kind>object</kind>
         <file>tm4c129encpdt_startup_ccs.obj</file>
         <name>tm4c129encpdt_startup_ccs.obj</name>
      </input_file>
      <input_file id="fl-3">
         <path>.\Core\src\</path>
         <kind>object</kind>
         <file>main.obj</file>
         <name>main.obj</name>
      </input_file>
      <input_file id="fl-4">
         <path>.\Core\src\</path>
         <kind>object</kind>
         <file>queueExamples.obj</file>
         <name>queueExamples.obj</name>
      </input_file>
      <input_file id="fl-5">
         <path>.\Core\src\</path>
         <kind>object</kind>
         <file>taskExamples.obj</file>
         <name>taskExamples.obj</name>
      </input_file>
      <input_file id="fl-6">
         <path>.\Driverlib\</path>
         <kind>object</kind>
         <file>cpu.obj</file>
         <name>cpu.obj</name>
      </input_file>
      <input_file id="fl-7">
         <path>.\Driverlib\</path>
         <kind>object</kind>
         <file>eeprom.obj</file>
         <name>eeprom.obj</name>
      </input_file>
      <input_file id="fl-8">
         <path>.\Driverlib\</path>
         <kind>object</kind>
         <file>flash.obj</file>
         <name>flash.obj</name>
      </input_file>
      <input_file id="fl-9">
         <path>.\Driverlib\</path>
         <kind>object</kind>
         <file>gpio.obj</file>
         <name>gpio.obj</name>
      </input_file>
      <input_file id="fl-a">
         <path>.\Driverlib\</path>
         <kind>object</kind>
         <file>interrupt.obj</file>
         <name>interrupt.obj</name>
      </input_file>
      <input_file id="fl-b">
         <path>.\Driverlib\</path>
         <kind>object</kind>
         <file>sysctl.obj</file>
         <name>sysctl.obj</name>
      </input_file>
      <input_file id="fl-c">
         <path>.\Driverlib\</path>
         <kind>object</kind>
         <file>systick.obj</file>
         <name>systick.obj</name>
      </input_file>
      <input_file id="fl-d">
         <path>.\Driverlib\</path>
         <kind>object</kind>
         <file>timer.obj</file>
         <name>timer.obj</name>
      </input_file>
      <input_file id="fl-e">
         <path>.\ThirdParty\FreeRTOS\Source\</path>
         <kind>object</kind>
         <file>croutine.obj</file>
         <name>croutine.obj</name>
      </input_file>
      <input_file id="fl-f">
         <path>.\ThirdParty\FreeRTOS\Source\</path>
         <kind>object</kind>
         <file>event_groups.obj</file>
         <name>event_groups.obj</name>
      </input_file>
      <input_file id="fl-10">
         <path>.\ThirdParty\FreeRTOS\Source\</path>
         <kind>object</kind>
         <file>list.obj</file>
         <name>list.obj</name>
      </input_file>
      <input_file id="fl-11">
         <path>.\ThirdParty\FreeRTOS\Source\</path>
         <kind>object</kind>
         <file>queue.obj</file>
         <name>queue.obj</name>
      </input_file>
      <input_file id="fl-12">
         <path>.\ThirdParty\FreeRTOS\Source\</path>
         <kind>object</kind>
         <file>tasks.obj</file>
         <name>tasks.obj</name>
      </input_file>
      <input_file id="fl-13">
         <path>.\ThirdParty\FreeRTOS\Source\</path>
         <kind>object</kind>
         <file>timers.obj</file>
         <name>timers.obj</name>
      </input_file>
      <input_file id="fl-14">
         <path>.\ThirdParty\FreeRTOS\Source\portable\CCS\ARM_CM4F\</path>
         <kind>object</kind>
         <file>port.obj</file>
         <name>port.obj</name>
      </input_file>
      <input_file id="fl-15">
         <path>.\ThirdParty\FreeRTOS\Source\portable\CCS\ARM_CM4F\</path>
         <kind>object</kind>
         <file>portasm.obj</file>
         <name>portasm.obj</name>
      </input_file>
      <input_file id="fl-16">
         <path>.\ThirdParty\FreeRTOS\Source\portable\MemMang\</path>
         <kind>object</kind>
         <file>heap_4.obj</file>
         <name>heap_4.obj</name>
      </input_file>
      <input_file id="fl-1a">
         <kind>object</kind>
         <file>&lt;internal&gt;</file>
         <name>&lt;internal&gt;</name>
      </input_file>
      <input_file id="fl-d0">
         <path>C:\ti\ccs1240\ccs\tools\compiler\ti-cgt-arm_20.2.7.LTS\lib\</path>
         <kind>archive</kind>
         <file>rtsv7M4_T_le_v4SPD16_eabi.lib</file>
         <name>printf.c.obj</name>
      </input_file>
      <input_file id="fl-d1">
         <path>C:\ti\ccs1240\ccs\tools\compiler\ti-cgt-arm_20.2.7.LTS\lib\</path>
         <kind>archive</kind>
         <file>rtsv7M4_T_le_v4SPD16_eabi.lib</file>
         <name>_printfi.c.obj</name>
      </input_file>
      <input_file id="fl-d2">
         <path>C:\ti\ccs1240\ccs\tools\compiler\ti-cgt-arm_20.2.7.LTS\lib\</path>
         <kind>archive</kind>
         <file>rtsv7M4_T_le_v4SPD16_eabi.lib</file>
         <name>fflush.c.obj</name>
      </input_file>
      <input_file id="fl-d3">
         <path>C:\ti\ccs1240\ccs\tools\compiler\ti-cgt-arm_20.2.7.LTS\lib\</path>
         <kind>archive</kind>
         <file>rtsv7M4_T_le_v4SPD16_eabi.lib</file>
         <name>fputc.c.obj</name>
      </input_file>
      <input_file id="fl-d4">
         <path>C:\ti\ccs1240\ccs\tools\compiler\ti-cgt-arm_20.2.7.LTS\lib\</path>
         <kind>archive</kind>
         <file>rtsv7M4_T_le_v4SPD16_eabi.lib</file>
         <name>fputs.c.obj</name>
      </input_file>
      <input_file id="fl-d5">
         <path>C:\ti\ccs1240\ccs\tools\compiler\ti-cgt-arm_20.2.7.LTS\lib\</path>
         <kind>archive</kind>
         <file>rtsv7M4_T_le_v4SPD16_eabi.lib</file>
         <name>_io_perm.c.obj</name>
      </input_file>
      <input_file id="fl-d6">
         <path>C:\ti\ccs1240\ccs\tools\compiler\ti-cgt-arm_20.2.7.LTS\lib\</path>
         <kind>archive</kind>
         <file>rtsv7M4_T_le_v4SPD16_eabi.lib</file>
         <name>setvbuf.c.obj</name>
      </input_file>
      <input_file id="fl-d7">
         <path>C:\ti\ccs1240\ccs\tools\compiler\ti-cgt-arm_20.2.7.LTS\lib\</path>
         <kind>archive</kind>
         <file>rtsv7M4_T_le_v4SPD16_eabi.lib</file>
         <name>fd_add_t2.asm.obj</name>
      </input_file>
      <input_file id="fl-d8">
         <path>C:\ti\ccs1240\ccs\tools\compiler\ti-cgt-arm_20.2.7.LTS\lib\</path>
         <kind>archive</kind>
         <file>rtsv7M4_T_le_v4SPD16_eabi.lib</file>
         <name>fd_cmp_t2.asm.obj</name>
      </input_file>
      <input_file id="fl-d9">
         <path>C:\ti\ccs1240\ccs\tools\compiler\ti-cgt-arm_20.2.7.LTS\lib\</path>
         <kind>archive</kind>
         <file>rtsv7M4_T_le_v4SPD16_eabi.lib</file>
         <name>fd_div_t2.asm.obj</name>
      </input_file>
      <input_file id="fl-da">
         <path>C:\ti\ccs1240\ccs\tools\compiler\ti-cgt-arm_20.2.7.LTS\lib\</path>
         <kind>archive</kind>
         <file>rtsv7M4_T_le_v4SPD16_eabi.lib</file>
         <name>fd_mul_t2.asm.obj</name>
      </input_file>
      <input_file id="fl-db">
         <path>C:\ti\ccs1240\ccs\tools\compiler\ti-cgt-arm_20.2.7.LTS\lib\</path>
         <kind>archive</kind>
         <file>rtsv7M4_T_le_v4SPD16_eabi.lib</file>
         <name>fd_toi_t2.asm.obj</name>
      </input_file>
      <input_file id="fl-dc">
         <path>C:\ti\ccs1240\ccs\tools\compiler\ti-cgt-arm_20.2.7.LTS\lib\</path>
         <kind>archive</kind>
         <file>rtsv7M4_T_le_v4SPD16_eabi.lib</file>
         <name>i_tofd_t2.asm.obj</name>
      </input_file>
      <input_file id="fl-dd">
         <path>C:\ti\ccs1240\ccs\tools\compiler\ti-cgt-arm_20.2.7.LTS\lib\</path>
         <kind>archive</kind>
         <file>rtsv7M4_T_le_v4SPD16_eabi.lib</file>
         <name>memcpy_t2.asm.obj</name>
      </input_file>
      <input_file id="fl-de">
         <path>C:\ti\ccs1240\ccs\tools\compiler\ti-cgt-arm_20.2.7.LTS\lib\</path>
         <kind>archive</kind>
         <file>rtsv7M4_T_le_v4SPD16_eabi.lib</file>
         <name>memset_t2.asm.obj</name>
      </input_file>
      <input_file id="fl-df">
         <path>C:\ti\ccs1240\ccs\tools\compiler\ti-cgt-arm_20.2.7.LTS\lib\</path>
         <kind>archive</kind>
         <file>rtsv7M4_T_le_v4SPD16_eabi.lib</file>
         <name>ull_div_t2.asm.obj</name>
      </input_file>
      <input_file id="fl-e0">
         <path>C:\ti\ccs1240\ccs\tools\compiler\ti-cgt-arm_20.2.7.LTS\lib\</path>
         <kind>archive</kind>
         <file>rtsv7M4_T_le_v4SPD16_eabi.lib</file>
         <name>copy_zero_init.c.obj</name>
      </input_file>
      <input_file id="fl-e1">
         <path>C:\ti\ccs1240\ccs\tools\compiler\ti-cgt-arm_20.2.7.LTS\lib\</path>
         <kind>archive</kind>
         <file>rtsv7M4_T_le_v4SPD16_eabi.lib</file>
         <name>copy_decompress_none.c.obj</name>
      </input_file>
      <input_file id="fl-e2">
         <path>C:\ti\ccs1240\ccs\tools\compiler\ti-cgt-arm_20.2.7.LTS\lib\</path>
         <kind>archive</kind>
         <file>rtsv7M4_T_le_v4SPD16_eabi.lib</file>
         <name>copy_decompress_lzss.c.obj</name>
      </input_file>
      <input_file id="fl-e3">
         <path>C:\ti\ccs1240\ccs\tools\compiler\ti-cgt-arm_20.2.7.LTS\lib\</path>
         <kind>archive</kind>
         <file>rtsv7M4_T_le_v4SPD16_eabi.lib</file>
         <name>exit.c.obj</name>
      </input_file>
      <input_file id="fl-e4">
         <path>C:\ti\ccs1240\ccs\tools\compiler\ti-cgt-arm_20.2.7.LTS\lib\</path>
         <kind>archive</kind>
         <file>rtsv7M4_T_le_v4SPD16_eabi.lib</file>
         <name>_lock.c.obj</name>
      </input_file>
      <input_file id="fl-e5">
         <path>C:\ti\ccs1240\ccs\tools\compiler\ti-cgt-arm_20.2.7.LTS\lib\</path>
         <kind>archive</kind>
         <file>rtsv7M4_T_le_v4SPD16_eabi.lib</file>
         <name>_ltoa.c.obj</name>
      </input_file>
      <input_file id="fl-e6">
         <path>C:\ti\ccs1240\ccs\tools\compiler\ti-cgt-arm_20.2.7.LTS\lib\</path>
         <kind>archive</kind>
         <file>rtsv7M4_T_le_v4SPD16_eabi.lib</file>
         <name>atoi.c.obj</name>
      </input_file>
      <input_file id="fl-e7">
         <path>C:\ti\ccs1240\ccs\tools\compiler\ti-cgt-arm_20.2.7.LTS\lib\</path>
         <kind>archive</kind>
         <file>rtsv7M4_T_le_v4SPD16_eabi.lib</file>
         <name>ctype.c.obj</name>
      </input_file>
      <input_file id="fl-e8">
         <path>C:\ti\ccs1240\ccs\tools\compiler\ti-cgt-arm_20.2.7.LTS\lib\</path>
         <kind>archive</kind>
         <file>rtsv7M4_T_le_v4SPD16_eabi.lib</file>
         <name>defs.c.obj</name>
      </input_file>
      <input_file id="fl-e9">
         <path>C:\ti\ccs1240\ccs\tools\compiler\ti-cgt-arm_20.2.7.LTS\lib\</path>
         <kind>archive</kind>
         <file>rtsv7M4_T_le_v4SPD16_eabi.lib</file>
         <name>memccpy.c.obj</name>
      </input_file>
      <input_file id="fl-ea">
         <path>C:\ti\ccs1240\ccs\tools\compiler\ti-cgt-arm_20.2.7.LTS\lib\</path>
         <kind>archive</kind>
         <file>rtsv7M4_T_le_v4SPD16_eabi.lib</file>
         <name>memchr.c.obj</name>
      </input_file>
      <input_file id="fl-eb">
         <path>C:\ti\ccs1240\ccs\tools\compiler\ti-cgt-arm_20.2.7.LTS\lib\</path>
         <kind>archive</kind>
         <file>rtsv7M4_T_le_v4SPD16_eabi.lib</file>
         <name>memory.c.obj</name>
      </input_file>
      <input_file id="fl-ec">
         <path>C:\ti\ccs1240\ccs\tools\compiler\ti-cgt-arm_20.2.7.LTS\lib\</path>
         <kind>archive</kind>
         <file>rtsv7M4_T_le_v4SPD16_eabi.lib</file>
         <name>strchr.c.obj</name>
      </input_file>
      <input_file id="fl-ed">
         <path>C:\ti\ccs1240\ccs\tools\compiler\ti-cgt-arm_20.2.7.LTS\lib\</path>
         <kind>archive</kind>
         <file>rtsv7M4_T_le_v4SPD16_eabi.lib</file>
         <name>strlen.c.obj</name>
      </input_file>
      <input_file id="fl-ee">
         <path>C:\ti\ccs1240\ccs\tools\compiler\ti-cgt-arm_20.2.7.LTS\lib\</path>
         <kind>archive</kind>
         <file>rtsv7M4_T_le_v4SPD16_eabi.lib</file>
         <name>boot_cortex_m.c.obj</name>
      </input_file>
      <input_file id="fl-ef">
         <path>C:\ti\ccs1240\ccs\tools\compiler\ti-cgt-arm_20.2.7.LTS\lib\</path>
         <kind>archive</kind>
         <file>rtsv7M4_T_le_v4SPD16_eabi.lib</file>
         <name>write.c.obj</name>
      </input_file>
      <input_file id="fl-f0">
         <path>C:\ti\ccs1240\ccs\tools\compiler\ti-cgt-arm_20.2.7.LTS\lib\</path>
         <kind>archive</kind>
         <file>rtsv7M4_T_le_v4SPD16_eabi.lib</file>
         <name>host_device.c.obj</name>
      </input_file>
      <input_file id="fl-f1">
         <path>C:\ti\ccs1240\ccs\tools\compiler\ti-cgt-arm_20.2.7.LTS\lib\</path>
         <kind>archive</kind>
         <file>rtsv7M4_T_le_v4SPD16_eabi.lib</file>
         <name>errno.c.obj</name>
      </input_file>
      <input_file id="fl-f2">
         <path>C:\ti\ccs1240\ccs\tools\compiler\ti-cgt-arm_20.2.7.LTS\lib\</path>
         <kind>archive</kind>
         <file>rtsv7M4_T_le_v4SPD16_eabi.lib</file>
         <name>wcslen.c.obj</name>
      </input_file>
      <input_file id="fl-f3">
         <path>C:\ti\ccs1240\ccs\tools\compiler\ti-cgt-arm_20.2.7.LTS\lib\</path>
         <kind>archive</kind>
         <file>rtsv7M4_T_le_v4SPD16_eabi.lib</file>
         <name>s_frexp.c.obj</name>
      </input_file>
      <input_file id="fl-f4">
         <path>C:\ti\ccs1240\ccs\tools\compiler\ti-cgt-arm_20.2.7.LTS\lib\</path>
         <kind>archive</kind>
         <file>rtsv7M4_T_le_v4SPD16_eabi.lib</file>
         <name>s_scalbn.c.obj</name>
      </input_file>
      <input_file id="fl-f5">
         <path>C:\ti\ccs1240\ccs\tools\compiler\ti-cgt-arm_20.2.7.LTS\lib\</path>
         <kind>archive</kind>
         <file>rtsv7M4_T_le_v4SPD16_eabi.lib</file>
         <name>fopen.c.obj</name>
      </input_file>
      <input_file id="fl-f6">
         <path>C:\ti\ccs1240\ccs\tools\compiler\ti-cgt-arm_20.2.7.LTS\lib\</path>
         <kind>archive</kind>
         <file>rtsv7M4_T_le_v4SPD16_eabi.lib</file>
         <name>fseek.c.obj</name>
      </input_file>
      <input_file id="fl-f7">
         <path>C:\ti\ccs1240\ccs\tools\compiler\ti-cgt-arm_20.2.7.LTS\lib\</path>
         <kind>archive</kind>
         <file>rtsv7M4_T_le_v4SPD16_eabi.lib</file>
         <name>div0.asm.obj</name>
      </input_file>
      <input_file id="fl-f8">
         <path>C:\ti\ccs1240\ccs\tools\compiler\ti-cgt-arm_20.2.7.LTS\lib\</path>
         <kind>archive</kind>
         <file>rtsv7M4_T_le_v4SPD16_eabi.lib</file>
         <name>autoinit.c.obj</name>
      </input_file>
      <input_file id="fl-f9">
         <path>C:\ti\ccs1240\ccs\tools\compiler\ti-cgt-arm_20.2.7.LTS\lib\</path>
         <kind>archive</kind>
         <file>rtsv7M4_T_le_v4SPD16_eabi.lib</file>
         <name>pre_init.c.obj</name>
      </input_file>
      <input_file id="fl-fa">
         <path>C:\ti\ccs1240\ccs\tools\compiler\ti-cgt-arm_20.2.7.LTS\lib\</path>
         <kind>archive</kind>
         <file>rtsv7M4_T_le_v4SPD16_eabi.lib</file>
         <name>cpy_tbl.c.obj</name>
      </input_file>
      <input_file id="fl-fb">
         <path>C:\ti\ccs1240\ccs\tools\compiler\ti-cgt-arm_20.2.7.LTS\lib\</path>
         <kind>archive</kind>
         <file>rtsv7M4_T_le_v4SPD16_eabi.lib</file>
         <name>args_main.c.obj</name>
      </input_file>
      <input_file id="fl-fc">
         <path>C:\ti\ccs1240\ccs\tools\compiler\ti-cgt-arm_20.2.7.LTS\lib\</path>
         <kind>archive</kind>
         <file>rtsv7M4_T_le_v4SPD16_eabi.lib</file>
         <name>hostclose.c.obj</name>
      </input_file>
      <input_file id="fl-fd">
         <path>C:\ti\ccs1240\ccs\tools\compiler\ti-cgt-arm_20.2.7.LTS\lib\</path>
         <kind>archive</kind>
         <file>rtsv7M4_T_le_v4SPD16_eabi.lib</file>
         <name>hostlseek.c.obj</name>
      </input_file>
      <input_file id="fl-fe">
         <path>C:\ti\ccs1240\ccs\tools\compiler\ti-cgt-arm_20.2.7.LTS\lib\</path>
         <kind>archive</kind>
         <file>rtsv7M4_T_le_v4SPD16_eabi.lib</file>
         <name>hostopen.c.obj</name>
      </input_file>
      <input_file id="fl-ff">
         <path>C:\ti\ccs1240\ccs\tools\compiler\ti-cgt-arm_20.2.7.LTS\lib\</path>
         <kind>archive</kind>
         <file>rtsv7M4_T_le_v4SPD16_eabi.lib</file>
         <name>hostread.c.obj</name>
      </input_file>
      <input_file id="fl-100">
         <path>C:\ti\ccs1240\ccs\tools\compiler\ti-cgt-arm_20.2.7.LTS\lib\</path>
         <kind>archive</kind>
         <file>rtsv7M4_T_le_v4SPD16_eabi.lib</file>
         <name>hostrename.c.obj</name>
      </input_file>
      <input_file id="fl-101">
         <path>C:\ti\ccs1240\ccs\tools\compiler\ti-cgt-arm_20.2.7.LTS\lib\</path>
         <kind>archive</kind>
         <file>rtsv7M4_T_le_v4SPD16_eabi.lib</file>
         <name>hostunlink.c.obj</name>
      </input_file>
      <input_file id="fl-102">
         <path>C:\ti\ccs1240\ccs\tools\compiler\ti-cgt-arm_20.2.7.LTS\lib\</path>
         <kind>archive</kind>
         <file>rtsv7M4_T_le_v4SPD16_eabi.lib</file>
         <name>hostwrite.c.obj</name>
      </input_file>
      <input_file id="fl-103">
         <path>C:\ti\ccs1240\ccs\tools\compiler\ti-cgt-arm_20.2.7.LTS\lib\</path>
         <kind>archive</kind>
         <file>rtsv7M4_T_le_v4SPD16_eabi.lib</file>
         <name>trgmsg.c.obj</name>
      </input_file>
      <input_file id="fl-104">
         <path>C:\ti\ccs1240\ccs\tools\compiler\ti-cgt-arm_20.2.7.LTS\lib\</path>
         <kind>archive</kind>
         <file>rtsv7M4_T_le_v4SPD16_eabi.lib</file>
         <name>open.c.obj</name>
      </input_file>
      <input_file id="fl-105">
         <path>C:\ti\ccs1240\ccs\tools\compiler\ti-cgt-arm_20.2.7.LTS\lib\</path>
         <kind>archive</kind>
         <file>rtsv7M4_T_le_v4SPD16_eabi.lib</file>
         <name>lseek.c.obj</name>
      </input_file>
      <input_file id="fl-106">
         <path>C:\ti\ccs1240\ccs\tools\compiler\ti-cgt-arm_20.2.7.LTS\lib\</path>
         <kind>archive</kind>
         <file>rtsv7M4_T_le_v4SPD16_eabi.lib</file>
         <name>s_copysign.c.obj</name>
      </input_file>
      <input_file id="fl-107">
         <path>C:\ti\ccs1240\ccs\tools\compiler\ti-cgt-arm_20.2.7.LTS\lib\</path>
         <kind>archive</kind>
         <file>rtsv7M4_T_le_v4SPD16_eabi.lib</file>
         <name>fclose.c.obj</name>
      </input_file>
      <input_file id="fl-108">
         <path>C:\ti\ccs1240\ccs\tools\compiler\ti-cgt-arm_20.2.7.LTS\lib\</path>
         <kind>archive</kind>
         <file>rtsv7M4_T_le_v4SPD16_eabi.lib</file>
         <name>getdevice.c.obj</name>
      </input_file>
      <input_file id="fl-109">
         <path>C:\ti\ccs1240\ccs\tools\compiler\ti-cgt-arm_20.2.7.LTS\lib\</path>
         <kind>archive</kind>
         <file>rtsv7M4_T_le_v4SPD16_eabi.lib</file>
         <name>strcmp.c.obj</name>
      </input_file>
      <input_file id="fl-10a">
         <path>C:\ti\ccs1240\ccs\tools\compiler\ti-cgt-arm_20.2.7.LTS\lib\</path>
         <kind>archive</kind>
         <file>rtsv7M4_T_le_v4SPD16_eabi.lib</file>
         <name>strcpy.c.obj</name>
      </input_file>
      <input_file id="fl-10b">
         <path>C:\ti\ccs1240\ccs\tools\compiler\ti-cgt-arm_20.2.7.LTS\lib\</path>
         <kind>archive</kind>
         <file>rtsv7M4_T_le_v4SPD16_eabi.lib</file>
         <name>strncpy.c.obj</name>
      </input_file>
      <input_file id="fl-10c">
         <path>C:\ti\ccs1240\ccs\tools\compiler\ti-cgt-arm_20.2.7.LTS\lib\</path>
         <kind>archive</kind>
         <file>rtsv7M4_T_le_v4SPD16_eabi.lib</file>
         <name>remove.c.obj</name>
      </input_file>
      <input_file id="fl-10d">
         <path>C:\ti\ccs1240\ccs\tools\compiler\ti-cgt-arm_20.2.7.LTS\lib\</path>
         <kind>archive</kind>
         <file>rtsv7M4_T_le_v4SPD16_eabi.lib</file>
         <name>close.c.obj</name>
      </input_file>
      <input_file id="fl-10e">
         <path>C:\ti\ccs1240\ccs\tools\compiler\ti-cgt-arm_20.2.7.LTS\lib\</path>
         <kind>archive</kind>
         <file>rtsv7M4_T_le_v4SPD16_eabi.lib</file>
         <name>unlink.c.obj</name>
      </input_file>
   </input_file_list>
   <object_component_list>
      <object_component id="oc-12">
         <name>.intvecs</name>
         <load_address>0x0</load_address>
         <run_address>0x0</run_address>
         <size>0x208</size>
         <input_file_ref idref="fl-2"/>
      </object_component>
      <object_component id="oc-86">
         <name>.text</name>
         <load_address>0x208</load_address>
         <run_address>0x208</run_address>
         <size>0x1aac</size>
         <input_file_ref idref="fl-12"/>
      </object_component>
      <object_component id="oc-130">
         <name>.text</name>
         <load_address>0x1cb4</load_address>
         <run_address>0x1cb4</run_address>
         <size>0xf80</size>
         <input_file_ref idref="fl-b"/>
      </object_component>
      <object_component id="oc-1be">
         <name>.text</name>
         <load_address>0x2c34</load_address>
         <run_address>0x2c34</run_address>
         <size>0xce8</size>
         <input_file_ref idref="fl-11"/>
      </object_component>
      <object_component id="oc-227">
         <name>.text:__TI_printfi</name>
         <load_address>0x391c</load_address>
         <run_address>0x391c</run_address>
         <size>0xa4e</size>
         <input_file_ref idref="fl-d1"/>
      </object_component>
      <object_component id="oc-2b8">
         <name>.text:_nop</name>
         <load_address>0x436a</load_address>
         <run_address>0x436a</run_address>
         <size>0x2</size>
         <input_file_ref idref="fl-e4"/>
      </object_component>
      <object_component id="oc-fe">
         <name>.text</name>
         <load_address>0x436c</load_address>
         <run_address>0x436c</run_address>
         <size>0x614</size>
         <input_file_ref idref="fl-13"/>
      </object_component>
      <object_component id="oc-205">
         <name>.text</name>
         <load_address>0x4980</load_address>
         <run_address>0x4980</run_address>
         <size>0x3c0</size>
         <input_file_ref idref="fl-a"/>
      </object_component>
      <object_component id="oc-10d">
         <name>.text</name>
         <load_address>0x4d40</load_address>
         <run_address>0x4d40</run_address>
         <size>0x36c</size>
         <input_file_ref idref="fl-16"/>
      </object_component>
      <object_component id="oc-35">
         <name>.text</name>
         <load_address>0x50ac</load_address>
         <run_address>0x50ac</run_address>
         <size>0x298</size>
         <input_file_ref idref="fl-14"/>
      </object_component>
      <object_component id="oc-30f">
         <name>.text:_pconv_a</name>
         <load_address>0x5344</load_address>
         <run_address>0x5344</run_address>
         <size>0x270</size>
         <input_file_ref idref="fl-d1"/>
      </object_component>
      <object_component id="oc-8d">
         <name>.text</name>
         <load_address>0x55b4</load_address>
         <run_address>0x55b4</run_address>
         <size>0x204</size>
         <input_file_ref idref="fl-5"/>
      </object_component>
      <object_component id="oc-2fd">
         <name>.text:_pconv_g</name>
         <load_address>0x57b8</load_address>
         <run_address>0x57b8</run_address>
         <size>0x1d0</size>
         <input_file_ref idref="fl-d1"/>
      </object_component>
      <object_component id="oc-3c5">
         <name>.text</name>
         <load_address>0x5988</load_address>
         <run_address>0x5988</run_address>
         <size>0x1b6</size>
         <input_file_ref idref="fl-d7"/>
      </object_component>
      <object_component id="oc-465">
         <name>.text</name>
         <load_address>0x5b3e</load_address>
         <run_address>0x5b3e</run_address>
         <size>0x2</size>
         <input_file_ref idref="fl-f7"/>
      </object_component>
      <object_component id="oc-162">
         <name>.text</name>
         <load_address>0x5b40</load_address>
         <run_address>0x5b40</run_address>
         <size>0x194</size>
         <input_file_ref idref="fl-4"/>
      </object_component>
      <object_component id="oc-309">
         <name>.text:_pconv_e</name>
         <load_address>0x5cd4</load_address>
         <run_address>0x5cd4</run_address>
         <size>0x13c</size>
         <input_file_ref idref="fl-d1"/>
      </object_component>
      <object_component id="oc-3ab">
         <name>.text</name>
         <load_address>0x5e10</load_address>
         <run_address>0x5e10</run_address>
         <size>0x136</size>
         <input_file_ref idref="fl-d9"/>
      </object_component>
      <object_component id="oc-f2">
         <name>.text</name>
         <load_address>0x5f46</load_address>
         <run_address>0x5f46</run_address>
         <size>0x12a</size>
         <input_file_ref idref="fl-10"/>
      </object_component>
      <object_component id="oc-3d7">
         <name>.text:fcvt</name>
         <load_address>0x6070</load_address>
         <run_address>0x6070</run_address>
         <size>0x124</size>
         <input_file_ref idref="fl-d1"/>
      </object_component>
      <object_component id="oc-1ec">
         <name>.text:fputs</name>
         <load_address>0x6194</load_address>
         <run_address>0x6194</run_address>
         <size>0x114</size>
         <input_file_ref idref="fl-d4"/>
      </object_component>
      <object_component id="oc-3eb">
         <name>.text:scalbn</name>
         <load_address>0x62a8</load_address>
         <run_address>0x62a8</run_address>
         <size>0x110</size>
         <input_file_ref idref="fl-f4"/>
      </object_component>
      <object_component id="oc-4ad">
         <name>.text:aligned_alloc</name>
         <load_address>0x63b8</load_address>
         <run_address>0x63b8</run_address>
         <size>0x100</size>
         <input_file_ref idref="fl-eb"/>
      </object_component>
      <object_component id="oc-3a6">
         <name>.text</name>
         <load_address>0x64b8</load_address>
         <run_address>0x64b8</run_address>
         <size>0xfc</size>
         <input_file_ref idref="fl-da"/>
      </object_component>
      <object_component id="oc-42f">
         <name>.text:free</name>
         <load_address>0x65b4</load_address>
         <run_address>0x65b4</run_address>
         <size>0xe4</size>
         <input_file_ref idref="fl-eb"/>
      </object_component>
      <object_component id="oc-376">
         <name>.text:setvbuf</name>
         <load_address>0x6698</load_address>
         <run_address>0x6698</run_address>
         <size>0xdc</size>
         <input_file_ref idref="fl-d6"/>
      </object_component>
      <object_component id="oc-30">
         <name>.text</name>
         <load_address>0x6774</load_address>
         <run_address>0x6774</run_address>
         <size>0xd2</size>
         <input_file_ref idref="fl-15"/>
      </object_component>
      <object_component id="oc-2f2">
         <name>.text:_ltostr</name>
         <load_address>0x6848</load_address>
         <run_address>0x6848</run_address>
         <size>0xb1</size>
         <input_file_ref idref="fl-d1"/>
      </object_component>
      <object_component id="oc-49">
         <name>.text</name>
         <load_address>0x68fa</load_address>
         <run_address>0x68fa</run_address>
         <size>0x9c</size>
         <input_file_ref idref="fl-dd"/>
      </object_component>
      <object_component id="oc-39f">
         <name>.text</name>
         <load_address>0x6996</load_address>
         <run_address>0x6996</run_address>
         <size>0x96</size>
         <input_file_ref idref="fl-df"/>
      </object_component>
      <object_component id="oc-334">
         <name>.text:fputc</name>
         <load_address>0x6a2c</load_address>
         <run_address>0x6a2c</run_address>
         <size>0x8c</size>
         <input_file_ref idref="fl-d3"/>
      </object_component>
      <object_component id="oc-2f8">
         <name>.text:__aeabi_cdcmple</name>
         <load_address>0x6ab8</load_address>
         <run_address>0x6ab8</run_address>
         <size>0x86</size>
         <input_file_ref idref="fl-d8"/>
      </object_component>
      <object_component id="oc-3b0">
         <name>.text:__aeabi_cdrcmple</name>
         <load_address>0x6b3e</load_address>
         <run_address>0x6b3e</run_address>
         <size>0x86</size>
         <input_file_ref idref="fl-d8"/>
      </object_component>
      <object_component id="oc-12a">
         <name>.text:fflush</name>
         <load_address>0x6bc4</load_address>
         <run_address>0x6bc4</run_address>
         <size>0x7c</size>
         <input_file_ref idref="fl-d2"/>
      </object_component>
      <object_component id="oc-c3">
         <name>.text</name>
         <load_address>0x6c40</load_address>
         <run_address>0x6c40</run_address>
         <size>0x7a</size>
         <input_file_ref idref="fl-de"/>
      </object_component>
      <object_component id="oc-4b4">
         <name>.text:__TI_closefile</name>
         <load_address>0x6cbc</load_address>
         <run_address>0x6cbc</run_address>
         <size>0x74</size>
         <input_file_ref idref="fl-107"/>
      </object_component>
      <object_component id="oc-503">
         <name>.text:split</name>
         <load_address>0x6d30</load_address>
         <run_address>0x6d30</run_address>
         <size>0x70</size>
         <input_file_ref idref="fl-eb"/>
      </object_component>
      <object_component id="oc-3d0">
         <name>.text:_mcpy</name>
         <load_address>0x6da0</load_address>
         <run_address>0x6da0</run_address>
         <size>0x6e</size>
         <input_file_ref idref="fl-d1"/>
      </object_component>
      <object_component id="oc-4e1">
         <name>.text:HOSTrename</name>
         <load_address>0x6e10</load_address>
         <run_address>0x6e10</run_address>
         <size>0x6c</size>
         <input_file_ref idref="fl-100"/>
      </object_component>
      <object_component id="oc-4d5">
         <name>.text:HOSTlseek</name>
         <load_address>0x6e7c</load_address>
         <run_address>0x6e7c</run_address>
         <size>0x68</size>
         <input_file_ref idref="fl-fd"/>
      </object_component>
      <object_component id="oc-15">
         <name>.text:decompress:lzss:__TI_decompress_lzss</name>
         <load_address>0x6ee4</load_address>
         <run_address>0x6ee4</run_address>
         <size>0x68</size>
         <input_file_ref idref="fl-e2"/>
      </object_component>
      <object_component id="oc-136">
         <name>.text:printf</name>
         <load_address>0x6f4c</load_address>
         <run_address>0x6f4c</run_address>
         <size>0x68</size>
         <input_file_ref idref="fl-d0"/>
      </object_component>
      <object_component id="oc-3e5">
         <name>.text:frexp</name>
         <load_address>0x6fb4</load_address>
         <run_address>0x6fb4</run_address>
         <size>0x64</size>
         <input_file_ref idref="fl-f3"/>
      </object_component>
      <object_component id="oc-370">
         <name>.text:fseek</name>
         <load_address>0x7018</load_address>
         <run_address>0x7018</run_address>
         <size>0x64</size>
         <input_file_ref idref="fl-f6"/>
      </object_component>
      <object_component id="oc-297">
         <name>.text:__TI_wrt_ok</name>
         <load_address>0x707c</load_address>
         <run_address>0x707c</run_address>
         <size>0x62</size>
         <input_file_ref idref="fl-d5"/>
      </object_component>
      <object_component id="oc-4bd">
         <name>.text:HOSTopen</name>
         <load_address>0x70e0</load_address>
         <run_address>0x70e0</run_address>
         <size>0x60</size>
         <input_file_ref idref="fl-fe"/>
      </object_component>
      <object_component id="oc-50a">
         <name>.text:close</name>
         <load_address>0x7140</load_address>
         <run_address>0x7140</run_address>
         <size>0x5c</size>
         <input_file_ref idref="fl-10d"/>
      </object_component>
      <object_component id="oc-4c9">
         <name>.text:HOSTread</name>
         <load_address>0x719c</load_address>
         <run_address>0x719c</run_address>
         <size>0x58</size>
         <input_file_ref idref="fl-ff"/>
      </object_component>
      <object_component id="oc-4cf">
         <name>.text:HOSTwrite</name>
         <load_address>0x71f4</load_address>
         <run_address>0x71f4</run_address>
         <size>0x58</size>
         <input_file_ref idref="fl-102"/>
      </object_component>
      <object_component id="oc-303">
         <name>.text:_pconv_f</name>
         <load_address>0x724c</load_address>
         <run_address>0x724c</run_address>
         <size>0x56</size>
         <input_file_ref idref="fl-d1"/>
      </object_component>
      <object_component id="oc-3ba">
         <name>.text:__TI_ltoa</name>
         <load_address>0x72a2</load_address>
         <run_address>0x72a2</run_address>
         <size>0x54</size>
         <input_file_ref idref="fl-e5"/>
      </object_component>
      <object_component id="oc-3ca">
         <name>.text:_ecpy</name>
         <load_address>0x72f6</load_address>
         <run_address>0x72f6</run_address>
         <size>0x52</size>
         <input_file_ref idref="fl-d1"/>
      </object_component>
      <object_component id="oc-1f4">
         <name>.text:__TI_doflush</name>
         <load_address>0x7348</load_address>
         <run_address>0x7348</run_address>
         <size>0x4c</size>
         <input_file_ref idref="fl-d2"/>
      </object_component>
      <object_component id="oc-2ec">
         <name>.text:atoi</name>
         <load_address>0x7394</load_address>
         <run_address>0x7394</run_address>
         <size>0x4c</size>
         <input_file_ref idref="fl-e6"/>
      </object_component>
      <object_component id="oc-16f">
         <name>.text:exit</name>
         <load_address>0x73e0</load_address>
         <run_address>0x73e0</run_address>
         <size>0x48</size>
         <input_file_ref idref="fl-e3"/>
      </object_component>
      <object_component id="oc-3b5">
         <name>.text</name>
         <load_address>0x7428</load_address>
         <run_address>0x7428</run_address>
         <size>0x48</size>
         <input_file_ref idref="fl-db"/>
      </object_component>
      <object_component id="oc-4c3">
         <name>.text:HOSTclose</name>
         <load_address>0x7470</load_address>
         <run_address>0x7470</run_address>
         <size>0x44</size>
         <input_file_ref idref="fl-fc"/>
      </object_component>
      <object_component id="oc-4db">
         <name>.text:HOSTunlink</name>
         <load_address>0x74b4</load_address>
         <run_address>0x74b4</run_address>
         <size>0x44</size>
         <input_file_ref idref="fl-101"/>
      </object_component>
      <object_component id="oc-175">
         <name>.text:__TI_auto_init_nobinit_nopinit:__TI_auto_init_nobinit_nopinit</name>
         <load_address>0x74f8</load_address>
         <run_address>0x74f8</run_address>
         <size>0x44</size>
         <input_file_ref idref="fl-f8"/>
      </object_component>
      <object_component id="oc-540">
         <name>.text:getdevice</name>
         <load_address>0x753c</load_address>
         <run_address>0x753c</run_address>
         <size>0x44</size>
         <input_file_ref idref="fl-108"/>
      </object_component>
      <object_component id="oc-3dd">
         <name>.text:_fcpy</name>
         <load_address>0x7580</load_address>
         <run_address>0x7580</run_address>
         <size>0x3e</size>
         <input_file_ref idref="fl-d1"/>
      </object_component>
      <object_component id="oc-20b">
         <name>.text</name>
         <load_address>0x75be</load_address>
         <run_address>0x75be</run_address>
         <size>0x3e</size>
         <input_file_ref idref="fl-6"/>
      </object_component>
      <object_component id="oc-519">
         <name>.text:__TI_writemsg</name>
         <load_address>0x75fc</load_address>
         <run_address>0x75fc</run_address>
         <size>0x38</size>
         <input_file_ref idref="fl-103"/>
      </object_component>
      <object_component id="oc-562">
         <name>.text:strncpy</name>
         <load_address>0x7634</load_address>
         <run_address>0x7634</run_address>
         <size>0x36</size>
         <input_file_ref idref="fl-10b"/>
      </object_component>
      <object_component id="oc-43b">
         <name>.text:__TI_cleanup</name>
         <load_address>0x766c</load_address>
         <run_address>0x766c</run_address>
         <size>0x34</size>
         <input_file_ref idref="fl-f5"/>
      </object_component>
      <object_component id="oc-51f">
         <name>.text:__TI_readmsg</name>
         <load_address>0x76a0</load_address>
         <run_address>0x76a0</run_address>
         <size>0x34</size>
         <input_file_ref idref="fl-103"/>
      </object_component>
      <object_component id="oc-67">
         <name>.text:_c_int00_noargs:_c_int00_noargs</name>
         <load_address>0x76d4</load_address>
         <run_address>0x76d4</run_address>
         <size>0x34</size>
         <input_file_ref idref="fl-ee"/>
      </object_component>
      <object_component id="oc-568">
         <name>.text:finddevice</name>
         <load_address>0x7708</load_address>
         <run_address>0x7708</run_address>
         <size>0x30</size>
         <input_file_ref idref="fl-108"/>
      </object_component>
      <object_component id="oc-3c0">
         <name>.text</name>
         <load_address>0x7738</load_address>
         <run_address>0x7738</run_address>
         <size>0x2e</size>
         <input_file_ref idref="fl-dc"/>
      </object_component>
      <object_component id="oc-510">
         <name>.text:unlink</name>
         <load_address>0x7768</load_address>
         <run_address>0x7768</run_address>
         <size>0x2c</size>
         <input_file_ref idref="fl-10e"/>
      </object_component>
      <object_component id="oc-4a6">
         <name>.text:free_list_insert</name>
         <load_address>0x7794</load_address>
         <run_address>0x7794</run_address>
         <size>0x28</size>
         <input_file_ref idref="fl-eb"/>
      </object_component>
      <object_component id="oc-427">
         <name>.text:lseek</name>
         <load_address>0x77bc</load_address>
         <run_address>0x77bc</run_address>
         <size>0x28</size>
         <input_file_ref idref="fl-105"/>
      </object_component>
      <object_component id="oc-2a9">
         <name>.text:write</name>
         <load_address>0x77e4</load_address>
         <run_address>0x77e4</run_address>
         <size>0x28</size>
         <input_file_ref idref="fl-ef"/>
      </object_component>
      <object_component id="oc-2a3">
         <name>.text:memchr</name>
         <load_address>0x780c</load_address>
         <run_address>0x780c</run_address>
         <size>0x20</size>
         <input_file_ref idref="fl-ea"/>
      </object_component>
      <object_component id="oc-124">
         <name>.text:puts</name>
         <load_address>0x782c</load_address>
         <run_address>0x782c</run_address>
         <size>0x20</size>
         <input_file_ref idref="fl-d4"/>
      </object_component>
      <object_component id="oc-4a0">
         <name>.text:free_list_remove</name>
         <load_address>0x784c</load_address>
         <run_address>0x784c</run_address>
         <size>0x1c</size>
         <input_file_ref idref="fl-eb"/>
      </object_component>
      <object_component id="oc-315">
         <name>.text:memccpy</name>
         <load_address>0x7868</load_address>
         <run_address>0x7868</run_address>
         <size>0x1c</size>
         <input_file_ref idref="fl-e9"/>
      </object_component>
      <object_component id="oc-47e">
         <name>.text:copysign</name>
         <load_address>0x7884</load_address>
         <run_address>0x7884</run_address>
         <size>0x1a</size>
         <input_file_ref idref="fl-106"/>
      </object_component>
      <object_component id="oc-57f">
         <name>.text:strcmp</name>
         <load_address>0x789e</load_address>
         <run_address>0x789e</run_address>
         <size>0x18</size>
         <input_file_ref idref="fl-109"/>
      </object_component>
      <object_component id="oc-3f1">
         <name>.text:strchr</name>
         <load_address>0x78b6</load_address>
         <run_address>0x78b6</run_address>
         <size>0x16</size>
         <input_file_ref idref="fl-ec"/>
      </object_component>
      <object_component id="oc-533">
         <name>.text:strcpy</name>
         <load_address>0x78cc</load_address>
         <run_address>0x78cc</run_address>
         <size>0x14</size>
         <input_file_ref idref="fl-10a"/>
      </object_component>
      <object_component id="oc-29d">
         <name>.text:strlen</name>
         <load_address>0x78e0</load_address>
         <run_address>0x78e0</run_address>
         <size>0x14</size>
         <input_file_ref idref="fl-ed"/>
      </object_component>
      <object_component id="oc-31b">
         <name>.text:wcslen</name>
         <load_address>0x78f4</load_address>
         <run_address>0x78f4</run_address>
         <size>0x12</size>
         <input_file_ref idref="fl-f2"/>
      </object_component>
      <object_component id="oc-1b">
         <name>.text:decompress:none:__TI_decompress_none</name>
         <load_address>0x7906</load_address>
         <run_address>0x7906</run_address>
         <size>0xe</size>
         <input_file_ref idref="fl-e1"/>
      </object_component>
      <object_component id="oc-5b">
         <name>.text:decompress:ZI:__TI_zero_init</name>
         <load_address>0x7914</load_address>
         <run_address>0x7914</run_address>
         <size>0xc</size>
         <input_file_ref idref="fl-e0"/>
      </object_component>
      <object_component id="oc-2a">
         <name>.text</name>
         <load_address>0x7920</load_address>
         <run_address>0x7920</run_address>
         <size>0xc</size>
         <input_file_ref idref="fl-2"/>
      </object_component>
      <object_component id="oc-cf">
         <name>.text</name>
         <load_address>0x792c</load_address>
         <run_address>0x792c</run_address>
         <size>0xa</size>
         <input_file_ref idref="fl-3"/>
      </object_component>
      <object_component id="oc-321">
         <name>.text:__aeabi_errno_addr</name>
         <load_address>0x7938</load_address>
         <run_address>0x7938</run_address>
         <size>0x8</size>
         <input_file_ref idref="fl-f1"/>
      </object_component>
      <object_component id="oc-435">
         <name>.text:malloc</name>
         <load_address>0x7940</load_address>
         <run_address>0x7940</run_address>
         <size>0x8</size>
         <input_file_ref idref="fl-eb"/>
      </object_component>
      <object_component id="oc-21a">
         <name>.text:SysCtlDelay</name>
         <load_address>0x7948</load_address>
         <run_address>0x7948</run_address>
         <size>0x6</size>
         <input_file_ref idref="fl-b"/>
      </object_component>
      <object_component id="oc-233">
         <name>.text:_outc</name>
         <load_address>0x794e</load_address>
         <run_address>0x794e</run_address>
         <size>0x4</size>
         <input_file_ref idref="fl-d0"/>
      </object_component>
      <object_component id="oc-22d">
         <name>.text:_outs</name>
         <load_address>0x7952</load_address>
         <run_address>0x7952</run_address>
         <size>0x4</size>
         <input_file_ref idref="fl-d0"/>
      </object_component>
      <object_component id="oc-c9">
         <name>.text:_system_pre_init</name>
         <load_address>0x7956</load_address>
         <run_address>0x7956</run_address>
         <size>0x4</size>
         <input_file_ref idref="fl-f9"/>
      </object_component>
      <object_component id="oc-169">
         <name>.text:abort:abort</name>
         <load_address>0x795a</load_address>
         <run_address>0x795a</run_address>
         <size>0x4</size>
         <input_file_ref idref="fl-e3"/>
      </object_component>
      <object_component id="oc-217">
         <name>.const:g_pppui32XTALtoVCO</name>
         <load_address>0x7960</load_address>
         <run_address>0x7960</run_address>
         <size>0x1b0</size>
         <input_file_ref idref="fl-b"/>
      </object_component>
      <object_component id="oc-39a">
         <name>.const:.string:_ctypes_</name>
         <load_address>0x7b10</load_address>
         <run_address>0x7b10</run_address>
         <size>0x101</size>
         <input_file_ref idref="fl-e7"/>
      </object_component>
      <object_component id="oc-2ce">
         <name>.const:g_pui32Regs</name>
         <load_address>0x7c14</load_address>
         <run_address>0x7c14</run_address>
         <size>0x9c</size>
         <input_file_ref idref="fl-a"/>
      </object_component>
      <object_component id="oc-211">
         <name>.const:g_pui32Xtals</name>
         <load_address>0x7cb0</load_address>
         <run_address>0x7cb0</run_address>
         <size>0x6c</size>
         <input_file_ref idref="fl-b"/>
      </object_component>
      <object_component id="oc-202">
         <name>.const:g_sXTALtoMEMTIM</name>
         <load_address>0x7d1c</load_address>
         <run_address>0x7d1c</run_address>
         <size>0x30</size>
         <input_file_ref idref="fl-b"/>
      </object_component>
      <object_component id="oc-2cb">
         <name>.const:g_pui32Priority</name>
         <load_address>0x7d4c</load_address>
         <run_address>0x7d4c</run_address>
         <size>0x20</size>
         <input_file_ref idref="fl-a"/>
      </object_component>
      <object_component id="oc-2d4">
         <name>.const:g_pui32Dii16Regs</name>
         <load_address>0x7d6c</load_address>
         <run_address>0x7d6c</run_address>
         <size>0x14</size>
         <input_file_ref idref="fl-a"/>
      </object_component>
      <object_component id="oc-2d1">
         <name>.const:g_pui32EnRegs</name>
         <load_address>0x7d80</load_address>
         <run_address>0x7d80</run_address>
         <size>0x14</size>
         <input_file_ref idref="fl-a"/>
      </object_component>
      <object_component id="oc-2d7">
         <name>.const:g_pui32PendRegs</name>
         <load_address>0x7d94</load_address>
         <run_address>0x7d94</run_address>
         <size>0x14</size>
         <input_file_ref idref="fl-a"/>
      </object_component>
      <object_component id="oc-2da">
         <name>.const:g_pui32UnpendRegs</name>
         <load_address>0x7da8</load_address>
         <run_address>0x7da8</run_address>
         <size>0x14</size>
         <input_file_ref idref="fl-a"/>
      </object_component>
      <object_component id="oc-214">
         <name>.const:g_pui32VCOFrequencies</name>
         <load_address>0x7dbc</load_address>
         <run_address>0x7dbc</run_address>
         <size>0x8</size>
         <input_file_ref idref="fl-b"/>
      </object_component>
      <object_component id="oc-83">
         <name>.const</name>
         <load_address>0x7dc4</load_address>
         <run_address>0x7dc4</run_address>
         <size>0x8</size>
         <input_file_ref idref="fl-14"/>
      </object_component>
      <object_component id="oc-5ba">
         <name>.cinit..data.load</name>
         <load_address>0x7dd0</load_address>
         <run_address>0x7dd0</run_address>
         <size>0x87</size>
      </object_component>
      <object_component id="oc-5b7">
         <name>__TI_handler_table</name>
         <load_address>0x7e58</load_address>
         <run_address>0x7e58</run_address>
         <size>0xc</size>
      </object_component>
      <object_component id="oc-5bb">
         <name>.cinit..bss.load</name>
         <load_address>0x7e68</load_address>
         <run_address>0x7e68</run_address>
         <size>0x8</size>
      </object_component>
      <object_component id="oc-5b9">
         <name>.cinit..vtable.load</name>
         <load_address>0x7e70</load_address>
         <run_address>0x7e70</run_address>
         <size>0x8</size>
      </object_component>
      <object_component id="oc-5b8">
         <name>__TI_cinit_table</name>
         <load_address>0x7e78</load_address>
         <run_address>0x7e78</run_address>
         <size>0x18</size>
      </object_component>
      <object_component id="oc-2c8">
         <name>.vtable</name>
         <uninitialized>true</uninitialized>
         <run_address>0x20000000</run_address>
         <size>0x26c</size>
         <input_file_ref idref="fl-a"/>
      </object_component>
      <object_component id="oc-24d">
         <name>.data</name>
         <load_address>0x20010be4</load_address>
         <run_address>0x20010be4</run_address>
         <size>0x4</size>
         <input_file_ref idref="fl-4"/>
      </object_component>
      <object_component id="oc-250">
         <name>.data:Data</name>
         <load_address>0x20010b78</load_address>
         <run_address>0x20010b78</run_address>
         <size>0x14</size>
         <input_file_ref idref="fl-4"/>
      </object_component>
      <object_component id="oc-13f">
         <name>.data</name>
         <load_address>0x20010bd4</load_address>
         <run_address>0x20010bd4</run_address>
         <size>0x8</size>
         <input_file_ref idref="fl-5"/>
      </object_component>
      <object_component id="oc-80">
         <name>.data</name>
         <load_address>0x20010b48</load_address>
         <run_address>0x20010b48</run_address>
         <size>0x30</size>
         <input_file_ref idref="fl-12"/>
      </object_component>
      <object_component id="oc-1c4">
         <name>.data</name>
         <load_address>0x20010bdc</load_address>
         <run_address>0x20010bdc</run_address>
         <size>0x8</size>
         <input_file_ref idref="fl-13"/>
      </object_component>
      <object_component id="oc-93">
         <name>.data</name>
         <load_address>0x20010bb8</load_address>
         <run_address>0x20010bb8</run_address>
         <size>0xc</size>
         <input_file_ref idref="fl-14"/>
      </object_component>
      <object_component id="oc-1dd">
         <name>.data</name>
         <load_address>0x20010b8c</load_address>
         <run_address>0x20010b8c</run_address>
         <size>0x10</size>
         <input_file_ref idref="fl-16"/>
      </object_component>
      <object_component id="oc-258">
         <name>.data:$O1$$</name>
         <load_address>0x20010bac</load_address>
         <run_address>0x20010bac</run_address>
         <size>0xc</size>
         <input_file_ref idref="fl-e3"/>
      </object_component>
      <object_component id="oc-1fa">
         <name>.data:$O1$$</name>
         <load_address>0x20010bc4</load_address>
         <run_address>0x20010bc4</run_address>
         <size>0x8</size>
         <input_file_ref idref="fl-e4"/>
      </object_component>
      <object_component id="oc-13c">
         <name>.data:_ftable</name>
         <load_address>0x20010990</load_address>
         <run_address>0x20010990</run_address>
         <size>0xf0</size>
         <input_file_ref idref="fl-e8"/>
      </object_component>
      <object_component id="oc-1fd">
         <name>.data</name>
         <load_address>0x20010b9c</load_address>
         <run_address>0x20010b9c</run_address>
         <size>0x10</size>
         <input_file_ref idref="fl-e8"/>
      </object_component>
      <object_component id="oc-4fe">
         <name>.data:$O1$$</name>
         <load_address>0x20010bcc</load_address>
         <run_address>0x20010bcc</run_address>
         <size>0x8</size>
         <input_file_ref idref="fl-eb"/>
      </object_component>
      <object_component id="oc-44e">
         <name>.data:_device</name>
         <load_address>0x20010a80</load_address>
         <run_address>0x20010a80</run_address>
         <size>0x78</size>
         <input_file_ref idref="fl-f0"/>
      </object_component>
      <object_component id="oc-382">
         <name>.data:_stream</name>
         <load_address>0x20010af8</load_address>
         <run_address>0x20010af8</run_address>
         <size>0x50</size>
         <input_file_ref idref="fl-f0"/>
      </object_component>
      <object_component id="oc-401">
         <name>.data</name>
         <load_address>0x20010be8</load_address>
         <run_address>0x20010be8</run_address>
         <size>0x4</size>
         <input_file_ref idref="fl-f1"/>
      </object_component>
      <object_component id="oc-f8">
         <name>.bss:pxReadyTasksLists</name>
         <uninitialized>true</uninitialized>
         <run_address>0x2001042c</run_address>
         <size>0x64</size>
         <input_file_ref idref="fl-12"/>
      </object_component>
      <object_component id="oc-113">
         <name>.bss:xDelayedTaskList1</name>
         <uninitialized>true</uninitialized>
         <run_address>0x200104f8</run_address>
         <size>0x14</size>
         <input_file_ref idref="fl-12"/>
      </object_component>
      <object_component id="oc-116">
         <name>.bss:xDelayedTaskList2</name>
         <uninitialized>true</uninitialized>
         <run_address>0x2001050c</run_address>
         <size>0x14</size>
         <input_file_ref idref="fl-12"/>
      </object_component>
      <object_component id="oc-10a">
         <name>.bss</name>
         <uninitialized>true</uninitialized>
         <run_address>0x20010570</run_address>
         <size>0x8</size>
         <input_file_ref idref="fl-12"/>
      </object_component>
      <object_component id="oc-107">
         <name>.bss:xPendingReadyList</name>
         <uninitialized>true</uninitialized>
         <run_address>0x20010520</run_address>
         <size>0x14</size>
         <input_file_ref idref="fl-12"/>
      </object_component>
      <object_component id="oc-fb">
         <name>.bss:xTasksWaitingTermination</name>
         <uninitialized>true</uninitialized>
         <run_address>0x20010548</run_address>
         <size>0x14</size>
         <input_file_ref idref="fl-12"/>
      </object_component>
      <object_component id="oc-104">
         <name>.bss:xSuspendedTaskList</name>
         <uninitialized>true</uninitialized>
         <run_address>0x20010534</run_address>
         <size>0x14</size>
         <input_file_ref idref="fl-12"/>
      </object_component>
      <object_component id="oc-1ca">
         <name>.bss:xActiveTimerList1</name>
         <uninitialized>true</uninitialized>
         <run_address>0x200104d0</run_address>
         <size>0x14</size>
         <input_file_ref idref="fl-13"/>
      </object_component>
      <object_component id="oc-1cd">
         <name>.bss:xActiveTimerList2</name>
         <uninitialized>true</uninitialized>
         <run_address>0x200104e4</run_address>
         <size>0x14</size>
         <input_file_ref idref="fl-13"/>
      </object_component>
      <object_component id="oc-1c7">
         <name>.bss</name>
         <uninitialized>true</uninitialized>
         <run_address>0x20010578</run_address>
         <size>0x8</size>
         <input_file_ref idref="fl-13"/>
      </object_component>
      <object_component id="oc-1e3">
         <name>.bss:ucHeap</name>
         <uninitialized>true</uninitialized>
         <run_address>0x2000026c</run_address>
         <size>0x10000</size>
         <input_file_ref idref="fl-16"/>
      </object_component>
      <object_component id="oc-1e0">
         <name>.bss:xStart</name>
         <uninitialized>true</uninitialized>
         <run_address>0x20010580</run_address>
         <size>0x8</size>
         <input_file_ref idref="fl-16"/>
      </object_component>
      <object_component id="oc-54a">
         <name>.bss:_CIOBUF_</name>
         <uninitialized>true</uninitialized>
         <run_address>0x2001026c</run_address>
         <size>0x120</size>
         <input_file_ref idref="fl-103"/>
      </object_component>
      <object_component id="oc-253">
         <name>.common:uxBuffer</name>
         <uninitialized>true</uninitialized>
         <run_address>0x2001055c</run_address>
         <size>0x14</size>
      </object_component>
      <object_component id="oc-279">
         <name>.common:xQueueRegistry</name>
         <uninitialized>true</uninitialized>
         <run_address>0x20010490</run_address>
         <size>0x40</size>
      </object_component>
      <object_component id="oc-516">
         <name>.common:__TI_tmpnams</name>
         <uninitialized>true</uninitialized>
         <run_address>0x2001038c</run_address>
         <size>0xa0</size>
      </object_component>
      <object_component id="oc-525">
         <name>.common:parmbuf</name>
         <uninitialized>true</uninitialized>
         <run_address>0x20010588</run_address>
         <size>0x8</size>
      </object_component>
      <object_component id="oc-24">
         <name>.sysmem</name>
         <uninitialized>true</uninitialized>
         <run_address>0x20010590</run_address>
         <size>0x10</size>
         <input_file_ref idref="fl-eb"/>
      </object_component>
      <object_component id="oc-5be">
         <name>.sysmem</name>
         <uninitialized>true</uninitialized>
         <run_address>0x20010590</run_address>
         <size>0x0</size>
      </object_component>
      <object_component id="oc-27">
         <name>.stack</name>
         <uninitialized>true</uninitialized>
         <run_address>0x20010bf0</run_address>
         <size>0x4</size>
         <input_file_ref idref="fl-ee"/>
      </object_component>
      <object_component id="oc-5bd">
         <name>.stack</name>
         <uninitialized>true</uninitialized>
         <run_address>0x20010bf0</run_address>
         <size>0x0</size>
      </object_component>
      <object_component id="oc-3d">
         <name>.debug_info</name>
         <load_address>0x0</load_address>
         <run_address>0x0</run_address>
         <size>0x348</size>
         <input_file_ref idref="fl-2"/>
      </object_component>
      <object_component id="oc-13">
         <name>.debug_info</name>
         <load_address>0x348</load_address>
         <run_address>0x348</run_address>
         <size>0xe9</size>
         <input_file_ref idref="fl-2"/>
      </object_component>
      <object_component id="oc-2b">
         <name>.debug_info</name>
         <load_address>0x431</load_address>
         <run_address>0x431</run_address>
         <size>0x268</size>
         <input_file_ref idref="fl-2"/>
      </object_component>
      <object_component id="oc-a9">
         <name>.debug_info</name>
         <load_address>0x699</load_address>
         <run_address>0x699</run_address>
         <size>0x26b</size>
         <input_file_ref idref="fl-2"/>
      </object_component>
      <object_component id="oc-44">
         <name>.debug_info</name>
         <load_address>0x904</load_address>
         <run_address>0x904</run_address>
         <size>0x84</size>
         <input_file_ref idref="fl-2"/>
      </object_component>
      <object_component id="oc-98">
         <name>.debug_info</name>
         <load_address>0x988</load_address>
         <run_address>0x988</run_address>
         <size>0x2c</size>
         <input_file_ref idref="fl-2"/>
      </object_component>
      <object_component id="oc-14d">
         <name>.debug_info</name>
         <load_address>0x9b4</load_address>
         <run_address>0x9b4</run_address>
         <size>0x2a4</size>
         <input_file_ref idref="fl-2"/>
      </object_component>
      <object_component id="oc-21c">
         <name>.debug_info</name>
         <load_address>0xc58</load_address>
         <run_address>0xc58</run_address>
         <size>0xef</size>
         <input_file_ref idref="fl-2"/>
      </object_component>
      <object_component id="oc-a2">
         <name>.debug_info</name>
         <load_address>0xd47</load_address>
         <run_address>0xd47</run_address>
         <size>0xbb</size>
         <input_file_ref idref="fl-2"/>
      </object_component>
      <object_component id="oc-9d">
         <name>.debug_info</name>
         <load_address>0xe02</load_address>
         <run_address>0xe02</run_address>
         <size>0x53</size>
         <input_file_ref idref="fl-2"/>
      </object_component>
      <object_component id="oc-23b">
         <name>.debug_info</name>
         <load_address>0xe55</load_address>
         <run_address>0xe55</run_address>
         <size>0x2c</size>
         <input_file_ref idref="fl-2"/>
      </object_component>
      <object_component id="oc-33f">
         <name>.debug_info</name>
         <load_address>0xe81</load_address>
         <run_address>0xe81</run_address>
         <size>0x288</size>
         <input_file_ref idref="fl-3"/>
      </object_component>
      <object_component id="oc-d1">
         <name>.debug_info</name>
         <load_address>0x1109</load_address>
         <run_address>0x1109</run_address>
         <size>0x121</size>
         <input_file_ref idref="fl-3"/>
      </object_component>
      <object_component id="oc-248">
         <name>.debug_info</name>
         <load_address>0x122a</load_address>
         <run_address>0x122a</run_address>
         <size>0xcc</size>
         <input_file_ref idref="fl-3"/>
      </object_component>
      <object_component id="oc-254">
         <name>.debug_info</name>
         <load_address>0x12f6</load_address>
         <run_address>0x12f6</run_address>
         <size>0x493</size>
         <input_file_ref idref="fl-4"/>
      </object_component>
      <object_component id="oc-24e">
         <name>.debug_info</name>
         <load_address>0x1789</load_address>
         <run_address>0x1789</run_address>
         <size>0xdc</size>
         <input_file_ref idref="fl-4"/>
      </object_component>
      <object_component id="oc-251">
         <name>.debug_info</name>
         <load_address>0x1865</load_address>
         <run_address>0x1865</run_address>
         <size>0xd6</size>
         <input_file_ref idref="fl-4"/>
      </object_component>
      <object_component id="oc-163">
         <name>.debug_info</name>
         <load_address>0x193b</load_address>
         <run_address>0x193b</run_address>
         <size>0x48b</size>
         <input_file_ref idref="fl-4"/>
      </object_component>
      <object_component id="oc-27b">
         <name>.debug_info</name>
         <load_address>0x1dc6</load_address>
         <run_address>0x1dc6</run_address>
         <size>0x46</size>
         <input_file_ref idref="fl-4"/>
      </object_component>
      <object_component id="oc-143">
         <name>.debug_info</name>
         <load_address>0x1e0c</load_address>
         <run_address>0x1e0c</run_address>
         <size>0x57a</size>
         <input_file_ref idref="fl-5"/>
      </object_component>
      <object_component id="oc-140">
         <name>.debug_info</name>
         <load_address>0x2386</load_address>
         <run_address>0x2386</run_address>
         <size>0x10a</size>
         <input_file_ref idref="fl-5"/>
      </object_component>
      <object_component id="oc-8e">
         <name>.debug_info</name>
         <load_address>0x2490</load_address>
         <run_address>0x2490</run_address>
         <size>0x4dd</size>
         <input_file_ref idref="fl-5"/>
      </object_component>
      <object_component id="oc-11a">
         <name>.debug_info</name>
         <load_address>0x296d</load_address>
         <run_address>0x296d</run_address>
         <size>0x2ef</size>
         <input_file_ref idref="fl-5"/>
      </object_component>
      <object_component id="oc-148">
         <name>.debug_info</name>
         <load_address>0x2c5c</load_address>
         <run_address>0x2c5c</run_address>
         <size>0x14c</size>
         <input_file_ref idref="fl-5"/>
      </object_component>
      <object_component id="oc-20d">
         <name>.debug_info</name>
         <load_address>0x2da8</load_address>
         <run_address>0x2da8</run_address>
         <size>0x335</size>
         <input_file_ref idref="fl-6"/>
      </object_component>
      <object_component id="oc-221">
         <name>.debug_info</name>
         <load_address>0x30dd</load_address>
         <run_address>0x30dd</run_address>
         <size>0x8b</size>
         <input_file_ref idref="fl-7"/>
      </object_component>
      <object_component id="oc-2de">
         <name>.debug_info</name>
         <load_address>0x3168</load_address>
         <run_address>0x3168</run_address>
         <size>0x336</size>
         <input_file_ref idref="fl-a"/>
      </object_component>
      <object_component id="oc-2cc">
         <name>.debug_info</name>
         <load_address>0x349e</load_address>
         <run_address>0x349e</run_address>
         <size>0xe8</size>
         <input_file_ref idref="fl-a"/>
      </object_component>
      <object_component id="oc-2cf">
         <name>.debug_info</name>
         <load_address>0x3586</load_address>
         <run_address>0x3586</run_address>
         <size>0xe0</size>
         <input_file_ref idref="fl-a"/>
      </object_component>
      <object_component id="oc-2d2">
         <name>.debug_info</name>
         <load_address>0x3666</load_address>
         <run_address>0x3666</run_address>
         <size>0xe4</size>
         <input_file_ref idref="fl-a"/>
      </object_component>
      <object_component id="oc-2d5">
         <name>.debug_info</name>
         <load_address>0x374a</load_address>
         <run_address>0x374a</run_address>
         <size>0xea</size>
         <input_file_ref idref="fl-a"/>
      </object_component>
      <object_component id="oc-2d8">
         <name>.debug_info</name>
         <load_address>0x3834</load_address>
         <run_address>0x3834</run_address>
         <size>0xe8</size>
         <input_file_ref idref="fl-a"/>
      </object_component>
      <object_component id="oc-2db">
         <name>.debug_info</name>
         <load_address>0x391c</load_address>
         <run_address>0x391c</run_address>
         <size>0xec</size>
         <input_file_ref idref="fl-a"/>
      </object_component>
      <object_component id="oc-2c9">
         <name>.debug_info</name>
         <load_address>0x3a08</load_address>
         <run_address>0x3a08</run_address>
         <size>0xe9</size>
         <input_file_ref idref="fl-a"/>
      </object_component>
      <object_component id="oc-206">
         <name>.debug_info</name>
         <load_address>0x3af1</load_address>
         <run_address>0x3af1</run_address>
         <size>0xce9</size>
         <input_file_ref idref="fl-a"/>
      </object_component>
      <object_component id="oc-226">
         <name>.debug_info</name>
         <load_address>0x47da</load_address>
         <run_address>0x47da</run_address>
         <size>0x3bb</size>
         <input_file_ref idref="fl-b"/>
      </object_component>
      <object_component id="oc-212">
         <name>.debug_info</name>
         <load_address>0x4b95</load_address>
         <run_address>0x4b95</run_address>
         <size>0xdf</size>
         <input_file_ref idref="fl-b"/>
      </object_component>
      <object_component id="oc-218">
         <name>.debug_info</name>
         <load_address>0x4c74</load_address>
         <run_address>0x4c74</run_address>
         <size>0xeb</size>
         <input_file_ref idref="fl-b"/>
      </object_component>
      <object_component id="oc-203">
         <name>.debug_info</name>
         <load_address>0x4d5f</load_address>
         <run_address>0x4d5f</run_address>
         <size>0xe5</size>
         <input_file_ref idref="fl-b"/>
      </object_component>
      <object_component id="oc-215">
         <name>.debug_info</name>
         <load_address>0x4e44</load_address>
         <run_address>0x4e44</run_address>
         <size>0xf2</size>
         <input_file_ref idref="fl-b"/>
      </object_component>
      <object_component id="oc-132">
         <name>.debug_info</name>
         <load_address>0x4f36</load_address>
         <run_address>0x4f36</run_address>
         <size>0x2b2f</size>
         <input_file_ref idref="fl-b"/>
      </object_component>
      <object_component id="oc-2e8">
         <name>.debug_info</name>
         <load_address>0x7a65</load_address>
         <run_address>0x7a65</run_address>
         <size>0x51</size>
         <input_file_ref idref="fl-b"/>
      </object_component>
      <object_component id="oc-274">
         <name>.debug_info</name>
         <load_address>0x7ab6</load_address>
         <run_address>0x7ab6</run_address>
         <size>0x5ff</size>
         <input_file_ref idref="fl-f"/>
      </object_component>
      <object_component id="oc-1b3">
         <name>.debug_info</name>
         <load_address>0x80b5</load_address>
         <run_address>0x80b5</run_address>
         <size>0x110</size>
         <input_file_ref idref="fl-f"/>
      </object_component>
      <object_component id="oc-35f">
         <name>.debug_info</name>
         <load_address>0x81c5</load_address>
         <run_address>0x81c5</run_address>
         <size>0x39</size>
         <input_file_ref idref="fl-f"/>
      </object_component>
      <object_component id="oc-1a9">
         <name>.debug_info</name>
         <load_address>0x81fe</load_address>
         <run_address>0x81fe</run_address>
         <size>0x46</size>
         <input_file_ref idref="fl-f"/>
      </object_component>
      <object_component id="oc-364">
         <name>.debug_info</name>
         <load_address>0x8244</load_address>
         <run_address>0x8244</run_address>
         <size>0x76</size>
         <input_file_ref idref="fl-f"/>
      </object_component>
      <object_component id="oc-1b9">
         <name>.debug_info</name>
         <load_address>0x82ba</load_address>
         <run_address>0x82ba</run_address>
         <size>0x2df</size>
         <input_file_ref idref="fl-10"/>
      </object_component>
      <object_component id="oc-f3">
         <name>.debug_info</name>
         <load_address>0x8599</load_address>
         <run_address>0x8599</run_address>
         <size>0x56a</size>
         <input_file_ref idref="fl-10"/>
      </object_component>
      <object_component id="oc-275">
         <name>.debug_info</name>
         <load_address>0x8b03</load_address>
         <run_address>0x8b03</run_address>
         <size>0x83f</size>
         <input_file_ref idref="fl-11"/>
      </object_component>
      <object_component id="oc-1bf">
         <name>.debug_info</name>
         <load_address>0x9342</load_address>
         <run_address>0x9342</run_address>
         <size>0x2f7d</size>
         <input_file_ref idref="fl-11"/>
      </object_component>
      <object_component id="oc-36b">
         <name>.debug_info</name>
         <load_address>0xc2bf</load_address>
         <run_address>0xc2bf</run_address>
         <size>0x1cd</size>
         <input_file_ref idref="fl-11"/>
      </object_component>
      <object_component id="oc-1ae">
         <name>.debug_info</name>
         <load_address>0xc48c</load_address>
         <run_address>0xc48c</run_address>
         <size>0x35</size>
         <input_file_ref idref="fl-11"/>
      </object_component>
      <object_component id="oc-ef">
         <name>.debug_info</name>
         <load_address>0xc4c1</load_address>
         <run_address>0xc4c1</run_address>
         <size>0x766</size>
         <input_file_ref idref="fl-12"/>
      </object_component>
      <object_component id="oc-81">
         <name>.debug_info</name>
         <load_address>0xcc27</load_address>
         <run_address>0xcc27</run_address>
         <size>0x2fd</size>
         <input_file_ref idref="fl-12"/>
      </object_component>
      <object_component id="oc-f9">
         <name>.debug_info</name>
         <load_address>0xcf24</load_address>
         <run_address>0xcf24</run_address>
         <size>0xf9</size>
         <input_file_ref idref="fl-12"/>
      </object_component>
      <object_component id="oc-114">
         <name>.debug_info</name>
         <load_address>0xd01d</load_address>
         <run_address>0xd01d</run_address>
         <size>0xf9</size>
         <input_file_ref idref="fl-12"/>
      </object_component>
      <object_component id="oc-117">
         <name>.debug_info</name>
         <load_address>0xd116</load_address>
         <run_address>0xd116</run_address>
         <size>0xf9</size>
         <input_file_ref idref="fl-12"/>
      </object_component>
      <object_component id="oc-10b">
         <name>.debug_info</name>
         <load_address>0xd20f</load_address>
         <run_address>0xd20f</run_address>
         <size>0x13b</size>
         <input_file_ref idref="fl-12"/>
      </object_component>
      <object_component id="oc-108">
         <name>.debug_info</name>
         <load_address>0xd34a</load_address>
         <run_address>0xd34a</run_address>
         <size>0xf9</size>
         <input_file_ref idref="fl-12"/>
      </object_component>
      <object_component id="oc-fc">
         <name>.debug_info</name>
         <load_address>0xd443</load_address>
         <run_address>0xd443</run_address>
         <size>0x107</size>
         <input_file_ref idref="fl-12"/>
      </object_component>
      <object_component id="oc-105">
         <name>.debug_info</name>
         <load_address>0xd54a</load_address>
         <run_address>0xd54a</run_address>
         <size>0xfb</size>
         <input_file_ref idref="fl-12"/>
      </object_component>
      <object_component id="oc-89">
         <name>.debug_info</name>
         <load_address>0xd645</load_address>
         <run_address>0xd645</run_address>
         <size>0x4eb4</size>
         <input_file_ref idref="fl-12"/>
      </object_component>
      <object_component id="oc-11f">
         <name>.debug_info</name>
         <load_address>0x124f9</load_address>
         <run_address>0x124f9</run_address>
         <size>0x169</size>
         <input_file_ref idref="fl-12"/>
      </object_component>
      <object_component id="oc-1d1">
         <name>.debug_info</name>
         <load_address>0x12662</load_address>
         <run_address>0x12662</run_address>
         <size>0x823</size>
         <input_file_ref idref="fl-13"/>
      </object_component>
      <object_component id="oc-1cb">
         <name>.debug_info</name>
         <load_address>0x12e85</load_address>
         <run_address>0x12e85</run_address>
         <size>0xfa</size>
         <input_file_ref idref="fl-13"/>
      </object_component>
      <object_component id="oc-1ce">
         <name>.debug_info</name>
         <load_address>0x12f7f</load_address>
         <run_address>0x12f7f</run_address>
         <size>0xfa</size>
         <input_file_ref idref="fl-13"/>
      </object_component>
      <object_component id="oc-1c8">
         <name>.debug_info</name>
         <load_address>0x13079</load_address>
         <run_address>0x13079</run_address>
         <size>0x132</size>
         <input_file_ref idref="fl-13"/>
      </object_component>
      <object_component id="oc-1c5">
         <name>.debug_info</name>
         <load_address>0x131ab</load_address>
         <run_address>0x131ab</run_address>
         <size>0xee</size>
         <input_file_ref idref="fl-13"/>
      </object_component>
      <object_component id="oc-ff">
         <name>.debug_info</name>
         <load_address>0x13299</load_address>
         <run_address>0x13299</run_address>
         <size>0x1a35</size>
         <input_file_ref idref="fl-13"/>
      </object_component>
      <object_component id="oc-1d2">
         <name>.debug_info</name>
         <load_address>0x14cce</load_address>
         <run_address>0x14cce</run_address>
         <size>0x1ce</size>
         <input_file_ref idref="fl-13"/>
      </object_component>
      <object_component id="oc-97">
         <name>.debug_info</name>
         <load_address>0x14e9c</load_address>
         <run_address>0x14e9c</run_address>
         <size>0x3fc</size>
         <input_file_ref idref="fl-14"/>
      </object_component>
      <object_component id="oc-84">
         <name>.debug_info</name>
         <load_address>0x15298</load_address>
         <run_address>0x15298</run_address>
         <size>0x16f</size>
         <input_file_ref idref="fl-14"/>
      </object_component>
      <object_component id="oc-94">
         <name>.debug_info</name>
         <load_address>0x15407</load_address>
         <run_address>0x15407</run_address>
         <size>0x17a</size>
         <input_file_ref idref="fl-14"/>
      </object_component>
      <object_component id="oc-36">
         <name>.debug_info</name>
         <load_address>0x15581</load_address>
         <run_address>0x15581</run_address>
         <size>0xa4c</size>
         <input_file_ref idref="fl-14"/>
      </object_component>
      <object_component id="oc-32">
         <name>.debug_info</name>
         <load_address>0x15fcd</load_address>
         <run_address>0x15fcd</run_address>
         <size>0x25c</size>
         <input_file_ref idref="fl-15"/>
      </object_component>
      <object_component id="oc-1e7">
         <name>.debug_info</name>
         <load_address>0x16229</load_address>
         <run_address>0x16229</run_address>
         <size>0x3bb</size>
         <input_file_ref idref="fl-16"/>
      </object_component>
      <object_component id="oc-1e4">
         <name>.debug_info</name>
         <load_address>0x165e4</load_address>
         <run_address>0x165e4</run_address>
         <size>0xf5</size>
         <input_file_ref idref="fl-16"/>
      </object_component>
      <object_component id="oc-1e1">
         <name>.debug_info</name>
         <load_address>0x166d9</load_address>
         <run_address>0x166d9</run_address>
         <size>0xf5</size>
         <input_file_ref idref="fl-16"/>
      </object_component>
      <object_component id="oc-1de">
         <name>.debug_info</name>
         <load_address>0x167ce</load_address>
         <run_address>0x167ce</run_address>
         <size>0x1a9</size>
         <input_file_ref idref="fl-16"/>
      </object_component>
      <object_component id="oc-10f">
         <name>.debug_info</name>
         <load_address>0x16977</load_address>
         <run_address>0x16977</run_address>
         <size>0x908</size>
         <input_file_ref idref="fl-16"/>
      </object_component>
      <object_component id="oc-28e">
         <name>.debug_info</name>
         <load_address>0x1727f</load_address>
         <run_address>0x1727f</run_address>
         <size>0x62</size>
         <input_file_ref idref="fl-16"/>
      </object_component>
      <object_component id="oc-23a">
         <name>.debug_info</name>
         <load_address>0x172e1</load_address>
         <run_address>0x172e1</run_address>
         <size>0x3e5</size>
         <input_file_ref idref="fl-d0"/>
      </object_component>
      <object_component id="oc-237">
         <name>.debug_info</name>
         <load_address>0x176c6</load_address>
         <run_address>0x176c6</run_address>
         <size>0x157</size>
         <input_file_ref idref="fl-d0"/>
      </object_component>
      <object_component id="oc-230">
         <name>.debug_info</name>
         <load_address>0x1781d</load_address>
         <run_address>0x1781d</run_address>
         <size>0x166</size>
         <input_file_ref idref="fl-d0"/>
      </object_component>
      <object_component id="oc-138">
         <name>.debug_info</name>
         <load_address>0x17983</load_address>
         <run_address>0x17983</run_address>
         <size>0x1ac</size>
         <input_file_ref idref="fl-d0"/>
      </object_component>
      <object_component id="oc-2b2">
         <name>.debug_info</name>
         <load_address>0x17b2f</load_address>
         <run_address>0x17b2f</run_address>
[...]
         <name>pvTimerGetTimerID</name>
         <value>0x490f</value>
         <object_component_ref idref="oc-fe"/>
      </symbol>
      <symbol id="sm-735">
         <name>vTimerSetTimerID</name>
         <value>0x4937</value>
         <object_component_ref idref="oc-fe"/>
      </symbol>
      <symbol id="sm-77e">
         <name>ulMaxSyscallInterruptPriority</name>
         <value>0x7dc4</value>
         <object_component_ref idref="oc-83"/>
      </symbol>
      <symbol id="sm-77f">
         <name>vPortSetupTimerInterrupt</name>
         <value>0x526f</value>
         <object_component_ref idref="oc-35"/>
      </symbol>
      <symbol id="sm-780">
         <name>vPortEndScheduler</name>
         <value>0x51c3</value>
         <object_component_ref idref="oc-35"/>
      </symbol>
      <symbol id="sm-781">
         <name>xPortSysTickHandler</name>
         <value>0x5249</value>
         <object_component_ref idref="oc-35"/>
      </symbol>
      <symbol id="sm-782">
         <name>vPortValidateInterruptPriority</name>
         <value>0x527d</value>
         <object_component_ref idref="oc-35"/>
      </symbol>
      <symbol id="sm-783">
         <name>pxPortInitialiseStack</name>
         <value>0x50ad</value>
         <object_component_ref idref="oc-35"/>
      </symbol>
      <symbol id="sm-784">
         <name>vPortExitCritical</name>
         <value>0x5221</value>
         <object_component_ref idref="oc-35"/>
      </symbol>
      <symbol id="sm-785">
         <name>xPortStartScheduler</name>
         <value>0x512f</value>
         <object_component_ref idref="oc-35"/>
      </symbol>
      <symbol id="sm-786">
         <name>vPortEnterCritical</name>
         <value>0x51e3</value>
         <object_component_ref idref="oc-35"/>
      </symbol>
      <symbol id="sm-795">
         <name>vPortStartFirstTask</name>
         <value>0x681d</value>
         <object_component_ref idref="oc-30"/>
      </symbol>
      <symbol id="sm-796">
         <name>ulPortGetIPSR</name>
         <value>0x6785</value>
         <object_component_ref idref="oc-30"/>
      </symbol>
      <symbol id="sm-797">
         <name>vPortEnableVFP</name>
         <value>0x6839</value>
         <object_component_ref idref="oc-30"/>
      </symbol>
      <symbol id="sm-798">
         <name>xPortPendSVHandler</name>
         <value>0x679d</value>
         <object_component_ref idref="oc-30"/>
      </symbol>
      <symbol id="sm-799">
         <name>vPortSVCHandler</name>
         <value>0x67fd</value>
         <object_component_ref idref="oc-30"/>
      </symbol>
      <symbol id="sm-7f4">
         <name>vPortInitialiseBlocks</name>
         <value>0x4f15</value>
         <object_component_ref idref="oc-10d"/>
      </symbol>
      <symbol id="sm-7f5">
         <name>xPortGetFreeHeapSize</name>
         <value>0x4f09</value>
         <object_component_ref idref="oc-10d"/>
      </symbol>
      <symbol id="sm-7f6">
         <name>pvPortMalloc</name>
         <value>0x4d41</value>
         <object_component_ref idref="oc-10d"/>
      </symbol>
      <symbol id="sm-7f7">
         <name>vPortFree</name>
         <value>0x4e83</value>
         <object_component_ref idref="oc-10d"/>
      </symbol>
      <symbol id="sm-7f8">
         <name>xPortGetMinimumEverFreeHeapSize</name>
         <value>0x4f0f</value>
         <object_component_ref idref="oc-10d"/>
      </symbol>
      <symbol id="sm-824">
         <name>printf</name>
         <value>0x6f4d</value>
         <object_component_ref idref="oc-136"/>
      </symbol>
      <symbol id="sm-98e">
         <name>__TI_printfi</name>
         <value>0x391d</value>
         <object_component_ref idref="oc-227"/>
      </symbol>
      <symbol id="sm-9af">
         <name>__TI_doflush</name>
         <value>0x7349</value>
         <object_component_ref idref="oc-1f4"/>
      </symbol>
      <symbol id="sm-9b0">
         <name>fflush</name>
         <value>0x6bc5</value>
         <object_component_ref idref="oc-12a"/>
      </symbol>
      <symbol id="sm-9c5">
         <name>putc</name>
         <value>0x6a2d</value>
         <object_component_ref idref="oc-334"/>
      </symbol>
      <symbol id="sm-9c6">
         <name>fputc</name>
         <value>0x6a2d</value>
         <object_component_ref idref="oc-334"/>
      </symbol>
      <symbol id="sm-9f5">
         <name>puts</name>
         <value>0x782d</value>
         <object_component_ref idref="oc-124"/>
      </symbol>
      <symbol id="sm-9f6">
         <name>fputs</name>
         <value>0x6195</value>
         <object_component_ref idref="oc-1ec"/>
      </symbol>
      <symbol id="sm-a0e">
         <name>__TI_wrt_ok</name>
         <value>0x707d</value>
         <object_component_ref idref="oc-297"/>
      </symbol>
      <symbol id="sm-a2a">
         <name>setvbuf</name>
         <value>0x6699</value>
         <object_component_ref idref="oc-376"/>
      </symbol>
      <symbol id="sm-a41">
         <name>__aeabi_dsub</name>
         <value>0x5989</value>
         <object_component_ref idref="oc-3c5"/>
      </symbol>
      <symbol id="sm-a42">
         <name>__aeabi_dadd</name>
         <value>0x5993</value>
         <object_component_ref idref="oc-3c5"/>
      </symbol>
      <symbol id="sm-a64">
         <name>__aeabi_cdcmpeq</name>
         <value>0x6ab9</value>
         <object_component_ref idref="oc-2f8"/>
      </symbol>
      <symbol id="sm-a65">
         <name>__aeabi_cdcmple</name>
         <value>0x6ab9</value>
         <object_component_ref idref="oc-2f8"/>
      </symbol>
      <symbol id="sm-a66">
         <name>__aeabi_cdrcmple</name>
         <value>0x6b3f</value>
         <object_component_ref idref="oc-3b0"/>
      </symbol>
      <symbol id="sm-a7a">
         <name>__aeabi_ddiv</name>
         <value>0x5e11</value>
         <object_component_ref idref="oc-3ab"/>
      </symbol>
      <symbol id="sm-a85">
         <name>__aeabi_dmul</name>
         <value>0x64b9</value>
         <object_component_ref idref="oc-3a6"/>
      </symbol>
      <symbol id="sm-a8f">
         <name>__aeabi_d2iz</name>
         <value>0x7429</value>
         <object_component_ref idref="oc-3b5"/>
      </symbol>
      <symbol id="sm-a99">
         <name>__aeabi_i2d</name>
         <value>0x7739</value>
         <object_component_ref idref="oc-3c0"/>
      </symbol>
      <symbol id="sm-ab4">
         <name>memcpy</name>
         <value>0x68fb</value>
         <object_component_ref idref="oc-49"/>
      </symbol>
      <symbol id="sm-ab5">
         <name>__aeabi_memcpy</name>
         <value>0x68fb</value>
         <object_component_ref idref="oc-49"/>
      </symbol>
      <symbol id="sm-ab6">
         <name>__aeabi_memcpy8</name>
         <value>0x68fb</value>
         <object_component_ref idref="oc-49"/>
      </symbol>
      <symbol id="sm-ab7">
         <name>__aeabi_memcpy4</name>
         <value>0x68fb</value>
         <object_component_ref idref="oc-49"/>
      </symbol>
      <symbol id="sm-ac6">
         <name>__aeabi_memset</name>
         <value>0x6c43</value>
         <object_component_ref idref="oc-c3"/>
      </symbol>
      <symbol id="sm-ac7">
         <name>memset</name>
         <value>0x6c49</value>
         <object_component_ref idref="oc-c3"/>
      </symbol>
      <symbol id="sm-ac8">
         <name>__aeabi_memset8</name>
         <value>0x6c43</value>
         <object_component_ref idref="oc-c3"/>
      </symbol>
      <symbol id="sm-ac9">
         <name>__aeabi_memset4</name>
         <value>0x6c43</value>
         <object_component_ref idref="oc-c3"/>
      </symbol>
      <symbol id="sm-aca">
         <name>__aeabi_memclr8</name>
         <value>0x6c41</value>
         <object_component_ref idref="oc-c3"/>
      </symbol>
      <symbol id="sm-acb">
         <name>__aeabi_memclr4</name>
         <value>0x6c41</value>
         <object_component_ref idref="oc-c3"/>
      </symbol>
      <symbol id="sm-acc">
         <name>__aeabi_memclr</name>
         <value>0x6c41</value>
         <object_component_ref idref="oc-c3"/>
      </symbol>
      <symbol id="sm-ad9">
         <name>__aeabi_uldivmod</name>
         <value>0x6997</value>
         <object_component_ref idref="oc-39f"/>
      </symbol>
      <symbol id="sm-aeb">
         <name>__TI_zero_init</name>
         <value>0x7915</value>
         <object_component_ref idref="oc-5b"/>
      </symbol>
      <symbol id="sm-b02">
         <name>__TI_decompress_none</name>
         <value>0x7907</value>
         <object_component_ref idref="oc-1b"/>
      </symbol>
      <symbol id="sm-b25">
         <name>__TI_decompress_lzss</name>
         <value>0x6ee5</value>
         <object_component_ref idref="oc-15"/>
      </symbol>
      <symbol id="sm-b4b">
         <name>C$$EXIT</name>
         <value>0x795b</value>
         <object_component_ref idref="oc-169"/>
      </symbol>
      <symbol id="sm-b4c">
         <name>abort</name>
         <value>0x795b</value>
         <object_component_ref idref="oc-169"/>
      </symbol>
      <symbol id="sm-b4d">
         <name>__TI_dtors_ptr</name>
         <value>0x20010bb0</value>
         <object_component_ref idref="oc-258"/>
      </symbol>
      <symbol id="sm-b4e">
         <name>__TI_cleanup_ptr</name>
         <value>0x20010bac</value>
         <object_component_ref idref="oc-258"/>
      </symbol>
      <symbol id="sm-b4f">
         <name>__TI_enable_exit_profile_output</name>
         <value>0x20010bb4</value>
         <object_component_ref idref="oc-258"/>
      </symbol>
      <symbol id="sm-b50">
         <name>exit</name>
         <value>0x73e1</value>
         <object_component_ref idref="oc-16f"/>
      </symbol>
      <symbol id="sm-b65">
         <name>_nop</name>
         <value>0x436b</value>
         <object_component_ref idref="oc-2b8"/>
      </symbol>
      <symbol id="sm-b66">
         <name>_lock</name>
         <value>0x20010bc4</value>
         <object_component_ref idref="oc-1fa"/>
      </symbol>
      <symbol id="sm-b67">
         <name>_unlock</name>
         <value>0x20010bc8</value>
         <object_component_ref idref="oc-1fa"/>
      </symbol>
      <symbol id="sm-b76">
         <name>__TI_ltoa</name>
         <value>0x72a3</value>
         <object_component_ref idref="oc-3ba"/>
      </symbol>
      <symbol id="sm-b8c">
         <name>atoi</name>
         <value>0x7395</value>
         <object_component_ref idref="oc-2ec"/>
      </symbol>
      <symbol id="sm-b97">
         <name>_ctypes_</name>
         <value>0x7b10</value>
         <object_component_ref idref="oc-39a"/>
      </symbol>
      <symbol id="sm-bac">
         <name>__TI_tmpnams</name>
         <value>0x2001038c</value>
      </symbol>
      <symbol id="sm-bad">
         <name>__aeabi_stdout</name>
         <value>0x20010ba4</value>
         <object_component_ref idref="oc-1fd"/>
      </symbol>
      <symbol id="sm-bae">
         <name>__aeabi_stderr</name>
         <value>0x20010ba8</value>
         <object_component_ref idref="oc-1fd"/>
      </symbol>
      <symbol id="sm-baf">
         <name>__aeabi_stdin</name>
         <value>0x20010ba0</value>
         <object_component_ref idref="oc-1fd"/>
      </symbol>
      <symbol id="sm-bb0">
         <name>_ftable</name>
         <value>0x20010990</value>
         <object_component_ref idref="oc-13c"/>
      </symbol>
      <symbol id="sm-bb1">
         <name>__TI_ft_end</name>
         <value>0x20010b9c</value>
         <object_component_ref idref="oc-1fd"/>
      </symbol>
      <symbol id="sm-bc1">
         <name>memccpy</name>
         <value>0x7869</value>
         <object_component_ref idref="oc-315"/>
      </symbol>
      <symbol id="sm-bd1">
         <name>memchr</name>
         <value>0x780d</value>
         <object_component_ref idref="oc-2a3"/>
      </symbol>
      <symbol id="sm-c5a">
         <name>_sys_memory</name>
         <value>0x20010590</value>
         <object_component_ref idref="oc-24"/>
      </symbol>
      <symbol id="sm-c5b">
         <name>free</name>
         <value>0x65b5</value>
         <object_component_ref idref="oc-42f"/>
      </symbol>
      <symbol id="sm-c5c">
         <name>memalign</name>
         <value>0x63b9</value>
         <object_component_ref idref="oc-4ad"/>
      </symbol>
      <symbol id="sm-c5d">
         <name>malloc</name>
         <value>0x7941</value>
         <object_component_ref idref="oc-435"/>
      </symbol>
      <symbol id="sm-c5e">
         <name>aligned_alloc</name>
         <value>0x63b9</value>
         <object_component_ref idref="oc-4ad"/>
      </symbol>
      <symbol id="sm-c6e">
         <name>strchr</name>
         <value>0x78b7</value>
         <object_component_ref idref="oc-3f1"/>
      </symbol>
      <symbol id="sm-c7c">
         <name>strlen</name>
         <value>0x78e1</value>
         <object_component_ref idref="oc-29d"/>
      </symbol>
      <symbol id="sm-c8f">
         <name>__stack</name>
         <value>0x20010bf0</value>
         <object_component_ref idref="oc-27"/>
      </symbol>
      <symbol id="sm-c90">
         <name>_c_int00_noargs</name>
         <value>0x76d5</value>
         <object_component_ref idref="oc-67"/>
      </symbol>
      <symbol id="sm-caa">
         <name>write</name>
         <value>0x77e5</value>
         <object_component_ref idref="oc-2a9"/>
      </symbol>
      <symbol id="sm-cbb">
         <name>_stream</name>
         <value>0x20010af8</value>
         <object_component_ref idref="oc-382"/>
      </symbol>
      <symbol id="sm-cbc">
         <name>_device</name>
         <value>0x20010a80</value>
         <object_component_ref idref="oc-44e"/>
      </symbol>
      <symbol id="sm-cd2">
         <name>__aeabi_errno_addr</name>
         <value>0x7939</value>
         <object_component_ref idref="oc-321"/>
      </symbol>
      <symbol id="sm-cd3">
         <name>errno</name>
         <value>0x20010be8</value>
         <object_component_ref idref="oc-401"/>
      </symbol>
      <symbol id="sm-cec">
         <name>wcslen</name>
         <value>0x78f5</value>
         <object_component_ref idref="oc-31b"/>
      </symbol>
      <symbol id="sm-d0c">
         <name>frexpl</name>
         <value>0x6fb5</value>
         <object_component_ref idref="oc-3e5"/>
      </symbol>
      <symbol id="sm-d0d">
         <name>frexp</name>
         <value>0x6fb5</value>
         <object_component_ref idref="oc-3e5"/>
      </symbol>
      <symbol id="sm-d2a">
         <name>scalbn</name>
         <value>0x62a9</value>
         <object_component_ref idref="oc-3eb"/>
      </symbol>
      <symbol id="sm-d2b">
         <name>scalbnl</name>
         <value>0x62a9</value>
         <object_component_ref idref="oc-3eb"/>
      </symbol>
      <symbol id="sm-d2c">
         <name>ldexpl</name>
         <value>0x62a9</value>
         <object_component_ref idref="oc-3eb"/>
      </symbol>
      <symbol id="sm-d2d">
         <name>ldexp</name>
         <value>0x62a9</value>
         <object_component_ref idref="oc-3eb"/>
      </symbol>
      <symbol id="sm-d3d">
         <name>__TI_cleanup</name>
         <value>0x766d</value>
         <object_component_ref idref="oc-43b"/>
      </symbol>
      <symbol id="sm-d4f">
         <name>fseek</name>
         <value>0x7019</value>
         <object_component_ref idref="oc-370"/>
      </symbol>
      <symbol id="sm-d59">
         <name>__aeabi_idiv0</name>
         <value>0x5b3f</value>
         <object_component_ref idref="oc-465"/>
      </symbol>
      <symbol id="sm-d5a">
         <name>__aeabi_ldiv0</name>
         <value>0x5b3f</value>
         <object_component_ref idref="oc-465"/>
      </symbol>
      <symbol id="sm-d82">
         <name>__TI_auto_init_nobinit_nopinit</name>
         <value>0x74f9</value>
         <object_component_ref idref="oc-175"/>
      </symbol>
      <symbol id="sm-d8c">
         <name>_system_pre_init</name>
         <value>0x7957</value>
         <object_component_ref idref="oc-c9"/>
      </symbol>
      <symbol id="sm-d9f">
         <name>HOSTclose</name>
         <value>0x7471</value>
         <object_component_ref idref="oc-4c3"/>
      </symbol>
      <symbol id="sm-db0">
         <name>HOSTlseek</name>
         <value>0x6e7d</value>
         <object_component_ref idref="oc-4d5"/>
      </symbol>
      <symbol id="sm-dc2">
         <name>parmbuf</name>
         <value>0x20010588</value>
      </symbol>
      <symbol id="sm-dc3">
         <name>HOSTopen</name>
         <value>0x70e1</value>
         <object_component_ref idref="oc-4bd"/>
      </symbol>
      <symbol id="sm-dd4">
         <name>HOSTread</name>
         <value>0x719d</value>
         <object_component_ref idref="oc-4c9"/>
      </symbol>
      <symbol id="sm-de5">
         <name>HOSTrename</name>
         <value>0x6e11</value>
         <object_component_ref idref="oc-4e1"/>
      </symbol>
      <symbol id="sm-df6">
         <name>HOSTunlink</name>
         <value>0x74b5</value>
         <object_component_ref idref="oc-4db"/>
      </symbol>
      <symbol id="sm-e07">
         <name>HOSTwrite</name>
         <value>0x71f5</value>
         <object_component_ref idref="oc-4cf"/>
      </symbol>
      <symbol id="sm-e2b">
         <name>__TI_readmsg</name>
         <value>0x76a1</value>
         <object_component_ref idref="oc-51f"/>
      </symbol>
      <symbol id="sm-e2c">
         <name>C$$IO$$</name>
         <value>0x762b</value>
         <object_component_ref idref="oc-519"/>
      </symbol>
      <symbol id="sm-e2d">
         <name>__CIOBUF_</name>
         <value>0x2001026c</value>
         <object_component_ref idref="oc-54a"/>
      </symbol>
      <symbol id="sm-e2e">
         <name>__TI_writemsg</name>
         <value>0x75fd</value>
         <object_component_ref idref="oc-519"/>
      </symbol>
      <symbol id="sm-e3f">
         <name>lseek</name>
         <value>0x77bd</value>
         <object_component_ref idref="oc-427"/>
      </symbol>
      <symbol id="sm-e49">
         <name>copysign</name>
         <value>0x7885</value>
         <object_component_ref idref="oc-47e"/>
      </symbol>
      <symbol id="sm-e4a">
         <name>copysignl</name>
         <value>0x7885</value>
         <object_component_ref idref="oc-47e"/>
      </symbol>
      <symbol id="sm-e5f">
         <name>__TI_closefile</name>
         <value>0x6cbd</value>
         <object_component_ref idref="oc-4b4"/>
      </symbol>
      <symbol id="sm-e82">
         <name>finddevice</name>
         <value>0x7709</value>
         <object_component_ref idref="oc-568"/>
      </symbol>
      <symbol id="sm-e83">
         <name>getdevice</name>
         <value>0x753d</value>
         <object_component_ref idref="oc-540"/>
      </symbol>
      <symbol id="sm-e92">
         <name>strcmp</name>
         <value>0x789f</value>
         <object_component_ref idref="oc-57f"/>
      </symbol>
      <symbol id="sm-ea0">
         <name>strcpy</name>
         <value>0x78cd</value>
         <object_component_ref idref="oc-533"/>
      </symbol>
      <symbol id="sm-eb0">
         <name>strncpy</name>
         <value>0x7635</value>
         <object_component_ref idref="oc-562"/>
      </symbol>
      <symbol id="sm-ec5">
         <name>close</name>
         <value>0x7141</value>
         <object_component_ref idref="oc-50a"/>
      </symbol>
      <symbol id="sm-ed5">
         <name>unlink</name>
         <value>0x7769</value>
         <object_component_ref idref="oc-510"/>
      </symbol>
      <symbol id="sm-ed6">
         <name>__TI_static_base__</name>
         <value>0x0</value>
      </symbol>
      <symbol id="sm-ed9">
         <name>__mpu_init</name>
         <value>0x0</value>
      </symbol>
      <symbol id="sm-eda">
         <name>_system_post_cinit</name>
         <value>0x0</value>
      </symbol>
      <symbol id="sm-edb">
         <name>remove</name>
         <value>0x7769</value>
      </symbol>
   </symbol_table>
   <title>Link successful</title>
</link_info>
