******************************************************************************
                  TI ARM Linker PC v20.2.7                     
******************************************************************************
>> Linked Tue Nov  7 15:09:10 2023

OUTPUT FILE NAME:   <FreeRTOS_project.out>
ENTRY POINT SYMBOL: "_c_int00_noargs"  address: 000061dd


MEMORY CONFIGURATION

         name            origin    length      used     unused   attr    fill
----------------------  --------  ---------  --------  --------  ----  --------
  FLASH                 00000000   00100000  00006600  000f9a00  R  X
  SRAM                  20000000   00040000  00010b5c  0002f4a4  RW X


SEGMENT ALLOCATION MAP

run origin  load origin   length   init length attrs members
----------  ----------- ---------- ----------- ----- -------
00000000    00000000    00006600   00006600    r-x
  00000000    00000000    00000208   00000208    r-- .intvecs
  00000208    00000208    0000624c   0000624c    r-x .text
  00006454    00006454    0000010c   0000010c    r-- .const
  00006560    00006560    000000a0   000000a0    r-- .cinit
20000000    20000000    00010b60   00000000    rw-
  20000000    20000000    00010314   00000000    rw- .bss
  20010318    20010318    00000400   00000000    rw- .sysmem
  20010718    20010718    00000248   00000000    rw- .data
  20010960    20010960    00000200   00000000    rw- .stack


SECTION ALLOCATION MAP

 output                                  attributes/
section   page    origin      length       input sections
--------  ----  ----------  ----------   ----------------
.intvecs   0    00000000    00000208     
                  00000000    00000208     tm4c129encpdt_startup_ccs.obj (.intvecs)

.text      0    00000208    0000624c     
                  00000208    00001aac     tasks.obj (.text)
                  00001cb4    00000ce8     queue.obj (.text)
                  0000299c    00000a4e     rtsv7M4_T_le_v4SPD16_eabi.lib : _printfi.c.obj (.text:__TI_printfi)
                  000033ea    00000002                                   : _lock.c.obj (.text:_nop)
                  000033ec    00000614     timers.obj (.text)
                  00003a00    0000036c     heap_4.obj (.text)
                  00003d6c    00000298     port.obj (.text)
                  00004004    00000270     rtsv7M4_T_le_v4SPD16_eabi.lib : _printfi.c.obj (.text:_pconv_a)
                  00004274    000001dc     semaphoreExamples.obj (.text)
                  00004450    000001d0     rtsv7M4_T_le_v4SPD16_eabi.lib : _printfi.c.obj (.text:_pconv_g)
                  00004620    000001b6                                   : fd_add_t2.asm.obj (.text)
                  000047d6    00000002                                   : div0.asm.obj (.text)
                  000047d8    0000013c                                   : _printfi.c.obj (.text:_pconv_e)
                  00004914    00000136                                   : fd_div_t2.asm.obj (.text)
                  00004a4a    0000012a     list.obj (.text)
                  00004b74    00000124     rtsv7M4_T_le_v4SPD16_eabi.lib : _printfi.c.obj (.text:fcvt)
                  00004c98    00000114                                   : fputs.c.obj (.text:fputs)
                  00004dac    00000110                                   : s_scalbn.c.obj (.text:scalbn)
                  00004ebc    00000100                                   : memory.c.obj (.text:aligned_alloc)
                  00004fbc    000000fc                                   : fd_mul_t2.asm.obj (.text)
                  000050b8    000000e4                                   : memory.c.obj (.text:free)
                  0000519c    000000dc                                   : setvbuf.c.obj (.text:setvbuf)
                  00005278    000000d2     portasm.obj (.text)
                  0000534a    00000002     --HOLE-- [fill = 0]
                  0000534c    000000b1     rtsv7M4_T_le_v4SPD16_eabi.lib : _printfi.c.obj (.text:_ltostr)
                  000053fd    00000001     --HOLE-- [fill = 0]
                  000053fe    0000009c                                   : memcpy_t2.asm.obj (.text)
                  0000549a    00000096                                   : ull_div_t2.asm.obj (.text)
                  00005530    0000008c                                   : fputc.c.obj (.text:fputc)
                  000055bc    00000086                                   : fd_cmp_t2.asm.obj (.text:__aeabi_cdcmple)
                  00005642    00000086                                   : fd_cmp_t2.asm.obj (.text:__aeabi_cdrcmple)
                  000056c8    0000007c                                   : fflush.c.obj (.text:fflush)
                  00005744    0000007a                                   : memset_t2.asm.obj (.text)
                  000057be    00000002     --HOLE-- [fill = 0]
                  000057c0    00000074                                   : fclose.c.obj (.text:__TI_closefile)
                  00005834    00000070                                   : memory.c.obj (.text:split)
                  000058a4    0000006e                                   : _printfi.c.obj (.text:_mcpy)
                  00005912    00000002     --HOLE-- [fill = 0]
                  00005914    0000006c                                   : hostrename.c.obj (.text:HOSTrename)
                  00005980    00000068                                   : hostlseek.c.obj (.text:HOSTlseek)
                  000059e8    00000068                                   : copy_decompress_lzss.c.obj (.text:decompress:lzss:__TI_decompress_lzss)
                  00005a50    00000068                                   : printf.c.obj (.text:printf)
                  00005ab8    00000064                                   : s_frexp.c.obj (.text:frexp)
                  00005b1c    00000064                                   : fseek.c.obj (.text:fseek)
                  00005b80    00000062                                   : _io_perm.c.obj (.text:__TI_wrt_ok)
                  00005be2    00000002     --HOLE-- [fill = 0]
                  00005be4    00000060                                   : hostopen.c.obj (.text:HOSTopen)
                  00005c44    0000005c                                   : close.c.obj (.text:close)
                  00005ca0    00000058                                   : hostread.c.obj (.text:HOSTread)
                  00005cf8    00000058                                   : hostwrite.c.obj (.text:HOSTwrite)
                  00005d50    00000056                                   : _printfi.c.obj (.text:_pconv_f)
                  00005da6    00000054                                   : _ltoa.c.obj (.text:__TI_ltoa)
                  00005dfa    00000052                                   : _printfi.c.obj (.text:_ecpy)
                  00005e4c    0000004c                                   : fflush.c.obj (.text:__TI_doflush)
                  00005e98    0000004c                                   : atoi.c.obj (.text:atoi)
                  00005ee4    00000048                                   : exit.c.obj (.text:exit)
                  00005f2c    00000048                                   : fd_toi_t2.asm.obj (.text)
                  00005f74    00000044                                   : hostclose.c.obj (.text:HOSTclose)
                  00005fb8    00000044                                   : hostunlink.c.obj (.text:HOSTunlink)
                  00005ffc    00000044                                   : autoinit.c.obj (.text:__TI_auto_init_nobinit_nopinit:__TI_auto_init_nobinit_nopinit)
                  00006040    00000044                                   : getdevice.c.obj (.text:getdevice)
                  00006084    00000040     main.obj (.text)
                  000060c4    0000003e     rtsv7M4_T_le_v4SPD16_eabi.lib : _printfi.c.obj (.text:_fcpy)
                  00006102    00000002     --HOLE-- [fill = 0]
                  00006104    00000038                                   : trgmsg.c.obj (.text:__TI_writemsg)
                  0000613c    00000036                                   : strncpy.c.obj (.text:strncpy)
                  00006172    00000002     --HOLE-- [fill = 0]
                  00006174    00000034                                   : fopen.c.obj (.text:__TI_cleanup)
                  000061a8    00000034                                   : trgmsg.c.obj (.text:__TI_readmsg)
                  000061dc    00000034                                   : boot_cortex_m.c.obj (.text:_c_int00_noargs:_c_int00_noargs)
                  00006210    00000030                                   : getdevice.c.obj (.text:finddevice)
                  00006240    0000002e                                   : i_tofd_t2.asm.obj (.text)
                  0000626e    00000002     --HOLE-- [fill = 0]
                  00006270    0000002c                                   : unlink.c.obj (.text:unlink)
                  0000629c    00000028                                   : memory.c.obj (.text:free_list_insert)
                  000062c4    00000028                                   : lseek.c.obj (.text:lseek)
                  000062ec    00000028                                   : write.c.obj (.text:write)
                  00006314    00000020                                   : memchr.c.obj (.text:memchr)
                  00006334    00000020                                   : fputs.c.obj (.text:puts)
                  00006354    0000001c                                   : memory.c.obj (.text:free_list_remove)
                  00006370    0000001c                                   : memccpy.c.obj (.text:memccpy)
                  0000638c    0000001a                                   : s_copysign.c.obj (.text:copysign)
                  000063a6    00000018                                   : strcmp.c.obj (.text:strcmp)
                  000063be    00000016                                   : strchr.c.obj (.text:strchr)
                  000063d4    00000014                                   : strcpy.c.obj (.text:strcpy)
                  000063e8    00000014                                   : strlen.c.obj (.text:strlen)
                  000063fc    00000012                                   : wcslen.c.obj (.text:wcslen)
                  0000640e    0000000e                                   : copy_decompress_none.c.obj (.text:decompress:none:__TI_decompress_none)
                  0000641c    0000000c                                   : copy_zero_init.c.obj (.text:decompress:ZI:__TI_zero_init)
                  00006428    0000000c     tm4c129encpdt_startup_ccs.obj (.text)
                  00006434    00000008     rtsv7M4_T_le_v4SPD16_eabi.lib : errno.c.obj (.text:__aeabi_errno_addr)
                  0000643c    00000008                                   : memory.c.obj (.text:malloc)
                  00006444    00000004                                   : printf.c.obj (.text:_outc)
                  00006448    00000004                                   : printf.c.obj (.text:_outs)
                  0000644c    00000004                                   : pre_init.c.obj (.text:_system_pre_init)
                  00006450    00000004                                   : exit.c.obj (.text:abort:abort)

.const     0    00006454    0000010c     
                  00006454    00000101     rtsv7M4_T_le_v4SPD16_eabi.lib : ctype.c.obj (.const:.string:_ctypes_)
                  00006555    00000003     --HOLE-- [fill = 0]
                  00006558    00000008     port.obj (.const)

.cinit     0    00006560    000000a0     
                  00006560    00000075     (.cinit..data.load) [load image, compression = lzss]
                  000065d5    00000003     --HOLE-- [fill = 0]
                  000065d8    0000000c     (__TI_handler_table)
                  000065e4    00000004     --HOLE-- [fill = 0]
                  000065e8    00000008     (.cinit..bss.load) [load image, compression = zero_init]
                  000065f0    00000010     (__TI_cinit_table)

.init_array 
*          0    00000000    00000000     UNINITIALIZED

.bss       0    20000000    00010314     UNINITIALIZED
                  20000000    00010000     heap_4.obj (.bss:ucHeap)
                  20010000    00000120     rtsv7M4_T_le_v4SPD16_eabi.lib : trgmsg.c.obj (.bss:_CIOBUF_)
                  20010120    000000a0     (.common:__TI_tmpnams)
                  200101c0    00000064     tasks.obj (.bss:pxReadyTasksLists)
                  20010224    00000040     (.common:xQueueRegistry)
                  20010264    00000014     timers.obj (.bss:xActiveTimerList1)
                  20010278    00000014     timers.obj (.bss:xActiveTimerList2)
                  2001028c    00000014     tasks.obj (.bss:xDelayedTaskList1)
                  200102a0    00000014     tasks.obj (.bss:xDelayedTaskList2)
                  200102b4    00000014     tasks.obj (.bss:xPendingReadyList)
                  200102c8    00000014     tasks.obj (.bss:xSuspendedTaskList)
                  200102dc    00000014     tasks.obj (.bss:xTasksWaitingTermination)
                  200102f0    00000008     tasks.obj (.bss)
                  200102f8    00000008     timers.obj (.bss)
                  20010300    00000008     heap_4.obj (.bss:xStart)
                  20010308    00000008     (.common:parmbuf)
                  20010310    00000004     (.common:semHandle)

.sysmem    0    20010318    00000400     UNINITIALIZED
                  20010318    00000010     rtsv7M4_T_le_v4SPD16_eabi.lib : memory.c.obj (.sysmem)
                  20010328    000003f0     --HOLE--

.data      0    20010718    00000248     UNINITIALIZED
                  20010718    000000f0     rtsv7M4_T_le_v4SPD16_eabi.lib : defs.c.obj (.data:_ftable)
                  20010808    00000078                                   : host_device.c.obj (.data:_device)
                  20010880    00000050                                   : host_device.c.obj (.data:_stream)
                  200108d0    00000030     tasks.obj (.data)
                  20010900    00000010     heap_4.obj (.data)
                  20010910    00000010     rtsv7M4_T_le_v4SPD16_eabi.lib : defs.c.obj (.data)
                  20010920    0000000c                                   : exit.c.obj (.data:$O1$$)
                  2001092c    0000000c     port.obj (.data)
                  20010938    0000000c     semaphoreExamples.obj (.data)
                  20010944    00000008     rtsv7M4_T_le_v4SPD16_eabi.lib : _lock.c.obj (.data:$O1$$)
                  2001094c    00000008                                   : memory.c.obj (.data:$O1$$)
                  20010954    00000008     timers.obj (.data)
                  2001095c    00000004     rtsv7M4_T_le_v4SPD16_eabi.lib : errno.c.obj (.data)

.stack     0    20010960    00000200     UNINITIALIZED
                  20010960    00000004     rtsv7M4_T_le_v4SPD16_eabi.lib : boot_cortex_m.c.obj (.stack)
                  20010964    000001fc     --HOLE--

__llvm_prf_cnts 
*          0    20000000    00000000     UNINITIALIZED

MODULE SUMMARY

       Module                          code    ro data   rw data
       ------                          ----    -------   -------
    .\
       tm4c129encpdt_startup_ccs.obj   12      520       0      
    +--+-------------------------------+-------+---------+---------+
       Total:                          12      520       0      
                                                                
    .\Core\src\
       semaphoreExamples.obj           476     0         16     
       main.obj                        64      0         0      
    +--+-------------------------------+-------+---------+---------+
       Total:                          540     0         16     
                                                                
    .\ThirdParty\FreeRTOS\Source\
       tasks.obj                       6828    0         256    
       queue.obj                       3304    0         64     
       timers.obj                      1556    0         56     
       list.obj                        298     0         0      
    +--+-------------------------------+-------+---------+---------+
       Total:                          11986   0         376    
                                                                
    .\ThirdParty\FreeRTOS\Source\portable\CCS\ARM_CM4F\
       port.obj                        664     8         12     
       portasm.obj                     210     0         0      
    +--+-------------------------------+-------+---------+---------+
       Total:                          874     8         12     
                                                                
    .\ThirdParty\FreeRTOS\Source\portable\MemMang\
       heap_4.obj                      876     0         65560  
    +--+-------------------------------+-------+---------+---------+
       Total:                          876     0         65560  
                                                                
    C:\ti\ccs1240\ccs\tools\compiler\ti-cgt-arm_20.2.7.LTS\lib\rtsv7M4_T_le_v4SPD16_eabi.lib
       _printfi.c.obj                  4851    0         0      
       memory.c.obj                    672     0         8      
       fd_add_t2.asm.obj               438     0         0      
       defs.c.obj                      0       0         416    
       trgmsg.c.obj                    108     0         288    
       fd_div_t2.asm.obj               310     0         0      
       fputs.c.obj                     308     0         0      
       s_scalbn.c.obj                  272     0         0      
       fd_cmp_t2.asm.obj               268     0         0      
       ctype.c.obj                     0       257       0      
       fd_mul_t2.asm.obj               252     0         0      
       setvbuf.c.obj                   220     0         0      
       fflush.c.obj                    200     0         0      
       host_device.c.obj               0       0         200    
       memcpy_t2.asm.obj               156     0         0      
       ull_div_t2.asm.obj              150     0         0      
       fputc.c.obj                     140     0         0      
       memset_t2.asm.obj               122     0         0      
       fclose.c.obj                    116     0         0      
       getdevice.c.obj                 116     0         0      
       printf.c.obj                    112     0         0      
       hostrename.c.obj                108     0         0      
       copy_decompress_lzss.c.obj      104     0         0      
       hostlseek.c.obj                 104     0         0      
       hostopen.c.obj                  96      0         8      
       fseek.c.obj                     100     0         0      
       s_frexp.c.obj                   100     0         0      
       _io_perm.c.obj                  98      0         0      
       close.c.obj                     92      0         0      
       exit.c.obj                      76      0         12     
       hostread.c.obj                  88      0         0      
       hostwrite.c.obj                 88      0         0      
       _ltoa.c.obj                     84      0         0      
       atoi.c.obj                      76      0         0      
       fd_toi_t2.asm.obj               72      0         0      
       autoinit.c.obj                  68      0         0      
       hostclose.c.obj                 68      0         0      
       hostunlink.c.obj                68      0         0      
       strncpy.c.obj                   54      0         0      
       boot_cortex_m.c.obj             52      0         0      
       fopen.c.obj                     52      0         0      
       i_tofd_t2.asm.obj               46      0         0      
       unlink.c.obj                    44      0         0      
       lseek.c.obj                     40      0         0      
       write.c.obj                     40      0         0      
       memchr.c.obj                    32      0         0      
       memccpy.c.obj                   28      0         0      
       s_copysign.c.obj                26      0         0      
       strcmp.c.obj                    24      0         0      
       strchr.c.obj                    22      0         0      
       strcpy.c.obj                    20      0         0      
       strlen.c.obj                    20      0         0      
       wcslen.c.obj                    18      0         0      
       copy_decompress_none.c.obj      14      0         0      
       copy_zero_init.c.obj            12      0         0      
       errno.c.obj                     8       0         4      
       _lock.c.obj                     2       0         8      
       pre_init.c.obj                  4       0         0      
       div0.asm.obj                    2       0         0      
    +--+-------------------------------+-------+---------+---------+
       Total:                          10861   257       944    
                                                                
       Heap:                           0       0         1024   
       Stack:                          0       0         512    
       Linker Generated:               0       153       0      
    +--+-------------------------------+-------+---------+---------+
       Grand Total:                    25149   938       68444  


LINKER GENERATED COPY TABLES

__TI_cinit_table @ 000065f0 records: 2, size/record: 8, table size: 16
	.data: load addr=00006560, load size=00000075 bytes, run addr=20010718, run size=00000248 bytes, compression=lzss
	.bss: load addr=000065e8, load size=00000008 bytes, run addr=20000000, run size=00010314 bytes, compression=zero_init


LINKER GENERATED HANDLER TABLE

__TI_handler_table @ 000065d8 records: 3, size/record: 4, table size: 12
	index: 0, handler: __TI_decompress_lzss
	index: 1, handler: __TI_decompress_none
	index: 2, handler: __TI_zero_init


GLOBAL SYMBOLS: SORTED ALPHABETICALLY BY Name 

address   name                             
-------   ----                             
00006451  C$$EXIT                          
00006133  C$$IO$$                          
00005f75  HOSTclose                        
00005981  HOSTlseek                        
00005be5  HOSTopen                         
00005ca1  HOSTread                         
00005915  HOSTrename                       
00005fb9  HOSTunlink                       
00005cf9  HOSTwrite                        
00006429  ResetISR                         
20010000  __CIOBUF_                        
20010b60  __STACK_END                      
00000200  __STACK_SIZE                     
20010b60  __STACK_TOP                      
00000400  __SYSMEM_SIZE                    
000065f0  __TI_CINIT_Base                  
00006600  __TI_CINIT_Limit                 
000065d8  __TI_Handler_Table_Base          
000065e4  __TI_Handler_Table_Limit         
00005ffd  __TI_auto_init_nobinit_nopinit   
00006175  __TI_cleanup                     
20010920  __TI_cleanup_ptr                 
000057c1  __TI_closefile                   
000059e9  __TI_decompress_lzss             
0000640f  __TI_decompress_none             
00005e4d  __TI_doflush                     
20010924  __TI_dtors_ptr                   
20010928  __TI_enable_exit_profile_output  
20010910  __TI_ft_end                      
00005da7  __TI_ltoa                        
ffffffff  __TI_pprof_out_hndl              
0000299d  __TI_printfi                     
ffffffff  __TI_prof_data_size              
ffffffff  __TI_prof_data_start             
000061a9  __TI_readmsg                     
00000000  __TI_static_base__               
20010120  __TI_tmpnams                     
00006105  __TI_writemsg                    
00005b81  __TI_wrt_ok                      
0000641d  __TI_zero_init                   
000055bd  __aeabi_cdcmpeq                  
000055bd  __aeabi_cdcmple                  
00005643  __aeabi_cdrcmple                 
00005f2d  __aeabi_d2iz                     
0000462b  __aeabi_dadd                     
00004915  __aeabi_ddiv                     
00004fbd  __aeabi_dmul                     
00004621  __aeabi_dsub                     
00006435  __aeabi_errno_addr               
00006241  __aeabi_i2d                      
000047d7  __aeabi_idiv0                    
000047d7  __aeabi_ldiv0                    
00005745  __aeabi_memclr                   
00005745  __aeabi_memclr4                  
00005745  __aeabi_memclr8                  
000053ff  __aeabi_memcpy                   
000053ff  __aeabi_memcpy4                  
000053ff  __aeabi_memcpy8                  
00005747  __aeabi_memset                   
00005747  __aeabi_memset4                  
00005747  __aeabi_memset8                  
2001091c  __aeabi_stderr                   
20010914  __aeabi_stdin                    
20010918  __aeabi_stdout                   
0000549b  __aeabi_uldivmod                 
ffffffff  __binit__                        
ffffffff  __c_args__                       
UNDEFED   __mpu_init                       
20010960  __stack                          
20000000  __start___llvm_prf_cnts          
20000000  __stop___llvm_prf_cnts           
000061dd  _c_int00_noargs                  
00006454  _ctypes_                         
20010808  _device                          
20010718  _ftable                          
20010944  _lock                            
000033eb  _nop                             
20010880  _stream                          
20010318  _sys_memory                      
UNDEFED   _system_post_cinit               
0000644d  _system_pre_init                 
20010948  _unlock                          
00006451  abort                            
00004ebd  aligned_alloc                    
00005e99  atoi                             
ffffffff  binit                            
00005c45  close                            
0000638d  copysign                         
0000638d  copysignl                        
2001095c  errno                            
00005ee5  exit                             
000056c9  fflush                           
00006211  finddevice                       
00005531  fputc                            
00004c99  fputs                            
000050b9  free                             
00005ab9  frexp                            
00005ab9  frexpl                           
00005b1d  fseek                            
00000000  g_pfnVectors                     
00006041  getdevice                        
2001093c  handle1                          
20010940  handle2                          
00004dad  ldexp                            
00004dad  ldexpl                           
000062c5  lseek                            
00006085  main                             
0000643d  malloc                           
00004ebd  memalign                         
00006371  memccpy                          
00006315  memchr                           
000053ff  memcpy                           
0000574d  memset                           
20010308  parmbuf                          
00003517  pcTimerGetTimerName              
00005a51  printf                           
00005531  putc                             
00006335  puts                             
00003a01  pvPortMalloc                     
00001773  pvTaskIncrementMutexHeldCount    
0000398f  pvTimerGetTimerID                
200108d0  pxCurrentTCB                     
00003d6d  pxPortInitialiseStack            
20010938  rd_wr_Data                       
00006271  remove                           
00004dad  scalbn                           
00004dad  scalbnl                          
20010310  semHandle                        
00004275  semaphoreExamples                
0000519d  setvbuf                          
000063bf  strchr                           
000063a7  strcmp                           
000063d5  strcpy                           
000063e9  strlen                           
0000613d  strncpy                          
000042f1  task1Function                    
0000435f  task2Function                    
0000269b  ucQueueGetQueueType              
00006558  ulMaxSyscallInterruptPriority    
00005289  ulPortGetIPSR                    
00001791  ulTaskNotifyTake                 
00006271  unlink                           
00004b2d  uxListRemove                     
0000267b  uxQueueGetQueueNumber            
000025e3  uxQueueMessagesWaiting           
0000263b  uxQueueMessagesWaitingFromISR    
0000260d  uxQueueSpacesAvailable           
00000b51  uxTaskGetNumberOfTasks           
00000b57  uxTaskGetSystemState             
00001175  uxTaskGetTaskNumber              
000005a1  uxTaskPriorityGet                
000005c9  uxTaskPriorityGetFromISR         
00001751  uxTaskResetEventItemValue        
0000608f  vAssertCalled                    
00004a4b  vListInitialise                  
00004a7b  vListInitialiseItem              
00004ac7  vListInsert                      
00004a8b  vListInsertEnd                   
0000533d  vPortEnableVFP                   
00003e83  vPortEndScheduler                
00003ea3  vPortEnterCritical               
00003ee1  vPortExitCritical                
00003b43  vPortFree                        
00003bd5  vPortInitialiseBlocks            
00005301  vPortSVCHandler                  
00003f2f  vPortSetupTimerInterrupt         
00005321  vPortStartFirstTask              
00003f3d  vPortValidateInterruptPriority   
000028c1  vQueueAddToRegistry              
00002657  vQueueDelete                     
00002689  vQueueSetQueueNumber             
00002903  vQueueUnregisterQueue            
0000293d  vQueueWaitForMessageRestricted   
00000525  vTaskDelay                       
0000040d  vTaskDelayUntil                  
0000035b  vTaskDelete                      
00000a01  vTaskEndScheduler                
00001167  vTaskMissedYield                 
00001b8f  vTaskNotifyGiveFromISR           
00000df9  vTaskPlaceOnEventList            
00000f09  vTaskPlaceOnEventListRestricted  
00000e6d  vTaskPlaceOnUnorderedEventList   
000015d1  vTaskPriorityInherit             
00000619  vTaskPrioritySet                 
0000085b  vTaskResume                      
00001195  vTaskSetTaskNumber               
000010a7  vTaskSetTimeOutState             
0000098d  vTaskStartScheduler              
00000745  vTaskSuspend                     
00000a1d  vTaskSuspendAll                  
00000d75  vTaskSwitchContext               
000039b7  vTimerSetTimerID                 
000063fd  wcslen                           
000062ed  write                            
00003bc9  xPortGetFreeHeapSize             
00003bcf  xPortGetMinimumEverFreeHeapSize  
000052a1  xPortPendSVHandler               
00003def  xPortStartScheduler              
00003f09  xPortSysTickHandler              
00001f09  xQueueCreateCountingSemaphore    
00001df1  xQueueCreateMutex                
00001d5f  xQueueGenericCreate              
000022d9  xQueueGenericReceive             
00001cb5  xQueueGenericReset               
00001f91  xQueueGenericSend                
00002125  xQueueGenericSendFromISR         
0000220b  xQueueGiveFromISR                
00001e67  xQueueGiveMutexRecursive         
00002849  xQueueIsQueueEmptyFromISR        
00002895  xQueueIsQueueFullFromISR         
00002549  xQueuePeekFromISR                
00002491  xQueueReceiveFromISR             
20010224  xQueueRegistry                   
00001eb1  xQueueTakeMutexRecursive         
000010d1  xTaskCheckForTimeOut             
00000209  xTaskGenericCreate               
00001943  xTaskGenericNotify               
00001a65  xTaskGenericNotifyFromISR        
00001589  xTaskGetCurrentTaskHandle        
000015a1  xTaskGetSchedulerState           
00000b2d  xTaskGetTickCount                
00000b3d  xTaskGetTickCountFromISR         
00000c35  xTaskIncrementTick               
00001c5d  xTaskNotifyStateClear            
00001859  xTaskNotifyWait                  
0000168b  xTaskPriorityDisinherit          
00000f79  xTaskRemoveFromEventList         
00001009  xTaskRemoveFromUnorderedEventList
00000a35  xTaskResumeAll                   
000008e9  xTaskResumeFromISR               
00003435  xTimerCreate                     
000033ed  xTimerCreateTimerTask            
0000349d  xTimerGenericCommand             
00003955  xTimerIsTimerActive              


GLOBAL SYMBOLS: SORTED BY Symbol Address 

address   name                             
-------   ----                             
00000000  __TI_static_base__               
00000000  g_pfnVectors                     
00000200  __STACK_SIZE                     
00000209  xTaskGenericCreate               
0000035b  vTaskDelete                      
00000400  __SYSMEM_SIZE                    
0000040d  vTaskDelayUntil                  
00000525  vTaskDelay                       
000005a1  uxTaskPriorityGet                
000005c9  uxTaskPriorityGetFromISR         
00000619  vTaskPrioritySet                 
00000745  vTaskSuspend                     
0000085b  vTaskResume                      
000008e9  xTaskResumeFromISR               
0000098d  vTaskStartScheduler              
00000a01  vTaskEndScheduler                
00000a1d  vTaskSuspendAll                  
00000a35  xTaskResumeAll                   
00000b2d  xTaskGetTickCount                
00000b3d  xTaskGetTickCountFromISR         
00000b51  uxTaskGetNumberOfTasks           
00000b57  uxTaskGetSystemState             
00000c35  xTaskIncrementTick               
00000d75  vTaskSwitchContext               
00000df9  vTaskPlaceOnEventList            
00000e6d  vTaskPlaceOnUnorderedEventList   
00000f09  vTaskPlaceOnEventListRestricted  
00000f79  xTaskRemoveFromEventList         
00001009  xTaskRemoveFromUnorderedEventList
000010a7  vTaskSetTimeOutState             
000010d1  xTaskCheckForTimeOut             
00001167  vTaskMissedYield                 
00001175  uxTaskGetTaskNumber              
00001195  vTaskSetTaskNumber               
00001589  xTaskGetCurrentTaskHandle        
000015a1  xTaskGetSchedulerState           
000015d1  vTaskPriorityInherit             
0000168b  xTaskPriorityDisinherit          
00001751  uxTaskResetEventItemValue        
00001773  pvTaskIncrementMutexHeldCount    
00001791  ulTaskNotifyTake                 
00001859  xTaskNotifyWait                  
00001943  xTaskGenericNotify               
00001a65  xTaskGenericNotifyFromISR        
00001b8f  vTaskNotifyGiveFromISR           
00001c5d  xTaskNotifyStateClear            
00001cb5  xQueueGenericReset               
00001d5f  xQueueGenericCreate              
00001df1  xQueueCreateMutex                
00001e67  xQueueGiveMutexRecursive         
00001eb1  xQueueTakeMutexRecursive         
00001f09  xQueueCreateCountingSemaphore    
00001f91  xQueueGenericSend                
00002125  xQueueGenericSendFromISR         
0000220b  xQueueGiveFromISR                
000022d9  xQueueGenericReceive             
00002491  xQueueReceiveFromISR             
00002549  xQueuePeekFromISR                
000025e3  uxQueueMessagesWaiting           
0000260d  uxQueueSpacesAvailable           
0000263b  uxQueueMessagesWaitingFromISR    
00002657  vQueueDelete                     
0000267b  uxQueueGetQueueNumber            
00002689  vQueueSetQueueNumber             
0000269b  ucQueueGetQueueType              
00002849  xQueueIsQueueEmptyFromISR        
00002895  xQueueIsQueueFullFromISR         
000028c1  vQueueAddToRegistry              
00002903  vQueueUnregisterQueue            
0000293d  vQueueWaitForMessageRestricted   
0000299d  __TI_printfi                     
000033eb  _nop                             
000033ed  xTimerCreateTimerTask            
00003435  xTimerCreate                     
0000349d  xTimerGenericCommand             
00003517  pcTimerGetTimerName              
00003955  xTimerIsTimerActive              
0000398f  pvTimerGetTimerID                
000039b7  vTimerSetTimerID                 
00003a01  pvPortMalloc                     
00003b43  vPortFree                        
00003bc9  xPortGetFreeHeapSize             
00003bcf  xPortGetMinimumEverFreeHeapSize  
00003bd5  vPortInitialiseBlocks            
00003d6d  pxPortInitialiseStack            
00003def  xPortStartScheduler              
00003e83  vPortEndScheduler                
00003ea3  vPortEnterCritical               
00003ee1  vPortExitCritical                
00003f09  xPortSysTickHandler              
00003f2f  vPortSetupTimerInterrupt         
00003f3d  vPortValidateInterruptPriority   
00004275  semaphoreExamples                
000042f1  task1Function                    
0000435f  task2Function                    
00004621  __aeabi_dsub                     
0000462b  __aeabi_dadd                     
000047d7  __aeabi_idiv0                    
000047d7  __aeabi_ldiv0                    
00004915  __aeabi_ddiv                     
00004a4b  vListInitialise                  
00004a7b  vListInitialiseItem              
00004a8b  vListInsertEnd                   
00004ac7  vListInsert                      
00004b2d  uxListRemove                     
00004c99  fputs                            
00004dad  ldexp                            
00004dad  ldexpl                           
00004dad  scalbn                           
00004dad  scalbnl                          
00004ebd  aligned_alloc                    
00004ebd  memalign                         
00004fbd  __aeabi_dmul                     
000050b9  free                             
0000519d  setvbuf                          
00005289  ulPortGetIPSR                    
000052a1  xPortPendSVHandler               
00005301  vPortSVCHandler                  
00005321  vPortStartFirstTask              
0000533d  vPortEnableVFP                   
000053ff  __aeabi_memcpy                   
000053ff  __aeabi_memcpy4                  
000053ff  __aeabi_memcpy8                  
000053ff  memcpy                           
0000549b  __aeabi_uldivmod                 
00005531  fputc                            
00005531  putc                             
000055bd  __aeabi_cdcmpeq                  
000055bd  __aeabi_cdcmple                  
00005643  __aeabi_cdrcmple                 
000056c9  fflush                           
00005745  __aeabi_memclr                   
00005745  __aeabi_memclr4                  
00005745  __aeabi_memclr8                  
00005747  __aeabi_memset                   
00005747  __aeabi_memset4                  
00005747  __aeabi_memset8                  
0000574d  memset                           
000057c1  __TI_closefile                   
00005915  HOSTrename                       
00005981  HOSTlseek                        
000059e9  __TI_decompress_lzss             
00005a51  printf                           
00005ab9  frexp                            
00005ab9  frexpl                           
00005b1d  fseek                            
00005b81  __TI_wrt_ok                      
00005be5  HOSTopen                         
00005c45  close                            
00005ca1  HOSTread                         
00005cf9  HOSTwrite                        
00005da7  __TI_ltoa                        
00005e4d  __TI_doflush                     
00005e99  atoi                             
00005ee5  exit                             
00005f2d  __aeabi_d2iz                     
00005f75  HOSTclose                        
00005fb9  HOSTunlink                       
00005ffd  __TI_auto_init_nobinit_nopinit   
00006041  getdevice                        
00006085  main                             
0000608f  vAssertCalled                    
00006105  __TI_writemsg                    
00006133  C$$IO$$                          
0000613d  strncpy                          
00006175  __TI_cleanup                     
000061a9  __TI_readmsg                     
000061dd  _c_int00_noargs                  
00006211  finddevice                       
00006241  __aeabi_i2d                      
00006271  remove                           
00006271  unlink                           
000062c5  lseek                            
000062ed  write                            
00006315  memchr                           
00006335  puts                             
00006371  memccpy                          
0000638d  copysign                         
0000638d  copysignl                        
000063a7  strcmp                           
000063bf  strchr                           
000063d5  strcpy                           
000063e9  strlen                           
000063fd  wcslen                           
0000640f  __TI_decompress_none             
0000641d  __TI_zero_init                   
00006429  ResetISR                         
00006435  __aeabi_errno_addr               
0000643d  malloc                           
0000644d  _system_pre_init                 
00006451  C$$EXIT                          
00006451  abort                            
00006454  _ctypes_                         
00006558  ulMaxSyscallInterruptPriority    
000065d8  __TI_Handler_Table_Base          
000065e4  __TI_Handler_Table_Limit         
000065f0  __TI_CINIT_Base                  
00006600  __TI_CINIT_Limit                 
20000000  __start___llvm_prf_cnts          
20000000  __stop___llvm_prf_cnts           
20010000  __CIOBUF_                        
20010120  __TI_tmpnams                     
20010224  xQueueRegistry                   
20010308  parmbuf                          
20010310  semHandle                        
20010318  _sys_memory                      
20010718  _ftable                          
20010808  _device                          
20010880  _stream                          
200108d0  pxCurrentTCB                     
20010910  __TI_ft_end                      
20010914  __aeabi_stdin                    
20010918  __aeabi_stdout                   
2001091c  __aeabi_stderr                   
20010920  __TI_cleanup_ptr                 
20010924  __TI_dtors_ptr                   
20010928  __TI_enable_exit_profile_output  
20010938  rd_wr_Data                       
2001093c  handle1                          
20010940  handle2                          
20010944  _lock                            
20010948  _unlock                          
2001095c  errno                            
20010960  __stack                          
20010b60  __STACK_END                      
20010b60  __STACK_TOP                      
ffffffff  __TI_pprof_out_hndl              
ffffffff  __TI_prof_data_size              
ffffffff  __TI_prof_data_start             
ffffffff  __binit__                        
ffffffff  __c_args__                       
ffffffff  binit                            
UNDEFED   __mpu_init                       
UNDEFED   _system_post_cinit               

[234 symbols]
