******************************************************************************
                  TI ARM Linker PC v20.2.7                     
******************************************************************************
>> Linked Tue Oct 31 18:24:17 2023

OUTPUT FILE NAME:   <FreeRTOS_project.out>
ENTRY POINT SYMBOL: "_c_int00_noargs"  address: 00007541


MEMORY CONFIGURATION

         name            origin    length      used     unused   attr    fill
----------------------  --------  ---------  --------  --------  ----  --------
  FLASH                 00000000   00100000  00007ce6  000f831a  R  X
  SRAM                  20000000   00040000  00010bc0  0002f440  RW X


SEGMENT ALLOCATION MAP

run origin  load origin   length   init length attrs members
----------  ----------- ---------- ----------- ----- -------
00000000    00000000    00007ce8   00007ce8    r-x
  00000000    00000000    00000208   00000208    r-- .intvecs
  00000208    00000208    000075c2   000075c2    r-x .text
  000077cc    000077cc    0000046c   0000046c    r-- .const
  00007c38    00007c38    000000b0   000000b0    r-- .cinit
20000000    20000000    00010bc0   00000000    rw-
  20000000    20000000    0000026c   00000000    rw- .vtable
  2000026c    2000026c    00010310   00000000    rw- .bss
  2001057c    2001057c    00000244   00000000    rw- .data
  200107c0    200107c0    00000200   00000000    rw- .stack
  200109c0    200109c0    00000200   00000000    rw- .sysmem


SECTION ALLOCATION MAP

 output                                  attributes/
section   page    origin      length       input sections
--------  ----  ----------  ----------   ----------------
.intvecs   0    00000000    00000208     
                  00000000    00000208     tm4c129encpdt_startup_ccs.obj (.intvecs)

.text      0    00000208    000075c2     
                  00000208    00001aac     tasks.obj (.text)
                  00001cb4    00000f80     sysctl.obj (.text)
                  00002c34    00000ce8     queue.obj (.text)
                  0000391c    00000a4e     rtsv7M4_T_le_v4SPD16_eabi.lib : _printfi.c.obj (.text:__TI_printfi)
                  0000436a    00000002                                   : _lock.c.obj (.text:_nop)
                  0000436c    00000614     timers.obj (.text)
                  00004980    000003c0     interrupt.obj (.text)
                  00004d40    0000036c     heap_4.obj (.text)
                  000050ac    00000298     port.obj (.text)
                  00005344    00000270     rtsv7M4_T_le_v4SPD16_eabi.lib : _printfi.c.obj (.text:_pconv_a)
                  000055b4    00000204     taskExamples.obj (.text)
                  000057b8    000001d0     rtsv7M4_T_le_v4SPD16_eabi.lib : _printfi.c.obj (.text:_pconv_g)
                  00005988    000001b6                                   : fd_add_t2.asm.obj (.text)
                  00005b3e    00000002                                   : div0.asm.obj (.text)
                  00005b40    0000013c                                   : _printfi.c.obj (.text:_pconv_e)
                  00005c7c    00000136                                   : fd_div_t2.asm.obj (.text)
                  00005db2    0000012a     list.obj (.text)
                  00005edc    00000124     rtsv7M4_T_le_v4SPD16_eabi.lib : _printfi.c.obj (.text:fcvt)
                  00006000    00000114                                   : fputs.c.obj (.text:fputs)
                  00006114    00000110                                   : s_scalbn.c.obj (.text:scalbn)
                  00006224    00000100                                   : memory.c.obj (.text:aligned_alloc)
                  00006324    000000fc                                   : fd_mul_t2.asm.obj (.text)
                  00006420    000000e4                                   : memory.c.obj (.text:free)
                  00006504    000000dc                                   : setvbuf.c.obj (.text:setvbuf)
                  000065e0    000000d2     portasm.obj (.text)
                  000066b2    00000002     --HOLE-- [fill = 0]
                  000066b4    000000b1     rtsv7M4_T_le_v4SPD16_eabi.lib : _printfi.c.obj (.text:_ltostr)
                  00006765    00000001     --HOLE-- [fill = 0]
                  00006766    0000009c                                   : memcpy_t2.asm.obj (.text)
                  00006802    00000096                                   : ull_div_t2.asm.obj (.text)
                  00006898    0000008c                                   : fputc.c.obj (.text:fputc)
                  00006924    00000086                                   : fd_cmp_t2.asm.obj (.text:__aeabi_cdcmple)
                  000069aa    00000086                                   : fd_cmp_t2.asm.obj (.text:__aeabi_cdrcmple)
                  00006a30    0000007c                                   : fflush.c.obj (.text:fflush)
                  00006aac    0000007a                                   : memset_t2.asm.obj (.text)
                  00006b26    00000002     --HOLE-- [fill = 0]
                  00006b28    00000074                                   : fclose.c.obj (.text:__TI_closefile)
                  00006b9c    00000070                                   : memory.c.obj (.text:split)
                  00006c0c    0000006e                                   : _printfi.c.obj (.text:_mcpy)
                  00006c7a    00000002     --HOLE-- [fill = 0]
                  00006c7c    0000006c                                   : hostrename.c.obj (.text:HOSTrename)
                  00006ce8    00000068                                   : hostlseek.c.obj (.text:HOSTlseek)
                  00006d50    00000068                                   : copy_decompress_lzss.c.obj (.text:decompress:lzss:__TI_decompress_lzss)
                  00006db8    00000068                                   : printf.c.obj (.text:printf)
                  00006e20    00000064                                   : s_frexp.c.obj (.text:frexp)
                  00006e84    00000064                                   : fseek.c.obj (.text:fseek)
                  00006ee8    00000062                                   : _io_perm.c.obj (.text:__TI_wrt_ok)
                  00006f4a    00000002     --HOLE-- [fill = 0]
                  00006f4c    00000060                                   : hostopen.c.obj (.text:HOSTopen)
                  00006fac    0000005c                                   : close.c.obj (.text:close)
                  00007008    00000058                                   : hostread.c.obj (.text:HOSTread)
                  00007060    00000058                                   : hostwrite.c.obj (.text:HOSTwrite)
                  000070b8    00000056                                   : _printfi.c.obj (.text:_pconv_f)
                  0000710e    00000054                                   : _ltoa.c.obj (.text:__TI_ltoa)
                  00007162    00000052                                   : _printfi.c.obj (.text:_ecpy)
                  000071b4    0000004c                                   : fflush.c.obj (.text:__TI_doflush)
                  00007200    0000004c                                   : atoi.c.obj (.text:atoi)
                  0000724c    00000048                                   : exit.c.obj (.text:exit)
                  00007294    00000048                                   : fd_toi_t2.asm.obj (.text)
                  000072dc    00000044                                   : hostclose.c.obj (.text:HOSTclose)
                  00007320    00000044                                   : hostunlink.c.obj (.text:HOSTunlink)
                  00007364    00000044                                   : autoinit.c.obj (.text:__TI_auto_init_nobinit_nopinit:__TI_auto_init_nobinit_nopinit)
                  000073a8    00000044                                   : getdevice.c.obj (.text:getdevice)
                  000073ec    0000003e                                   : _printfi.c.obj (.text:_fcpy)
                  0000742a    0000003e     cpu.obj (.text)
                  00007468    00000038     rtsv7M4_T_le_v4SPD16_eabi.lib : trgmsg.c.obj (.text:__TI_writemsg)
                  000074a0    00000036                                   : strncpy.c.obj (.text:strncpy)
                  000074d6    00000002     --HOLE-- [fill = 0]
                  000074d8    00000034                                   : fopen.c.obj (.text:__TI_cleanup)
                  0000750c    00000034                                   : trgmsg.c.obj (.text:__TI_readmsg)
                  00007540    00000034                                   : boot_cortex_m.c.obj (.text:_c_int00_noargs:_c_int00_noargs)
                  00007574    00000030                                   : getdevice.c.obj (.text:finddevice)
                  000075a4    0000002e                                   : i_tofd_t2.asm.obj (.text)
                  000075d2    00000002     --HOLE-- [fill = 0]
                  000075d4    0000002c                                   : unlink.c.obj (.text:unlink)
                  00007600    00000028                                   : memory.c.obj (.text:free_list_insert)
                  00007628    00000028                                   : lseek.c.obj (.text:lseek)
                  00007650    00000028                                   : write.c.obj (.text:write)
                  00007678    00000020                                   : memchr.c.obj (.text:memchr)
                  00007698    00000020                                   : fputs.c.obj (.text:puts)
                  000076b8    0000001c                                   : memory.c.obj (.text:free_list_remove)
                  000076d4    0000001c                                   : memccpy.c.obj (.text:memccpy)
                  000076f0    0000001a                                   : s_copysign.c.obj (.text:copysign)
                  0000770a    00000018                                   : strcmp.c.obj (.text:strcmp)
                  00007722    00000016                                   : strchr.c.obj (.text:strchr)
                  00007738    00000014                                   : strcpy.c.obj (.text:strcpy)
                  0000774c    00000014                                   : strlen.c.obj (.text:strlen)
                  00007760    00000012                                   : wcslen.c.obj (.text:wcslen)
                  00007772    0000000e                                   : copy_decompress_none.c.obj (.text:decompress:none:__TI_decompress_none)
                  00007780    0000000c                                   : copy_zero_init.c.obj (.text:decompress:ZI:__TI_zero_init)
                  0000778c    0000000c     tm4c129encpdt_startup_ccs.obj (.text)
                  00007798    0000000a     main.obj (.text)
                  000077a2    00000002     --HOLE-- [fill = 0]
                  000077a4    00000008     rtsv7M4_T_le_v4SPD16_eabi.lib : errno.c.obj (.text:__aeabi_errno_addr)
                  000077ac    00000008                                   : memory.c.obj (.text:malloc)
                  000077b4    00000006     sysctl.obj (.text:SysCtlDelay)
                  000077ba    00000004     rtsv7M4_T_le_v4SPD16_eabi.lib : printf.c.obj (.text:_outc)
                  000077be    00000004                                   : printf.c.obj (.text:_outs)
                  000077c2    00000004                                   : pre_init.c.obj (.text:_system_pre_init)
                  000077c6    00000004                                   : exit.c.obj (.text:abort:abort)

.const     0    000077cc    0000046c     
                  000077cc    000001b0     sysctl.obj (.const:g_pppui32XTALtoVCO)
                  0000797c    00000101     rtsv7M4_T_le_v4SPD16_eabi.lib : ctype.c.obj (.const:.string:_ctypes_)
                  00007a7d    00000003     --HOLE-- [fill = 0]
                  00007a80    0000009c     interrupt.obj (.const:g_pui32Regs)
                  00007b1c    0000006c     sysctl.obj (.const:g_pui32Xtals)
                  00007b88    00000030     sysctl.obj (.const:g_sXTALtoMEMTIM)
                  00007bb8    00000020     interrupt.obj (.const:g_pui32Priority)
                  00007bd8    00000014     interrupt.obj (.const:g_pui32Dii16Regs)
                  00007bec    00000014     interrupt.obj (.const:g_pui32EnRegs)
                  00007c00    00000014     interrupt.obj (.const:g_pui32PendRegs)
                  00007c14    00000014     interrupt.obj (.const:g_pui32UnpendRegs)
                  00007c28    00000008     sysctl.obj (.const:g_pui32VCOFrequencies)
                  00007c30    00000008     port.obj (.const)

.cinit     0    00007c38    000000b0     
                  00007c38    00000077     (.cinit..data.load) [load image, compression = lzss]
                  00007caf    00000001     --HOLE-- [fill = 0]
                  00007cb0    0000000c     (__TI_handler_table)
                  00007cbc    00000004     --HOLE-- [fill = 0]
                  00007cc0    00000008     (.cinit..bss.load) [load image, compression = zero_init]
                  00007cc8    00000008     (.cinit..vtable.load) [load image, compression = zero_init]
                  00007cd0    00000018     (__TI_cinit_table)

.init_array 
*          0    00000000    00000000     UNINITIALIZED

.vtable    0    20000000    0000026c     UNINITIALIZED
                  20000000    0000026c     interrupt.obj (.vtable)

.bss       0    2000026c    00010310     UNINITIALIZED
                  2000026c    00010000     heap_4.obj (.bss:ucHeap)
                  2001026c    00000120     rtsv7M4_T_le_v4SPD16_eabi.lib : trgmsg.c.obj (.bss:_CIOBUF_)
                  2001038c    000000a0     (.common:__TI_tmpnams)
                  2001042c    00000064     tasks.obj (.bss:pxReadyTasksLists)
                  20010490    00000040     (.common:xQueueRegistry)
                  200104d0    00000014     timers.obj (.bss:xActiveTimerList1)
                  200104e4    00000014     timers.obj (.bss:xActiveTimerList2)
                  200104f8    00000014     tasks.obj (.bss:xDelayedTaskList1)
                  2001050c    00000014     tasks.obj (.bss:xDelayedTaskList2)
                  20010520    00000014     tasks.obj (.bss:xPendingReadyList)
                  20010534    00000014     tasks.obj (.bss:xSuspendedTaskList)
                  20010548    00000014     tasks.obj (.bss:xTasksWaitingTermination)
                  2001055c    00000008     tasks.obj (.bss)
                  20010564    00000008     timers.obj (.bss)
                  2001056c    00000008     heap_4.obj (.bss:xStart)
                  20010574    00000008     (.common:parmbuf)

.data      0    2001057c    00000244     UNINITIALIZED
                  2001057c    000000f0     rtsv7M4_T_le_v4SPD16_eabi.lib : defs.c.obj (.data:_ftable)
                  2001066c    00000078                                   : host_device.c.obj (.data:_device)
                  200106e4    00000050                                   : host_device.c.obj (.data:_stream)
                  20010734    00000030     tasks.obj (.data)
                  20010764    00000010     heap_4.obj (.data)
                  20010774    00000010     rtsv7M4_T_le_v4SPD16_eabi.lib : defs.c.obj (.data)
                  20010784    0000000c                                   : exit.c.obj (.data:$O1$$)
                  20010790    0000000c     port.obj (.data)
                  2001079c    00000008     rtsv7M4_T_le_v4SPD16_eabi.lib : _lock.c.obj (.data:$O1$$)
                  200107a4    00000008                                   : memory.c.obj (.data:$O1$$)
                  200107ac    00000008     taskExamples.obj (.data)
                  200107b4    00000008     timers.obj (.data)
                  200107bc    00000004     rtsv7M4_T_le_v4SPD16_eabi.lib : errno.c.obj (.data)

.stack     0    200107c0    00000200     UNINITIALIZED
                  200107c0    00000004     rtsv7M4_T_le_v4SPD16_eabi.lib : boot_cortex_m.c.obj (.stack)
                  200107c4    000001fc     --HOLE--

.sysmem    0    200109c0    00000200     UNINITIALIZED
                  200109c0    00000010     rtsv7M4_T_le_v4SPD16_eabi.lib : memory.c.obj (.sysmem)
                  200109d0    000001f0     --HOLE--

__llvm_prf_cnts 
*          0    20000000    00000000     UNINITIALIZED

MODULE SUMMARY

       Module                          code    ro data   rw data
       ------                          ----    -------   -------
    .\
       tm4c129encpdt_startup_ccs.obj   12      520       0      
    +--+-------------------------------+-------+---------+---------+
       Total:                          12      520       0      
                                                                
    .\Core\src\
       taskExamples.obj                516     0         8      
       main.obj                        10      0         0      
    +--+-------------------------------+-------+---------+---------+
       Total:                          526     0         8      
                                                                
    .\Driverlib\
       sysctl.obj                      3974    596       0      
       interrupt.obj                   960     268       620    
       cpu.obj                         62      0         0      
    +--+-------------------------------+-------+---------+---------+
       Total:                          4996    864       620    
                                                                
    .\ThirdParty\FreeRTOS\Source\
       tasks.obj                       6828    0         256    
       queue.obj                       3304    0         64     
       timers.obj                      1556    0         56     
       list.obj                        298     0         0      
    +--+-------------------------------+-------+---------+---------+
       Total:                          11986   0         376    
                                                                
    .\ThirdParty\FreeRTOS\Source\portable\CCS\ARM_CM4F\
       port.obj                        664     8         12     
       portasm.obj                     210     0         0      
    +--+-------------------------------+-------+---------+---------+
       Total:                          874     8         12     
                                                                
    .\ThirdParty\FreeRTOS\Source\portable\MemMang\
       heap_4.obj                      876     0         65560  
    +--+-------------------------------+-------+---------+---------+
       Total:                          876     0         65560  
                                                                
    C:\ti\ccs1240\ccs\tools\compiler\ti-cgt-arm_20.2.7.LTS\lib\rtsv7M4_T_le_v4SPD16_eabi.lib
       _printfi.c.obj                  4851    0         0      
       memory.c.obj                    672     0         8      
       fd_add_t2.asm.obj               438     0         0      
       defs.c.obj                      0       0         416    
       trgmsg.c.obj                    108     0         288    
       fd_div_t2.asm.obj               310     0         0      
       fputs.c.obj                     308     0         0      
       s_scalbn.c.obj                  272     0         0      
       fd_cmp_t2.asm.obj               268     0         0      
       ctype.c.obj                     0       257       0      
       fd_mul_t2.asm.obj               252     0         0      
       setvbuf.c.obj                   220     0         0      
       fflush.c.obj                    200     0         0      
       host_device.c.obj               0       0         200    
       memcpy_t2.asm.obj               156     0         0      
       ull_div_t2.asm.obj              150     0         0      
       fputc.c.obj                     140     0         0      
       memset_t2.asm.obj               122     0         0      
       fclose.c.obj                    116     0         0      
       getdevice.c.obj                 116     0         0      
       printf.c.obj                    112     0         0      
       hostrename.c.obj                108     0         0      
       copy_decompress_lzss.c.obj      104     0         0      
       hostlseek.c.obj                 104     0         0      
       hostopen.c.obj                  96      0         8      
       fseek.c.obj                     100     0         0      
       s_frexp.c.obj                   100     0         0      
       _io_perm.c.obj                  98      0         0      
       close.c.obj                     92      0         0      
       exit.c.obj                      76      0         12     
       hostread.c.obj                  88      0         0      
       hostwrite.c.obj                 88      0         0      
       _ltoa.c.obj                     84      0         0      
       atoi.c.obj                      76      0         0      
       fd_toi_t2.asm.obj               72      0         0      
       autoinit.c.obj                  68      0         0      
       hostclose.c.obj                 68      0         0      
       hostunlink.c.obj                68      0         0      
       strncpy.c.obj                   54      0         0      
       boot_cortex_m.c.obj             52      0         0      
       fopen.c.obj                     52      0         0      
       i_tofd_t2.asm.obj               46      0         0      
       unlink.c.obj                    44      0         0      
       lseek.c.obj                     40      0         0      
       write.c.obj                     40      0         0      
       memchr.c.obj                    32      0         0      
       memccpy.c.obj                   28      0         0      
       s_copysign.c.obj                26      0         0      
       strcmp.c.obj                    24      0         0      
       strchr.c.obj                    22      0         0      
       strcpy.c.obj                    20      0         0      
       strlen.c.obj                    20      0         0      
       wcslen.c.obj                    18      0         0      
       copy_decompress_none.c.obj      14      0         0      
       copy_zero_init.c.obj            12      0         0      
       errno.c.obj                     8       0         4      
       _lock.c.obj                     2       0         8      
       pre_init.c.obj                  4       0         0      
       div0.asm.obj                    2       0         0      
    +--+-------------------------------+-------+---------+---------+
       Total:                          10861   257       944    
                                                                
       Heap:                           0       0         512    
       Stack:                          0       0         512    
       Linker Generated:               0       171       0      
    +--+-------------------------------+-------+---------+---------+
       Grand Total:                    30131   1820      68544  


LINKER GENERATED COPY TABLES

__TI_cinit_table @ 00007cd0 records: 3, size/record: 8, table size: 24
	.data: load addr=00007c38, load size=00000077 bytes, run addr=2001057c, run size=00000244 bytes, compression=lzss
	.bss: load addr=00007cc0, load size=00000008 bytes, run addr=2000026c, run size=00010310 bytes, compression=zero_init
	.vtable: load addr=00007cc8, load size=00000008 bytes, run addr=20000000, run size=0000026c bytes, compression=zero_init


LINKER GENERATED HANDLER TABLE

__TI_handler_table @ 00007cb0 records: 3, size/record: 4, table size: 12
	index: 0, handler: __TI_zero_init
	index: 1, handler: __TI_decompress_lzss
	index: 2, handler: __TI_decompress_none


GLOBAL SYMBOLS: SORTED ALPHABETICALLY BY Name 

address   name                             
-------   ----                             
000077c7  C$$EXIT                          
00007497  C$$IO$$                          
0000745f  CPUbasepriGet                    
00007451  CPUbasepriSet                    
0000742b  CPUcpsid                         
00007441  CPUcpsie                         
00007437  CPUprimask                       
0000744d  CPUwfi                           
000072dd  HOSTclose                        
00006ce9  HOSTlseek                        
00006f4d  HOSTopen                         
00007009  HOSTread                         
00006c7d  HOSTrename                       
00007321  HOSTunlink                       
00007061  HOSTwrite                        
00004b41  IntDisable                       
00004acf  IntEnable                        
00004bb3  IntIsEnabled                     
00004993  IntMasterDisable                 
00004983  IntMasterEnable                  
00004ca9  IntPendClear                     
00004c39  IntPendSet                       
00004aab  IntPriorityGet                   
00004a23  IntPriorityGroupingGet           
00004a09  IntPriorityGroupingSet           
00004d03  IntPriorityMaskGet               
00004cf7  IntPriorityMaskSet               
00004a5b  IntPrioritySet                   
000049a3  IntRegister                      
00004d0b  IntTrigger                       
000049f5  IntUnregister                    
0000778d  ResetISR                         
00002bf1  SysCtlAltClkConfig               
00002319  SysCtlClockFreqSet               
000027e1  SysCtlClockGet                   
00002bd5  SysCtlClockOutConfig             
00002611  SysCtlClockSet                   
0000221d  SysCtlDeepSleep                  
000029a5  SysCtlDeepSleepClockConfigSet    
00002987  SysCtlDeepSleepClockSet          
000021fd  SysCtlDeepSleepPowerSet          
000077b5  SysCtlDelay                      
00001dab  SysCtlFlashSectorSizeGet         
00001d7f  SysCtlFlashSizeGet               
00002a7b  SysCtlGPIOAHBDisable             
00002a5f  SysCtlGPIOAHBEnable              
00002191  SysCtlIntClear                   
00002179  SysCtlIntDisable                 
00002165  SysCtlIntEnable                  
0000213d  SysCtlIntRegister                
000021a1  SysCtlIntStatus                  
00002155  SysCtlIntUnregister              
000021e3  SysCtlLDODeepSleepGet            
000021d3  SysCtlLDODeepSleepSet            
000021cd  SysCtlLDOSleepGet                
000021bd  SysCtlLDOSleepSet                
00002253  SysCtlMOSCConfigSet              
00002bb9  SysCtlNMIClear                   
00002ba5  SysCtlNMIStatus                  
00002269  SysCtlPIOSCCalibrate             
00002a49  SysCtlPWMClockGet                
00002a2f  SysCtlPWMClockSet                
000020e9  SysCtlPeripheralClockGating      
000020a1  SysCtlPeripheralDeepSleepDisable 
00002051  SysCtlPeripheralDeepSleepEnable  
00001f8d  SysCtlPeripheralDisable          
00001f51  SysCtlPeripheralEnable           
00001e8d  SysCtlPeripheralPowerOff         
00001e51  SysCtlPeripheralPowerOn          
00001dd1  SysCtlPeripheralPresent          
00001e11  SysCtlPeripheralReady            
00001ec9  SysCtlPeripheralReset            
00002015  SysCtlPeripheralSleepDisable     
00001fd1  SysCtlPeripheralSleepEnable      
0000220d  SysCtlReset                      
000022c9  SysCtlResetBehaviorGet           
000022b9  SysCtlResetBehaviorSet           
0000223f  SysCtlResetCauseClear            
00002239  SysCtlResetCauseGet              
00001d75  SysCtlSRAMSizeGet                
00002215  SysCtlSleep                      
000021e9  SysCtlSleepPowerSet              
00002aa3  SysCtlUSBPLLDisable              
00002a97  SysCtlUSBPLLEnable               
00002ae9  SysCtlVCOGet                     
00002ad1  SysCtlVoltageEventClear          
00002ab5  SysCtlVoltageEventConfig         
00002ac5  SysCtlVoltageEventStatus         
00005673  Task1Handler                     
000056a7  Task2Handler                     
2001026c  __CIOBUF_                        
200109c0  __STACK_END                      
00000200  __STACK_SIZE                     
200109c0  __STACK_TOP                      
00000200  __SYSMEM_SIZE                    
00007cd0  __TI_CINIT_Base                  
00007ce8  __TI_CINIT_Limit                 
00007cb0  __TI_Handler_Table_Base          
00007cbc  __TI_Handler_Table_Limit         
00007365  __TI_auto_init_nobinit_nopinit   
000074d9  __TI_cleanup                     
20010784  __TI_cleanup_ptr                 
00006b29  __TI_closefile                   
00006d51  __TI_decompress_lzss             
00007773  __TI_decompress_none             
000071b5  __TI_doflush                     
20010788  __TI_dtors_ptr                   
2001078c  __TI_enable_exit_profile_output  
20010774  __TI_ft_end                      
0000710f  __TI_ltoa                        
ffffffff  __TI_pprof_out_hndl              
0000391d  __TI_printfi                     
ffffffff  __TI_prof_data_size              
ffffffff  __TI_prof_data_start             
0000750d  __TI_readmsg                     
00000000  __TI_static_base__               
2001038c  __TI_tmpnams                     
00007469  __TI_writemsg                    
00006ee9  __TI_wrt_ok                      
00007781  __TI_zero_init                   
00006925  __aeabi_cdcmpeq                  
00006925  __aeabi_cdcmple                  
000069ab  __aeabi_cdrcmple                 
00007295  __aeabi_d2iz                     
00005993  __aeabi_dadd                     
00005c7d  __aeabi_ddiv                     
00006325  __aeabi_dmul                     
00005989  __aeabi_dsub                     
000077a5  __aeabi_errno_addr               
000075a5  __aeabi_i2d                      
00005b3f  __aeabi_idiv0                    
00005b3f  __aeabi_ldiv0                    
00006aad  __aeabi_memclr                   
00006aad  __aeabi_memclr4                  
00006aad  __aeabi_memclr8                  
00006767  __aeabi_memcpy                   
00006767  __aeabi_memcpy4                  
00006767  __aeabi_memcpy8                  
00006aaf  __aeabi_memset                   
00006aaf  __aeabi_memset4                  
00006aaf  __aeabi_memset8                  
20010780  __aeabi_stderr                   
20010778  __aeabi_stdin                    
2001077c  __aeabi_stdout                   
00006803  __aeabi_uldivmod                 
ffffffff  __binit__                        
ffffffff  __c_args__                       
UNDEFED   __mpu_init                       
200107c0  __stack                          
20000000  __start___llvm_prf_cnts          
20000000  __stop___llvm_prf_cnts           
00007541  _c_int00_noargs                  
0000797c  _ctypes_                         
2001066c  _device                          
2001057c  _ftable                          
2001079c  _lock                            
0000436b  _nop                             
200106e4  _stream                          
200109c0  _sys_memory                      
UNDEFED   _system_post_cinit               
000077c3  _system_pre_init                 
200107a0  _unlock                          
000077c7  abort                            
00006225  aligned_alloc                    
00007201  atoi                             
ffffffff  binit                            
00006fad  close                            
000076f1  copysign                         
000076f1  copysignl                        
200107bc  errno                            
0000724d  exit                             
00006a31  fflush                           
00007575  finddevice                       
00006899  fputc                            
00006001  fputs                            
00006421  free                             
00006e21  frexp                            
00006e21  frexpl                           
00006e85  fseek                            
20000000  g_pfnRAMVectors                  
00000000  g_pfnVectors                     
000073a9  getdevice                        
00006115  ldexp                            
00006115  ldexpl                           
00007629  lseek                            
00007799  main                             
000077ad  malloc                           
00006225  memalign                         
000076d5  memccpy                          
00007679  memchr                           
00006767  memcpy                           
00006ab5  memset                           
20010574  parmbuf                          
00004497  pcTimerGetTimerName              
00006db9  printf                           
00006899  putc                             
00007699  puts                             
00004d41  pvPortMalloc                     
00001773  pvTaskIncrementMutexHeldCount    
0000490f  pvTimerGetTimerID                
20010734  pxCurrentTCB                     
000050ad  pxPortInitialiseStack            
000075d5  remove                           
00006115  scalbn                           
00006115  scalbnl                          
00006505  setvbuf                          
00007723  strchr                           
0000770b  strcmp                           
00007739  strcpy                           
0000774d  strlen                           
000074a1  strncpy                          
200107ac  task1Handle                      
200107b0  task2Handle                      
000055b5  taskExamples                     
0000361b  ucQueueGetQueueType              
00007c30  ulMaxSyscallInterruptPriority    
000065f1  ulPortGetIPSR                    
00001791  ulTaskNotifyTake                 
000075d5  unlink                           
00005e95  uxListRemove                     
000035fb  uxQueueGetQueueNumber            
00003563  uxQueueMessagesWaiting           
000035bb  uxQueueMessagesWaitingFromISR    
0000358d  uxQueueSpacesAvailable           
00000b51  uxTaskGetNumberOfTasks           
00000b57  uxTaskGetSystemState             
00001175  uxTaskGetTaskNumber              
000005a1  uxTaskPriorityGet                
000005c9  uxTaskPriorityGetFromISR         
00001751  uxTaskResetEventItemValue        
000056db  vAssertCalled                    
00005db3  vListInitialise                  
00005de3  vListInitialiseItem              
00005e2f  vListInsert                      
00005df3  vListInsertEnd                   
000066a5  vPortEnableVFP                   
000051c3  vPortEndScheduler                
000051e3  vPortEnterCritical               
00005221  vPortExitCritical                
00004e83  vPortFree                        
00004f15  vPortInitialiseBlocks            
00006669  vPortSVCHandler                  
0000526f  vPortSetupTimerInterrupt         
00006689  vPortStartFirstTask              
0000527d  vPortValidateInterruptPriority   
00003841  vQueueAddToRegistry              
000035d7  vQueueDelete                     
00003609  vQueueSetQueueNumber             
00003883  vQueueUnregisterQueue            
000038bd  vQueueWaitForMessageRestricted   
00000525  vTaskDelay                       
0000040d  vTaskDelayUntil                  
0000035b  vTaskDelete                      
00000a01  vTaskEndScheduler                
00001167  vTaskMissedYield                 
00001b8f  vTaskNotifyGiveFromISR           
00000df9  vTaskPlaceOnEventList            
00000f09  vTaskPlaceOnEventListRestricted  
00000e6d  vTaskPlaceOnUnorderedEventList   
000015d1  vTaskPriorityInherit             
00000619  vTaskPrioritySet                 
0000085b  vTaskResume                      
00001195  vTaskSetTaskNumber               
000010a7  vTaskSetTimeOutState             
0000098d  vTaskStartScheduler              
00000745  vTaskSuspend                     
00000a1d  vTaskSuspendAll                  
00000d75  vTaskSwitchContext               
00004937  vTimerSetTimerID                 
00007761  wcslen                           
00007651  write                            
00004f09  xPortGetFreeHeapSize             
00004f0f  xPortGetMinimumEverFreeHeapSize  
00006609  xPortPendSVHandler               
0000512f  xPortStartScheduler              
00005249  xPortSysTickHandler              
00002e89  xQueueCreateCountingSemaphore    
00002d71  xQueueCreateMutex                
00002cdf  xQueueGenericCreate              
00003259  xQueueGenericReceive             
00002c35  xQueueGenericReset               
00002f11  xQueueGenericSend                
000030a5  xQueueGenericSendFromISR         
0000318b  xQueueGiveFromISR                
00002de7  xQueueGiveMutexRecursive         
000037c9  xQueueIsQueueEmptyFromISR        
00003815  xQueueIsQueueFullFromISR         
000034c9  xQueuePeekFromISR                
00003411  xQueueReceiveFromISR             
20010490  xQueueRegistry                   
00002e31  xQueueTakeMutexRecursive         
000010d1  xTaskCheckForTimeOut             
00000209  xTaskGenericCreate               
00001943  xTaskGenericNotify               
00001a65  xTaskGenericNotifyFromISR        
00001589  xTaskGetCurrentTaskHandle        
000015a1  xTaskGetSchedulerState           
00000b2d  xTaskGetTickCount                
00000b3d  xTaskGetTickCountFromISR         
00000c35  xTaskIncrementTick               
00001c5d  xTaskNotifyStateClear            
00001859  xTaskNotifyWait                  
0000168b  xTaskPriorityDisinherit          
00000f79  xTaskRemoveFromEventList         
00001009  xTaskRemoveFromUnorderedEventList
00000a35  xTaskResumeAll                   
000008e9  xTaskResumeFromISR               
000043b5  xTimerCreate                     
0000436d  xTimerCreateTimerTask            
0000441d  xTimerGenericCommand             
000048d5  xTimerIsTimerActive              


GLOBAL SYMBOLS: SORTED BY Symbol Address 

address   name                             
-------   ----                             
00000000  __TI_static_base__               
00000000  g_pfnVectors                     
00000200  __STACK_SIZE                     
00000200  __SYSMEM_SIZE                    
00000209  xTaskGenericCreate               
0000035b  vTaskDelete                      
0000040d  vTaskDelayUntil                  
00000525  vTaskDelay                       
000005a1  uxTaskPriorityGet                
000005c9  uxTaskPriorityGetFromISR         
00000619  vTaskPrioritySet                 
00000745  vTaskSuspend                     
0000085b  vTaskResume                      
000008e9  xTaskResumeFromISR               
0000098d  vTaskStartScheduler              
00000a01  vTaskEndScheduler                
00000a1d  vTaskSuspendAll                  
00000a35  xTaskResumeAll                   
00000b2d  xTaskGetTickCount                
00000b3d  xTaskGetTickCountFromISR         
00000b51  uxTaskGetNumberOfTasks           
00000b57  uxTaskGetSystemState             
00000c35  xTaskIncrementTick               
00000d75  vTaskSwitchContext               
00000df9  vTaskPlaceOnEventList            
00000e6d  vTaskPlaceOnUnorderedEventList   
00000f09  vTaskPlaceOnEventListRestricted  
00000f79  xTaskRemoveFromEventList         
00001009  xTaskRemoveFromUnorderedEventList
000010a7  vTaskSetTimeOutState             
000010d1  xTaskCheckForTimeOut             
00001167  vTaskMissedYield                 
00001175  uxTaskGetTaskNumber              
00001195  vTaskSetTaskNumber               
00001589  xTaskGetCurrentTaskHandle        
000015a1  xTaskGetSchedulerState           
000015d1  vTaskPriorityInherit             
0000168b  xTaskPriorityDisinherit          
00001751  uxTaskResetEventItemValue        
00001773  pvTaskIncrementMutexHeldCount    
00001791  ulTaskNotifyTake                 
00001859  xTaskNotifyWait                  
00001943  xTaskGenericNotify               
00001a65  xTaskGenericNotifyFromISR        
00001b8f  vTaskNotifyGiveFromISR           
00001c5d  xTaskNotifyStateClear            
00001d75  SysCtlSRAMSizeGet                
00001d7f  SysCtlFlashSizeGet               
00001dab  SysCtlFlashSectorSizeGet         
00001dd1  SysCtlPeripheralPresent          
00001e11  SysCtlPeripheralReady            
00001e51  SysCtlPeripheralPowerOn          
00001e8d  SysCtlPeripheralPowerOff         
00001ec9  SysCtlPeripheralReset            
00001f51  SysCtlPeripheralEnable           
00001f8d  SysCtlPeripheralDisable          
00001fd1  SysCtlPeripheralSleepEnable      
00002015  SysCtlPeripheralSleepDisable     
00002051  SysCtlPeripheralDeepSleepEnable  
000020a1  SysCtlPeripheralDeepSleepDisable 
000020e9  SysCtlPeripheralClockGating      
0000213d  SysCtlIntRegister                
00002155  SysCtlIntUnregister              
00002165  SysCtlIntEnable                  
00002179  SysCtlIntDisable                 
00002191  SysCtlIntClear                   
000021a1  SysCtlIntStatus                  
000021bd  SysCtlLDOSleepSet                
000021cd  SysCtlLDOSleepGet                
000021d3  SysCtlLDODeepSleepSet            
000021e3  SysCtlLDODeepSleepGet            
000021e9  SysCtlSleepPowerSet              
000021fd  SysCtlDeepSleepPowerSet          
0000220d  SysCtlReset                      
00002215  SysCtlSleep                      
0000221d  SysCtlDeepSleep                  
00002239  SysCtlResetCauseGet              
0000223f  SysCtlResetCauseClear            
00002253  SysCtlMOSCConfigSet              
00002269  SysCtlPIOSCCalibrate             
000022b9  SysCtlResetBehaviorSet           
000022c9  SysCtlResetBehaviorGet           
00002319  SysCtlClockFreqSet               
00002611  SysCtlClockSet                   
000027e1  SysCtlClockGet                   
00002987  SysCtlDeepSleepClockSet          
000029a5  SysCtlDeepSleepClockConfigSet    
00002a2f  SysCtlPWMClockSet                
00002a49  SysCtlPWMClockGet                
00002a5f  SysCtlGPIOAHBEnable              
00002a7b  SysCtlGPIOAHBDisable             
00002a97  SysCtlUSBPLLEnable               
00002aa3  SysCtlUSBPLLDisable              
00002ab5  SysCtlVoltageEventConfig         
00002ac5  SysCtlVoltageEventStatus         
00002ad1  SysCtlVoltageEventClear          
00002ae9  SysCtlVCOGet                     
00002ba5  SysCtlNMIStatus                  
00002bb9  SysCtlNMIClear                   
00002bd5  SysCtlClockOutConfig             
00002bf1  SysCtlAltClkConfig               
00002c35  xQueueGenericReset               
00002cdf  xQueueGenericCreate              
00002d71  xQueueCreateMutex                
00002de7  xQueueGiveMutexRecursive         
00002e31  xQueueTakeMutexRecursive         
00002e89  xQueueCreateCountingSemaphore    
00002f11  xQueueGenericSend                
000030a5  xQueueGenericSendFromISR         
0000318b  xQueueGiveFromISR                
00003259  xQueueGenericReceive             
00003411  xQueueReceiveFromISR             
000034c9  xQueuePeekFromISR                
00003563  uxQueueMessagesWaiting           
0000358d  uxQueueSpacesAvailable           
000035bb  uxQueueMessagesWaitingFromISR    
000035d7  vQueueDelete                     
000035fb  uxQueueGetQueueNumber            
00003609  vQueueSetQueueNumber             
0000361b  ucQueueGetQueueType              
000037c9  xQueueIsQueueEmptyFromISR        
00003815  xQueueIsQueueFullFromISR         
00003841  vQueueAddToRegistry              
00003883  vQueueUnregisterQueue            
000038bd  vQueueWaitForMessageRestricted   
0000391d  __TI_printfi                     
0000436b  _nop                             
0000436d  xTimerCreateTimerTask            
000043b5  xTimerCreate                     
0000441d  xTimerGenericCommand             
00004497  pcTimerGetTimerName              
000048d5  xTimerIsTimerActive              
0000490f  pvTimerGetTimerID                
00004937  vTimerSetTimerID                 
00004983  IntMasterEnable                  
00004993  IntMasterDisable                 
000049a3  IntRegister                      
000049f5  IntUnregister                    
00004a09  IntPriorityGroupingSet           
00004a23  IntPriorityGroupingGet           
00004a5b  IntPrioritySet                   
00004aab  IntPriorityGet                   
00004acf  IntEnable                        
00004b41  IntDisable                       
00004bb3  IntIsEnabled                     
00004c39  IntPendSet                       
00004ca9  IntPendClear                     
00004cf7  IntPriorityMaskSet               
00004d03  IntPriorityMaskGet               
00004d0b  IntTrigger                       
00004d41  pvPortMalloc                     
00004e83  vPortFree                        
00004f09  xPortGetFreeHeapSize             
00004f0f  xPortGetMinimumEverFreeHeapSize  
00004f15  vPortInitialiseBlocks            
000050ad  pxPortInitialiseStack            
0000512f  xPortStartScheduler              
000051c3  vPortEndScheduler                
000051e3  vPortEnterCritical               
00005221  vPortExitCritical                
00005249  xPortSysTickHandler              
0000526f  vPortSetupTimerInterrupt         
0000527d  vPortValidateInterruptPriority   
000055b5  taskExamples                     
00005673  Task1Handler                     
000056a7  Task2Handler                     
000056db  vAssertCalled                    
00005989  __aeabi_dsub                     
00005993  __aeabi_dadd                     
00005b3f  __aeabi_idiv0                    
00005b3f  __aeabi_ldiv0                    
00005c7d  __aeabi_ddiv                     
00005db3  vListInitialise                  
00005de3  vListInitialiseItem              
00005df3  vListInsertEnd                   
00005e2f  vListInsert                      
00005e95  uxListRemove                     
00006001  fputs                            
00006115  ldexp                            
00006115  ldexpl                           
00006115  scalbn                           
00006115  scalbnl                          
00006225  aligned_alloc                    
00006225  memalign                         
00006325  __aeabi_dmul                     
00006421  free                             
00006505  setvbuf                          
000065f1  ulPortGetIPSR                    
00006609  xPortPendSVHandler               
00006669  vPortSVCHandler                  
00006689  vPortStartFirstTask              
000066a5  vPortEnableVFP                   
00006767  __aeabi_memcpy                   
00006767  __aeabi_memcpy4                  
00006767  __aeabi_memcpy8                  
00006767  memcpy                           
00006803  __aeabi_uldivmod                 
00006899  fputc                            
00006899  putc                             
00006925  __aeabi_cdcmpeq                  
00006925  __aeabi_cdcmple                  
000069ab  __aeabi_cdrcmple                 
00006a31  fflush                           
00006aad  __aeabi_memclr                   
00006aad  __aeabi_memclr4                  
00006aad  __aeabi_memclr8                  
00006aaf  __aeabi_memset                   
00006aaf  __aeabi_memset4                  
00006aaf  __aeabi_memset8                  
00006ab5  memset                           
00006b29  __TI_closefile                   
00006c7d  HOSTrename                       
00006ce9  HOSTlseek                        
00006d51  __TI_decompress_lzss             
00006db9  printf                           
00006e21  frexp                            
00006e21  frexpl                           
00006e85  fseek                            
00006ee9  __TI_wrt_ok                      
00006f4d  HOSTopen                         
00006fad  close                            
00007009  HOSTread                         
00007061  HOSTwrite                        
0000710f  __TI_ltoa                        
000071b5  __TI_doflush                     
00007201  atoi                             
0000724d  exit                             
00007295  __aeabi_d2iz                     
000072dd  HOSTclose                        
00007321  HOSTunlink                       
00007365  __TI_auto_init_nobinit_nopinit   
000073a9  getdevice                        
0000742b  CPUcpsid                         
00007437  CPUprimask                       
00007441  CPUcpsie                         
0000744d  CPUwfi                           
00007451  CPUbasepriSet                    
0000745f  CPUbasepriGet                    
00007469  __TI_writemsg                    
00007497  C$$IO$$                          
000074a1  strncpy                          
000074d9  __TI_cleanup                     
0000750d  __TI_readmsg                     
00007541  _c_int00_noargs                  
00007575  finddevice                       
000075a5  __aeabi_i2d                      
000075d5  remove                           
000075d5  unlink                           
00007629  lseek                            
00007651  write                            
00007679  memchr                           
00007699  puts                             
000076d5  memccpy                          
000076f1  copysign                         
000076f1  copysignl                        
0000770b  strcmp                           
00007723  strchr                           
00007739  strcpy                           
0000774d  strlen                           
00007761  wcslen                           
00007773  __TI_decompress_none             
00007781  __TI_zero_init                   
0000778d  ResetISR                         
00007799  main                             
000077a5  __aeabi_errno_addr               
000077ad  malloc                           
000077b5  SysCtlDelay                      
000077c3  _system_pre_init                 
000077c7  C$$EXIT                          
000077c7  abort                            
0000797c  _ctypes_                         
00007c30  ulMaxSyscallInterruptPriority    
00007cb0  __TI_Handler_Table_Base          
00007cbc  __TI_Handler_Table_Limit         
00007cd0  __TI_CINIT_Base                  
00007ce8  __TI_CINIT_Limit                 
20000000  __start___llvm_prf_cnts          
20000000  __stop___llvm_prf_cnts           
20000000  g_pfnRAMVectors                  
2001026c  __CIOBUF_                        
2001038c  __TI_tmpnams                     
20010490  xQueueRegistry                   
20010574  parmbuf                          
2001057c  _ftable                          
2001066c  _device                          
200106e4  _stream                          
20010734  pxCurrentTCB                     
20010774  __TI_ft_end                      
20010778  __aeabi_stdin                    
2001077c  __aeabi_stdout                   
20010780  __aeabi_stderr                   
20010784  __TI_cleanup_ptr                 
20010788  __TI_dtors_ptr                   
2001078c  __TI_enable_exit_profile_output  
2001079c  _lock                            
200107a0  _unlock                          
200107ac  task1Handle                      
200107b0  task2Handle                      
200107bc  errno                            
200107c0  __stack                          
200109c0  __STACK_END                      
200109c0  __STACK_TOP                      
200109c0  _sys_memory                      
ffffffff  __TI_pprof_out_hndl              
ffffffff  __TI_prof_data_size              
ffffffff  __TI_prof_data_start             
ffffffff  __binit__                        
ffffffff  __c_args__                       
ffffffff  binit                            
UNDEFED   __mpu_init                       
UNDEFED   _system_post_cinit               

[311 symbols]
